123.4.5.3 - - [03/Sep/2013:21:35:18 -0600] "GET /products/desk/ HTTP/1.1" 200 3327 "-" "Mozilla/5.0 (Macintosh; Intel Mac OS X 10.8; rv:23.0) Gecko/20100101 Firefox/23.0"
123.4.5.1 - - [03/Sep/2013:21:35:28 -0600] "GET /team/ HTTP/1.1" 200 3327 "-" "Mozilla/5.0 (Macintosh; Intel Mac OS X 10_8_4) AppleWebKit/537.36 (KHTML, like Gecko) Chrome/29.0.1547.65 Safari/537.36"
123.4.5.2 - - [03/Sep/2013:21:35:38 -0600] "GET /products/car/ HTTP/1.1" 200 3327 "-" "Mozilla/5.0 (Macintosh; Intel Mac OS X 10_8_4) AppleWebKit/537.36 (KHTML, like Gecko) Chrome/29.0.1547.65 Safari/537.36"
123.4.5.3 - - [03/Sep/2013:21:35:48 -0600] "GET /contact/ HTTP/1.1" 200 3327 "-" "Mozilla/5.0 (Macintosh; Intel Mac OS X 10.8; rv:23.0) Gecko/20100101 Firefox/23.0"
123.4.5.8 - - [03/Sep/2013:21:35:58 -0600] "GET /admin/ HTTP/1.1" 200 3327 "-" "Mozilla/5.0 (Macintosh; Intel Mac OS X 10_8_4) AppleWebKit/537.36 (KHTML, like Gecko) Chrome/29.0.1547.65 Safari/537.36"
123.4.5.1 - - [03/Sep/2013:21:36:08 -0600] "GET /about/ HTTP/1.1" 200 3327 "-" "Mozilla/5.0 (Macintosh; Intel Mac OS X 10.8; rv:23.0) Gecko/20100101 Firefox/23.0"
123.4.5.9 - - [03/Sep/2013:21:36:18 -0600] "GET /login/ HTTP/1.1" 200 3327 "-" "Mozilla/5.0 (Macintosh; Intel Mac OS X 10_8_4) AppleWebKit/537.36 (KHTML, like Gecko) Chrome/29.0.1547.65 Safari/537.36"
123.4.5.1 - - [03/Sep/2013:21:36:28 -0600] "GET /products/phone/ HTTP/1.1" 200 3327 "-" "Mozilla/5.0 (Macintosh; Intel Mac OS X 10_8_4) AppleWebKit/537.36 (KHTML, like Gecko) Chrome/29.0.1547.65 Safari/537.36"
123.4.5.3 - - [03/Sep/2013:21:36:38 -0600] "GET /products/phone/ HTTP/1.1" 200 3327 "-" "Mozilla/5.0 (Macintosh; Intel Mac OS X 10_8_4) AppleWebKit/537.36 (KHTML, like Gecko) Chrome/29.0.1547.65 Safari/537.36"
123.4.5.8 - - [03/Sep/2013:21:36:48 -0600] "GET /products/car/ HTTP/1.1" 200 3327 "-" "Mozilla/5.0 (Macintosh; Intel Mac OS X 10_8_4) AppleWebKit/537.36 (KHTML, like Gecko) Chrome/29.0.1547.65 Safari/537.36"
123.4.5.4 - - [03/Sep/2013:21:36:58 -0600] "GET /about/ HTTP/1.1" 200 3327 "-" "Mozilla/5.0 (Macintosh; Intel Mac OS X 10.8; rv:23.0) Gecko/20100101 Firefox/23.0"
123.4.5.3 - - [03/Sep/2013:21:37:08 -0600] "GET /jobs/ HTTP/1.1" 500 821 "-" "Mozilla/5.0 (Macintosh; Intel Mac OS X 10_8_4) AppleWebKit/537.36 (KHTML, like Gecko) Chrome/29.0.1547.65 Safari/537.36"
123.4.5.4 - - [03/Sep/2013:21:37:18 -0600] "GET /team/ HTTP/1.1" 200 3327 "-" "Mozilla/5.0 (Macintosh; Intel Mac OS X 10_8_4) AppleWebKit/537.36 (KHTML, like Gecko) Chrome/29.0.1547.65 Safari/537.36"
123.4.5.1 - - [03/Sep/2013:21:37:28 -0600] "GET /team/ HTTP/1.1" 500 821 "-" "Mozilla/5.0 (Macintosh; Intel Mac OS X 10.8; rv:23.0) Gecko/20100101 Firefox/23.0"
123.4.5.1 - - [03/Sep/2013:21:37:38 -0600] "GET /products/desk/ HTTP/1.1" 200 3327 "-" "Mozilla/5.0 (Macintosh; Intel Mac OS X 10.8; rv:23.0) Gecko/20100101 Firefox/23.0"
123.4.5.3 - - [03/Sep/2013:21:37:48 -0600] "GET /products/desk/ HTTP/1.1" 200 3327 "-" "Mozilla/5.0 (Macintosh; Intel Mac OS X 10_8_4) AppleWebKit/537.36 (KHTML, like Gecko) Chrome/29.0.1547.65 Safari/537.36"
123.4.5.6 - - [03/Sep/2013:21:37:58 -0600] "GET /products/desk/ HTTP/1.1" 200 3327 "-" "Mozilla/5.0 (Macintosh; Intel Mac OS X 10_8_4) AppleWebKit/537.36 (KHTML, like Gecko) Chrome/29.0.1547.65 Safari/537.36"
123.4.5.9 - - [03/Sep/2013:21:38:08 -0600] "GET /products/ HTTP/1.1" 200 3327 "-" "Mozilla/5.0 (Macintosh; Intel Mac OS X 10.8; rv:23.0) Gecko/20100101 Firefox/23.0"
123.4.5.4 - - [03/Sep/2013:21:38:18 -0600] "GET /access/ HTTP/1.1" 500 821 "-" "Mozilla/5.0 (Macintosh; Intel Mac OS X 10.8; rv:23.0) Gecko/20100101 Firefox/23.0"
123.4.5.3 - - [03/Sep/2013:21:38:28 -0600] "GET /admin/ HTTP/1.1" 200 3327 "-" "Mozilla/5.0 (Macintosh; Intel Mac OS X 10.8; rv:23.0) Gecko/20100101 Firefox/23.0"
123.4.5.6 - - [03/Sep/2013:21:38:38 -0600] "GET /products/desk/ HTTP/1.1" 200 3327 "-" "Mozilla/5.0 (Macintosh; Intel Mac OS X 10_8_4) AppleWebKit/537.36 (KHTML, like Gecko) Chrome/29.0.1547.65 Safari/537.36"
123.4.5.4 - - [03/Sep/2013:21:38:48 -0600] "GET /products/ HTTP/1.1" 200 3327 "-" "Mozilla/5.0 (Macintosh; Intel Mac OS X 10.8; rv:23.0) Gecko/20100101 Firefox/23.0"
123.4.5.5 - - [03/Sep/2013:21:38:58 -0600] "GET /access/ HTTP/1.1" 200 3327 "-" "Mozilla/5.0 (Macintosh; Intel Mac OS X 10.8; rv:23.0) Gecko/20100101 Firefox/23.0"
123.4.5.1 - - [03/Sep/2013:21:39:08 -0600] "GET /products/phone/ HTTP/1.1" 200 3327 "-" "Mozilla/5.0 (Macintosh; Intel Mac OS X 10.8; rv:23.0) Gecko/20100101 Firefox/23.0"
123.4.5.6 - - [03/Sep/2013:21:39:18 -0600] "GET /jobs/ HTTP/1.1" 200 3327 "-" "Mozilla/5.0 (Macintosh; Intel Mac OS X 10.8; rv:23.0) Gecko/20100101 Firefox/23.0"
123.4.5.4 - - [03/Sep/2013:21:39:28 -0600] "GET /products/car/ HTTP/1.1" 200 3327 "-" "Mozilla/5.0 (Macintosh; Intel Mac OS X 10_8_4) AppleWebKit/537.36 (KHTML, like Gecko) Chrome/29.0.1547.65 Safari/537.36"
123.4.5.2 - - [03/Sep/2013:21:39:38 -0600] "GET /products/ HTTP/1.1" 200 3327 "-" "Mozilla/5.0 (Macintosh; Intel Mac OS X 10.8; rv:23.0) Gecko/20100101 Firefox/23.0"
123.4.5.6 - - [03/Sep/2013:21:39:48 -0600] "GET /products/ HTTP/1.1" 200 3327 "-" "Mozilla/5.0 (Macintosh; Intel Mac OS X 10_8_4) AppleWebKit/537.36 (KHTML, like Gecko) Chrome/29.0.1547.65 Safari/537.36"
123.4.5.8 - - [03/Sep/2013:21:39:58 -0600] "GET /contact/ HTTP/1.1" 200 3327 "-" "Mozilla/5.0 (Macintosh; Intel Mac OS X 10.8; rv:23.0) Gecko/20100101 Firefox/23.0"
123.4.5.2 - - [03/Sep/2013:21:40:08 -0600] "GET /admin/ HTTP/1.1" 200 3327 "-" "Mozilla/5.0 (Macintosh; Intel Mac OS X 10.8; rv:23.0) Gecko/20100101 Firefox/23.0"
123.4.5.3 - - [03/Sep/2013:21:40:18 -0600] "GET /team/ HTTP/1.1" 200 3327 "-" "Mozilla/5.0 (Macintosh; Intel Mac OS X 10_8_4) AppleWebKit/537.36 (KHTML, like Gecko) Chrome/29.0.1547.65 Safari/537.36"
123.4.5.2 - - [03/Sep/2013:21:40:28 -0600] "GET /admin/ HTTP/1.1" 200 3327 "-" "Mozilla/5.0 (Macintosh; Intel Mac OS X 10_8_4) AppleWebKit/537.36 (KHTML, like Gecko) Chrome/29.0.1547.65 Safari/537.36"
123.4.5.3 - - [03/Sep/2013:21:40:38 -0600] "GET /login/ HTTP/1.1" 200 3327 "-" "Mozilla/5.0 (Macintosh; Intel Mac OS X 10.8; rv:23.0) Gecko/20100101 Firefox/23.0"
123.4.5.5 - - [03/Sep/2013:21:40:48 -0600] "GET /products/car/ HTTP/1.1" 200 3327 "-" "Mozilla/5.0 (Macintosh; Intel Mac OS X 10_8_4) AppleWebKit/537.36 (KHTML, like Gecko) Chrome/29.0.1547.65 Safari/537.36"
123.4.5.6 - - [03/Sep/2013:21:40:58 -0600] "GET /access/ HTTP/1.1" 200 3327 "-" "Mozilla/5.0 (Macintosh; Intel Mac OS X 10_8_4) AppleWebKit/537.36 (KHTML, like Gecko) Chrome/29.0.1547.65 Safari/537.36"
123.4.5.2 - - [03/Sep/2013:21:41:08 -0600] "GET /products/ HTTP/1.1" 200 3327 "-" "Mozilla/5.0 (Macintosh; Intel Mac OS X 10_8_4) AppleWebKit/537.36 (KHTML, like Gecko) Chrome/29.0.1547.65 Safari/537.36"
123.4.5.5 - - [03/Sep/2013:21:41:18 -0600] "GET /about/ HTTP/1.1" 200 3327 "-" "Mozilla/5.0 (Macintosh; Intel Mac OS X 10_8_4) AppleWebKit/537.36 (KHTML, like Gecko) Chrome/29.0.1547.65 Safari/537.36"
123.4.5.7 - - [03/Sep/2013:21:41:28 -0600] "GET /products/desk/ HTTP/1.1" 500 821 "-" "Mozilla/5.0 (Macintosh; Intel Mac OS X 10_8_4) AppleWebKit/537.36 (KHTML, like Gecko) Chrome/29.0.1547.65 Safari/537.36"
123.4.5.5 - - [03/Sep/2013:21:41:38 -0600] "GET /contact/ HTTP/1.1" 200 3327 "-" "Mozilla/5.0 (Macintosh; Intel Mac OS X 10_8_4) AppleWebKit/537.36 (KHTML, like Gecko) Chrome/29.0.1547.65 Safari/537.36"
123.4.5.5 - - [03/Sep/2013:21:41:48 -0600] "GET /admin/ HTTP/1.1" 200 3327 "-" "Mozilla/5.0 (Macintosh; Intel Mac OS X 10.8; rv:23.0) Gecko/20100101 Firefox/23.0"
123.4.5.7 - - [03/Sep/2013:21:41:58 -0600] "GET /admin/ HTTP/1.1" 500 821 "-" "Mozilla/5.0 (Macintosh; Intel Mac OS X 10_8_4) AppleWebKit/537.36 (KHTML, like Gecko) Chrome/29.0.1547.65 Safari/537.36"
123.4.5.1 - - [03/Sep/2013:21:42:08 -0600] "GET /admin/ HTTP/1.1" 500 821 "-" "Mozilla/5.0 (Macintosh; Intel Mac OS X 10_8_4) AppleWebKit/537.36 (KHTML, like Gecko) Chrome/29.0.1547.65 Safari/537.36"
123.4.5.8 - - [03/Sep/2013:21:42:18 -0600] "GET /products/desk/ HTTP/1.1" 500 821 "-" "Mozilla/5.0 (Macintosh; Intel Mac OS X 10_8_4) AppleWebKit/537.36 (KHTML, like Gecko) Chrome/29.0.1547.65 Safari/537.36"
123.4.5.8 - - [03/Sep/2013:21:42:28 -0600] "GET /jobs/ HTTP/1.1" 200 3327 "-" "Mozilla/5.0 (Macintosh; Intel Mac OS X 10.8; rv:23.0) Gecko/20100101 Firefox/23.0"
123.4.5.3 - - [03/Sep/2013:21:42:38 -0600] "GET /products/car/ HTTP/1.1" 200 3327 "-" "Mozilla/5.0 (Macintosh; Intel Mac OS X 10.8; rv:23.0) Gecko/20100101 Firefox/23.0"
123.4.5.7 - - [03/Sep/2013:21:42:48 -0600] "GET /about/ HTTP/1.1" 200 3327 "-" "Mozilla/5.0 (Macintosh; Intel Mac OS X 10.8; rv:23.0) Gecko/20100101 Firefox/23.0"
123.4.5.4 - - [03/Sep/2013:21:42:58 -0600] "GET /login/ HTTP/1.1" 200 3327 "-" "Mozilla/5.0 (Macintosh; Intel Mac OS X 10_8_4) AppleWebKit/537.36 (KHTML, like Gecko) Chrome/29.0.1547.65 Safari/537.36"
123.4.5.9 - - [03/Sep/2013:21:43:08 -0600] "GET /team/ HTTP/1.1" 200 3327 "-" "Mozilla/5.0 (Macintosh; Intel Mac OS X 10_8_4) AppleWebKit/537.36 (KHTML, like Gecko) Chrome/29.0.1547.65 Safari/537.36"
123.4.5.9 - - [03/Sep/2013:21:43:18 -0600] "GET /contact/ HTTP/1.1" 200 3327 "-" "Mozilla/5.0 (Macintosh; Intel Mac OS X 10_8_4) AppleWebKit/537.36 (KHTML, like Gecko) Chrome/29.0.1547.65 Safari/537.36"
123.4.5.4 - - [03/Sep/2013:21:43:28 -0600] "GET /admin/ HTTP/1.1" 200 3327 "-" "Mozilla/5.0 (Macintosh; Intel Mac OS X 10_8_4) AppleWebKit/537.36 (KHTML, like Gecko) Chrome/29.0.1547.65 Safari/537.36"
123.4.5.4 - - [03/Sep/2013:21:43:38 -0600] "GET /jobs/ HTTP/1.1" 200 3327 "-" "Mozilla/5.0 (Macintosh; Intel Mac OS X 10_8_4) AppleWebKit/537.36 (KHTML, like Gecko) Chrome/29.0.1547.65 Safari/537.36"
123.4.5.3 - - [03/Sep/2013:21:43:48 -0600] "GET /jobs/ HTTP/1.1" 200 3327 "-" "Mozilla/5.0 (Macintosh; Intel Mac OS X 10_8_4) AppleWebKit/537.36 (KHTML, like Gecko) Chrome/29.0.1547.65 Safari/537.36"
123.4.5.1 - - [03/Sep/2013:21:43:58 -0600] "GET /products/phone/ HTTP/1.1" 200 3327 "-" "Mozilla/5.0 (Macintosh; Intel Mac OS X 10.8; rv:23.0) Gecko/20100101 Firefox/23.0"
123.4.5.4 - - [03/Sep/2013:21:44:08 -0600] "GET /about/ HTTP/1.1" 200 3327 "-" "Mozilla/5.0 (Macintosh; Intel Mac OS X 10.8; rv:23.0) Gecko/20100101 Firefox/23.0"
123.4.5.6 - - [03/Sep/2013:21:44:18 -0600] "GET /access/ HTTP/1.1" 200 3327 "-" "Mozilla/5.0 (Macintosh; Intel Mac OS X 10.8; rv:23.0) Gecko/20100101 Firefox/23.0"
123.4.5.6 - - [03/Sep/2013:21:44:28 -0600] "GET /team/ HTTP/1.1" 200 3327 "-" "Mozilla/5.0 (Macintosh; Intel Mac OS X 10_8_4) AppleWebKit/537.36 (KHTML, like Gecko) Chrome/29.0.1547.65 Safari/537.36"
123.4.5.8 - - [03/Sep/2013:21:44:38 -0600] "GET /products/phone/ HTTP/1.1" 200 3327 "-" "Mozilla/5.0 (Macintosh; Intel Mac OS X 10.8; rv:23.0) Gecko/20100101 Firefox/23.0"
123.4.5.6 - - [03/Sep/2013:21:44:48 -0600] "GET /login/ HTTP/1.1" 200 3327 "-" "Mozilla/5.0 (Macintosh; Intel Mac OS X 10.8; rv:23.0) Gecko/20100101 Firefox/23.0"
123.4.5.6 - - [03/Sep/2013:21:44:58 -0600] "GET /access/ HTTP/1.1" 200 3327 "-" "Mozilla/5.0 (Macintosh; Intel Mac OS X 10.8; rv:23.0) Gecko/20100101 Firefox/23.0"
123.4.5.4 - - [03/Sep/2013:21:45:08 -0600] "GET /login/ HTTP/1.1" 500 821 "-" "Mozilla/5.0 (Macintosh; Intel Mac OS X 10.8; rv:23.0) Gecko/20100101 Firefox/23.0"
123.4.5.3 - - [03/Sep/2013:21:45:18 -0600] "GET /access/ HTTP/1.1" 200 3327 "-" "Mozilla/5.0 (Macintosh; Intel Mac OS X 10.8; rv:23.0) Gecko/20100101 Firefox/23.0"
123.4.5.5 - - [03/Sep/2013:21:45:28 -0600] "GET /access/ HTTP/1.1" 200 3327 "-" "Mozilla/5.0 (Macintosh; Intel Mac OS X 10_8_4) AppleWebKit/537.36 (KHTML, like Gecko) Chrome/29.0.1547.65 Safari/537.36"
123.4.5.9 - - [03/Sep/2013:21:45:38 -0600] "GET /admin/ HTTP/1.1" 200 3327 "-" "Mozilla/5.0 (Macintosh; Intel Mac OS X 10.8; rv:23.0) Gecko/20100101 Firefox/23.0"
123.4.5.9 - - [03/Sep/2013:21:45:48 -0600] "GET /team/ HTTP/1.1" 200 3327 "-" "Mozilla/5.0 (Macintosh; Intel Mac OS X 10_8_4) AppleWebKit/537.36 (KHTML, like Gecko) Chrome/29.0.1547.65 Safari/537.36"
123.4.5.9 - - [03/Sep/2013:21:45:58 -0600] "GET /access/ HTTP/1.1" 200 3327 "-" "Mozilla/5.0 (Macintosh; Intel Mac OS X 10.8; rv:23.0) Gecko/20100101 Firefox/23.0"
123.4.5.8 - - [03/Sep/2013:21:46:08 -0600] "GET /products/car/ HTTP/1.1" 200 3327 "-" "Mozilla/5.0 (Macintosh; Intel Mac OS X 10_8_4) AppleWebKit/537.36 (KHTML, like Gecko) Chrome/29.0.1547.65 Safari/537.36"
123.4.5.4 - - [03/Sep/2013:21:46:18 -0600] "GET /contact/ HTTP/1.1" 200 3327 "-" "Mozilla/5.0 (Macintosh; Intel Mac OS X 10_8_4) AppleWebKit/537.36 (KHTML, like Gecko) Chrome/29.0.1547.65 Safari/537.36"
123.4.5.8 - - [03/Sep/2013:21:46:28 -0600] "GET /products/desk/ HTTP/1.1" 200 3327 "-" "Mozilla/5.0 (Macintosh; Intel Mac OS X 10.8; rv:23.0) Gecko/20100101 Firefox/23.0"
123.4.5.1 - - [03/Sep/2013:21:46:38 -0600] "GET /login/ HTTP/1.1" 200 3327 "-" "Mozilla/5.0 (Macintosh; Intel Mac OS X 10.8; rv:23.0) Gecko/20100101 Firefox/23.0"
123.4.5.3 - - [03/Sep/2013:21:46:48 -0600] "GET /access/ HTTP/1.1" 200 3327 "-" "Mozilla/5.0 (Macintosh; Intel Mac OS X 10_8_4) AppleWebKit/537.36 (KHTML, like Gecko) Chrome/29.0.1547.65 Safari/537.36"
123.4.5.1 - - [03/Sep/2013:21:46:58 -0600] "GET /products/ HTTP/1.1" 200 3327 "-" "Mozilla/5.0 (Macintosh; Intel Mac OS X 10_8_4) AppleWebKit/537.36 (KHTML, like Gecko) Chrome/29.0.1547.65 Safari/537.36"
123.4.5.7 - - [03/Sep/2013:21:47:08 -0600] "GET /contact/ HTTP/1.1" 200 3327 "-" "Mozilla/5.0 (Macintosh; Intel Mac OS X 10_8_4) AppleWebKit/537.36 (KHTML, like Gecko) Chrome/29.0.1547.65 Safari/537.36"
123.4.5.8 - - [03/Sep/2013:21:47:18 -0600] "GET /about/ HTTP/1.1" 200 3327 "-" "Mozilla/5.0 (Macintosh; Intel Mac OS X 10.8; rv:23.0) Gecko/20100101 Firefox/23.0"
123.4.5.9 - - [03/Sep/2013:21:47:28 -0600] "GET /products/phone/ HTTP/1.1" 200 3327 "-" "Mozilla/5.0 (Macintosh; Intel Mac OS X 10_8_4) AppleWebKit/537.36 (KHTML, like Gecko) Chrome/29.0.1547.65 Safari/537.36"
123.4.5.5 - - [03/Sep/2013:21:47:38 -0600] "GET /products/ HTTP/1.1" 200 3327 "-" "Mozilla/5.0 (Macintosh; Intel Mac OS X 10_8_4) AppleWebKit/537.36 (KHTML, like Gecko) Chrome/29.0.1547.65 Safari/537.36"
123.4.5.4 - - [03/Sep/2013:21:47:48 -0600] "GET /team/ HTTP/1.1" 200 3327 "-" "Mozilla/5.0 (Macintosh; Intel Mac OS X 10_8_4) AppleWebKit/537.36 (KHTML, like Gecko) Chrome/29.0.1547.65 Safari/537.36"
123.4.5.1 - - [03/Sep/2013:21:47:58 -0600] "GET /products/phone/ HTTP/1.1" 200 3327 "-" "Mozilla/5.0 (Macintosh; Intel Mac OS X 10.8; rv:23.0) Gecko/20100101 Firefox/23.0"
123.4.5.4 - - [03/Sep/2013:21:48:08 -0600] "GET /products/desk/ HTTP/1.1" 200 3327 "-" "Mozilla/5.0 (Macintosh; Intel Mac OS X 10.8; rv:23.0) Gecko/20100101 Firefox/23.0"
123.4.5.6 - - [03/Sep/2013:21:48:18 -0600] "GET /about/ HTTP/1.1" 200 3327 "-" "Mozilla/5.0 (Macintosh; Intel Mac OS X 10.8; rv:23.0) Gecko/20100101 Firefox/23.0"
123.4.5.4 - - [03/Sep/2013:21:48:28 -0600] "GET /products/ HTTP/1.1" 200 3327 "-" "Mozilla/5.0 (Macintosh; Intel Mac OS X 10.8; rv:23.0) Gecko/20100101 Firefox/23.0"
123.4.5.1 - - [03/Sep/2013:21:48:38 -0600] "GET /about/ HTTP/1.1" 200 3327 "-" "Mozilla/5.0 (Macintosh; Intel Mac OS X 10.8; rv:23.0) Gecko/20100101 Firefox/23.0"
123.4.5.9 - - [03/Sep/2013:21:48:48 -0600] "GET /products/car/ HTTP/1.1" 200 3327 "-" "Mozilla/5.0 (Macintosh; Intel Mac OS X 10.8; rv:23.0) Gecko/20100101 Firefox/23.0"
123.4.5.3 - - [03/Sep/2013:21:48:58 -0600] "GET /jobs/ HTTP/1.1" 200 3327 "-" "Mozilla/5.0 (Macintosh; Intel Mac OS X 10_8_4) AppleWebKit/537.36 (KHTML, like Gecko) Chrome/29.0.1547.65 Safari/537.36"
123.4.5.1 - - [03/Sep/2013:21:49:08 -0600] "GET /login/ HTTP/1.1" 200 3327 "-" "Mozilla/5.0 (Macintosh; Intel Mac OS X 10.8; rv:23.0) Gecko/20100101 Firefox/23.0"
123.4.5.8 - - [03/Sep/2013:21:49:18 -0600] "GET /jobs/ HTTP/1.1" 200 3327 "-" "Mozilla/5.0 (Macintosh; Intel Mac OS X 10.8; rv:23.0) Gecko/20100101 Firefox/23.0"
123.4.5.3 - - [03/Sep/2013:21:49:28 -0600] "GET /jobs/ HTTP/1.1" 200 3327 "-" "Mozilla/5.0 (Macintosh; Intel Mac OS X 10.8; rv:23.0) Gecko/20100101 Firefox/23.0"
123.4.5.5 - - [03/Sep/2013:21:49:38 -0600] "GET /team/ HTTP/1.1" 500 821 "-" "Mozilla/5.0 (Macintosh; Intel Mac OS X 10.8; rv:23.0) Gecko/20100101 Firefox/23.0"
123.4.5.6 - - [03/Sep/2013:21:49:48 -0600] "GET /products/desk/ HTTP/1.1" 500 821 "-" "Mozilla/5.0 (Macintosh; Intel Mac OS X 10.8; rv:23.0) Gecko/20100101 Firefox/23.0"
123.4.5.9 - - [03/Sep/2013:21:49:58 -0600] "GET /login/ HTTP/1.1" 200 3327 "-" "Mozilla/5.0 (Macintosh; Intel Mac OS X 10_8_4) AppleWebKit/537.36 (KHTML, like Gecko) Chrome/29.0.1547.65 Safari/537.36"
123.4.5.9 - - [03/Sep/2013:21:50:08 -0600] "GET /admin/ HTTP/1.1" 500 821 "-" "Mozilla/5.0 (Macintosh; Intel Mac OS X 10_8_4) AppleWebKit/537.36 (KHTML, like Gecko) Chrome/29.0.1547.65 Safari/537.36"
123.4.5.7 - - [03/Sep/2013:21:50:18 -0600] "GET /login/ HTTP/1.1" 200 3327 "-" "Mozilla/5.0 (Macintosh; Intel Mac OS X 10_8_4) AppleWebKit/537.36 (KHTML, like Gecko) Chrome/29.0.1547.65 Safari/537.36"
123.4.5.8 - - [03/Sep/2013:21:50:28 -0600] "GET /products/phone/ HTTP/1.1" 200 3327 "-" "Mozilla/5.0 (Macintosh; Intel Mac OS X 10_8_4) AppleWebKit/537.36 (KHTML, like Gecko) Chrome/29.0.1547.65 Safari/537.36"
123.4.5.2 - - [03/Sep/2013:21:50:38 -0600] "GET /access/ HTTP/1.1" 200 3327 "-" "Mozilla/5.0 (Macintosh; Intel Mac OS X 10_8_4) AppleWebKit/537.36 (KHTML, like Gecko) Chrome/29.0.1547.65 Safari/537.36"
123.4.5.4 - - [03/Sep/2013:21:50:48 -0600] "GET /products/car/ HTTP/1.1" 500 821 "-" "Mozilla/5.0 (Macintosh; Intel Mac OS X 10_8_4) AppleWebKit/537.36 (KHTML, like Gecko) Chrome/29.0.1547.65 Safari/537.36"
123.4.5.6 - - [03/Sep/2013:21:50:58 -0600] "GET /products/phone/ HTTP/1.1" 200 3327 "-" "Mozilla/5.0 (Macintosh; Intel Mac OS X 10_8_4) AppleWebKit/537.36 (KHTML, like Gecko) Chrome/29.0.1547.65 Safari/537.36"
123.4.5.4 - - [03/Sep/2013:21:51:08 -0600] "GET /admin/ HTTP/1.1" 200 3327 "-" "Mozilla/5.0 (Macintosh; Intel Mac OS X 10.8; rv:23.0) Gecko/20100101 Firefox/23.0"
123.4.5.5 - - [03/Sep/2013:21:51:18 -0600] "GET /products/car/ HTTP/1.1" 200 3327 "-" "Mozilla/5.0 (Macintosh; Intel Mac OS X 10.8; rv:23.0) Gecko/20100101 Firefox/23.0"
123.4.5.4 - - [03/Sep/2013:21:51:28 -0600] "GET /products/desk/ HTTP/1.1" 200 3327 "-" "Mozilla/5.0 (Macintosh; Intel Mac OS X 10_8_4) AppleWebKit/537.36 (KHTML, like Gecko) Chrome/29.0.1547.65 Safari/537.36"
123.4.5.4 - - [03/Sep/2013:21:51:38 -0600] "GET /login/ HTTP/1.1" 200 3327 "-" "Mozilla/5.0 (Macintosh; Intel Mac OS X 10_8_4) AppleWebKit/537.36 (KHTML, like Gecko) Chrome/29.0.1547.65 Safari/537.36"
123.4.5.9 - - [03/Sep/2013:21:51:48 -0600] "GET /products/ HTTP/1.1" 200 3327 "-" "Mozilla/5.0 (Macintosh; Intel Mac OS X 10.8; rv:23.0) Gecko/20100101 Firefox/23.0"
123.4.5.6 - - [03/Sep/2013:21:51:58 -0600] "GET /team/ HTTP/1.1" 200 3327 "-" "Mozilla/5.0 (Macintosh; Intel Mac OS X 10.8; rv:23.0) Gecko/20100101 Firefox/23.0"
123.4.5.9 - - [03/Sep/2013:21:52:08 -0600] "GET /jobs/ HTTP/1.1" 200 3327 "-" "Mozilla/5.0 (Macintosh; Intel Mac OS X 10_8_4) AppleWebKit/537.36 (KHTML, like Gecko) Chrome/29.0.1547.65 Safari/537.36"
123.4.5.3 - - [03/Sep/2013:21:52:18 -0600] "GET /products/car/ HTTP/1.1" 200 3327 "-" "Mozilla/5.0 (Macintosh; Intel Mac OS X 10.8; rv:23.0) Gecko/20100101 Firefox/23.0"
123.4.5.7 - - [03/Sep/2013:21:52:28 -0600] "GET /about/ HTTP/1.1" 200 3327 "-" "Mozilla/5.0 (Macintosh; Intel Mac OS X 10.8; rv:23.0) Gecko/20100101 Firefox/23.0"
123.4.5.8 - - [03/Sep/2013:21:52:38 -0600] "GET /admin/ HTTP/1.1" 200 3327 "-" "Mozilla/5.0 (Macintosh; Intel Mac OS X 10.8; rv:23.0) Gecko/20100101 Firefox/23.0"
123.4.5.4 - - [03/Sep/2013:21:52:48 -0600] "GET /login/ HTTP/1.1" 200 3327 "-" "Mozilla/5.0 (Macintosh; Intel Mac OS X 10_8_4) AppleWebKit/537.36 (KHTML, like Gecko) Chrome/29.0.1547.65 Safari/537.36"
123.4.5.4 - - [03/Sep/2013:21:52:58 -0600] "GET /jobs/ HTTP/1.1" 200 3327 "-" "Mozilla/5.0 (Macintosh; Intel Mac OS X 10.8; rv:23.0) Gecko/20100101 Firefox/23.0"
123.4.5.7 - - [03/Sep/2013:21:53:08 -0600] "GET /products/desk/ HTTP/1.1" 200 3327 "-" "Mozilla/5.0 (Macintosh; Intel Mac OS X 10.8; rv:23.0) Gecko/20100101 Firefox/23.0"
123.4.5.4 - - [03/Sep/2013:21:53:18 -0600] "GET /products/phone/ HTTP/1.1" 200 3327 "-" "Mozilla/5.0 (Macintosh; Intel Mac OS X 10_8_4) AppleWebKit/537.36 (KHTML, like Gecko) Chrome/29.0.1547.65 Safari/537.36"
123.4.5.3 - - [03/Sep/2013:21:53:28 -0600] "GET /contact/ HTTP/1.1" 200 3327 "-" "Mozilla/5.0 (Macintosh; Intel Mac OS X 10.8; rv:23.0) Gecko/20100101 Firefox/23.0"
123.4.5.3 - - [03/Sep/2013:21:53:38 -0600] "GET /products/car/ HTTP/1.1" 200 3327 "-" "Mozilla/5.0 (Macintosh; Intel Mac OS X 10.8; rv:23.0) Gecko/20100101 Firefox/23.0"
123.4.5.5 - - [03/Sep/2013:21:53:48 -0600] "GET /products/phone/ HTTP/1.1" 200 3327 "-" "Mozilla/5.0 (Macintosh; Intel Mac OS X 10.8; rv:23.0) Gecko/20100101 Firefox/23.0"
123.4.5.2 - - [03/Sep/2013:21:53:58 -0600] "GET /products/car/ HTTP/1.1" 200 3327 "-" "Mozilla/5.0 (Macintosh; Intel Mac OS X 10.8; rv:23.0) Gecko/20100101 Firefox/23.0"
123.4.5.9 - - [03/Sep/2013:21:54:08 -0600] "GET /admin/ HTTP/1.1" 500 821 "-" "Mozilla/5.0 (Macintosh; Intel Mac OS X 10_8_4) AppleWebKit/537.36 (KHTML, like Gecko) Chrome/29.0.1547.65 Safari/537.36"
123.4.5.4 - - [03/Sep/2013:21:54:18 -0600] "GET /products/ HTTP/1.1" 200 3327 "-" "Mozilla/5.0 (Macintosh; Intel Mac OS X 10_8_4) AppleWebKit/537.36 (KHTML, like Gecko) Chrome/29.0.1547.65 Safari/537.36"
123.4.5.9 - - [03/Sep/2013:21:54:28 -0600] "GET /products/ HTTP/1.1" 200 3327 "-" "Mozilla/5.0 (Macintosh; Intel Mac OS X 10.8; rv:23.0) Gecko/20100101 Firefox/23.0"
123.4.5.1 - - [03/Sep/2013:21:54:38 -0600] "GET /products/desk/ HTTP/1.1" 200 3327 "-" "Mozilla/5.0 (Macintosh; Intel Mac OS X 10.8; rv:23.0) Gecko/20100101 Firefox/23.0"
123.4.5.8 - - [03/Sep/2013:21:54:48 -0600] "GET /access/ HTTP/1.1" 200 3327 "-" "Mozilla/5.0 (Macintosh; Intel Mac OS X 10.8; rv:23.0) Gecko/20100101 Firefox/23.0"
123.4.5.3 - - [03/Sep/2013:21:54:58 -0600] "GET /jobs/ HTTP/1.1" 200 3327 "-" "Mozilla/5.0 (Macintosh; Intel Mac OS X 10_8_4) AppleWebKit/537.36 (KHTML, like Gecko) Chrome/29.0.1547.65 Safari/537.36"
123.4.5.7 - - [03/Sep/2013:21:55:08 -0600] "GET /login/ HTTP/1.1" 200 3327 "-" "Mozilla/5.0 (Macintosh; Intel Mac OS X 10.8; rv:23.0) Gecko/20100101 Firefox/23.0"
123.4.5.7 - - [03/Sep/2013:21:55:18 -0600] "GET /login/ HTTP/1.1" 200 3327 "-" "Mozilla/5.0 (Macintosh; Intel Mac OS X 10.8; rv:23.0) Gecko/20100101 Firefox/23.0"
123.4.5.8 - - [03/Sep/2013:21:55:28 -0600] "GET /login/ HTTP/1.1" 200 3327 "-" "Mozilla/5.0 (Macintosh; Intel Mac OS X 10_8_4) AppleWebKit/537.36 (KHTML, like Gecko) Chrome/29.0.1547.65 Safari/537.36"
123.4.5.9 - - [03/Sep/2013:21:55:38 -0600] "GET /products/car/ HTTP/1.1" 200 3327 "-" "Mozilla/5.0 (Macintosh; Intel Mac OS X 10.8; rv:23.0) Gecko/20100101 Firefox/23.0"
123.4.5.6 - - [03/Sep/2013:21:55:48 -0600] "GET /products/phone/ HTTP/1.1" 200 3327 "-" "Mozilla/5.0 (Macintosh; Intel Mac OS X 10.8; rv:23.0) Gecko/20100101 Firefox/23.0"
123.4.5.1 - - [03/Sep/2013:21:55:58 -0600] "GET /login/ HTTP/1.1" 200 3327 "-" "Mozilla/5.0 (Macintosh; Intel Mac OS X 10.8; rv:23.0) Gecko/20100101 Firefox/23.0"
123.4.5.8 - - [03/Sep/2013:21:56:08 -0600] "GET /team/ HTTP/1.1" 500 821 "-" "Mozilla/5.0 (Macintosh; Intel Mac OS X 10_8_4) AppleWebKit/537.36 (KHTML, like Gecko) Chrome/29.0.1547.65 Safari/537.36"
123.4.5.4 - - [03/Sep/2013:21:56:18 -0600] "GET /admin/ HTTP/1.1" 200 3327 "-" "Mozilla/5.0 (Macintosh; Intel Mac OS X 10.8; rv:23.0) Gecko/20100101 Firefox/23.0"
123.4.5.9 - - [03/Sep/2013:21:56:28 -0600] "GET /login/ HTTP/1.1" 200 3327 "-" "Mozilla/5.0 (Macintosh; Intel Mac OS X 10.8; rv:23.0) Gecko/20100101 Firefox/23.0"
123.4.5.4 - - [03/Sep/2013:21:56:38 -0600] "GET /admin/ HTTP/1.1" 200 3327 "-" "Mozilla/5.0 (Macintosh; Intel Mac OS X 10_8_4) AppleWebKit/537.36 (KHTML, like Gecko) Chrome/29.0.1547.65 Safari/537.36"
123.4.5.1 - - [03/Sep/2013:21:56:48 -0600] "GET /products/car/ HTTP/1.1" 200 3327 "-" "Mozilla/5.0 (Macintosh; Intel Mac OS X 10_8_4) AppleWebKit/537.36 (KHTML, like Gecko) Chrome/29.0.1547.65 Safari/537.36"
123.4.5.3 - - [03/Sep/2013:21:56:58 -0600] "GET /products/phone/ HTTP/1.1" 200 3327 "-" "Mozilla/5.0 (Macintosh; Intel Mac OS X 10.8; rv:23.0) Gecko/20100101 Firefox/23.0"
123.4.5.1 - - [03/Sep/2013:21:57:08 -0600] "GET /team/ HTTP/1.1" 200 3327 "-" "Mozilla/5.0 (Macintosh; Intel Mac OS X 10_8_4) AppleWebKit/537.36 (KHTML, like Gecko) Chrome/29.0.1547.65 Safari/537.36"
123.4.5.9 - - [03/Sep/2013:21:57:18 -0600] "GET /access/ HTTP/1.1" 200 3327 "-" "Mozilla/5.0 (Macintosh; Intel Mac OS X 10_8_4) AppleWebKit/537.36 (KHTML, like Gecko) Chrome/29.0.1547.65 Safari/537.36"
123.4.5.2 - - [03/Sep/2013:21:57:28 -0600] "GET /products/car/ HTTP/1.1" 200 3327 "-" "Mozilla/5.0 (Macintosh; Intel Mac OS X 10_8_4) AppleWebKit/537.36 (KHTML, like Gecko) Chrome/29.0.1547.65 Safari/537.36"
123.4.5.2 - - [03/Sep/2013:21:57:38 -0600] "GET /products/ HTTP/1.1" 200 3327 "-" "Mozilla/5.0 (Macintosh; Intel Mac OS X 10.8; rv:23.0) Gecko/20100101 Firefox/23.0"
123.4.5.4 - - [03/Sep/2013:21:57:48 -0600] "GET /team/ HTTP/1.1" 200 3327 "-" "Mozilla/5.0 (Macintosh; Intel Mac OS X 10.8; rv:23.0) Gecko/20100101 Firefox/23.0"
123.4.5.1 - - [03/Sep/2013:21:57:58 -0600] "GET /jobs/ HTTP/1.1" 200 3327 "-" "Mozilla/5.0 (Macintosh; Intel Mac OS X 10.8; rv:23.0) Gecko/20100101 Firefox/23.0"
123.4.5.4 - - [03/Sep/2013:21:58:08 -0600] "GET /products/desk/ HTTP/1.1" 200 3327 "-" "Mozilla/5.0 (Macintosh; Intel Mac OS X 10.8; rv:23.0) Gecko/20100101 Firefox/23.0"
123.4.5.7 - - [03/Sep/2013:21:58:18 -0600] "GET /products/car/ HTTP/1.1" 200 3327 "-" "Mozilla/5.0 (Macintosh; Intel Mac OS X 10.8; rv:23.0) Gecko/20100101 Firefox/23.0"
123.4.5.4 - - [03/Sep/2013:21:58:28 -0600] "GET /products/car/ HTTP/1.1" 200 3327 "-" "Mozilla/5.0 (Macintosh; Intel Mac OS X 10.8; rv:23.0) Gecko/20100101 Firefox/23.0"
123.4.5.2 - - [03/Sep/2013:21:58:38 -0600] "GET /products/ HTTP/1.1" 200 3327 "-" "Mozilla/5.0 (Macintosh; Intel Mac OS X 10.8; rv:23.0) Gecko/20100101 Firefox/23.0"
123.4.5.2 - - [03/Sep/2013:21:58:48 -0600] "GET /access/ HTTP/1.1" 200 3327 "-" "Mozilla/5.0 (Macintosh; Intel Mac OS X 10.8; rv:23.0) Gecko/20100101 Firefox/23.0"
123.4.5.7 - - [03/Sep/2013:21:58:58 -0600] "GET /products/ HTTP/1.1" 200 3327 "-" "Mozilla/5.0 (Macintosh; Intel Mac OS X 10_8_4) AppleWebKit/537.36 (KHTML, like Gecko) Chrome/29.0.1547.65 Safari/537.36"
123.4.5.4 - - [03/Sep/2013:21:59:08 -0600] "GET /products/car/ HTTP/1.1" 200 3327 "-" "Mozilla/5.0 (Macintosh; Intel Mac OS X 10_8_4) AppleWebKit/537.36 (KHTML, like Gecko) Chrome/29.0.1547.65 Safari/537.36"
123.4.5.4 - - [03/Sep/2013:21:59:18 -0600] "GET /products/phone/ HTTP/1.1" 200 3327 "-" "Mozilla/5.0 (Macintosh; Intel Mac OS X 10.8; rv:23.0) Gecko/20100101 Firefox/23.0"
123.4.5.8 - - [03/Sep/2013:21:59:28 -0600] "GET /products/desk/ HTTP/1.1" 200 3327 "-" "Mozilla/5.0 (Macintosh; Intel Mac OS X 10.8; rv:23.0) Gecko/20100101 Firefox/23.0"
123.4.5.1 - - [03/Sep/2013:21:59:38 -0600] "GET /products/desk/ HTTP/1.1" 200 3327 "-" "Mozilla/5.0 (Macintosh; Intel Mac OS X 10.8; rv:23.0) Gecko/20100101 Firefox/23.0"
123.4.5.3 - - [03/Sep/2013:21:59:48 -0600] "GET /products/ HTTP/1.1" 200 3327 "-" "Mozilla/5.0 (Macintosh; Intel Mac OS X 10_8_4) AppleWebKit/537.36 (KHTML, like Gecko) Chrome/29.0.1547.65 Safari/537.36"
123.4.5.9 - - [03/Sep/2013:21:59:58 -0600] "GET /products/ HTTP/1.1" 200 3327 "-" "Mozilla/5.0 (Macintosh; Intel Mac OS X 10.8; rv:23.0) Gecko/20100101 Firefox/23.0"
123.4.5.2 - - [03/Sep/2013:22:00:08 -0600] "GET /team/ HTTP/1.1" 200 3327 "-" "Mozilla/5.0 (Macintosh; Intel Mac OS X 10.8; rv:23.0) Gecko/20100101 Firefox/23.0"
123.4.5.1 - - [03/Sep/2013:22:00:18 -0600] "GET /jobs/ HTTP/1.1" 200 3327 "-" "Mozilla/5.0 (Macintosh; Intel Mac OS X 10.8; rv:23.0) Gecko/20100101 Firefox/23.0"
123.4.5.5 - - [03/Sep/2013:22:00:28 -0600] "GET /login/ HTTP/1.1" 200 3327 "-" "Mozilla/5.0 (Macintosh; Intel Mac OS X 10.8; rv:23.0) Gecko/20100101 Firefox/23.0"
123.4.5.5 - - [03/Sep/2013:22:00:38 -0600] "GET /products/desk/ HTTP/1.1" 200 3327 "-" "Mozilla/5.0 (Macintosh; Intel Mac OS X 10_8_4) AppleWebKit/537.36 (KHTML, like Gecko) Chrome/29.0.1547.65 Safari/537.36"
123.4.5.7 - - [03/Sep/2013:22:00:48 -0600] "GET /team/ HTTP/1.1" 200 3327 "-" "Mozilla/5.0 (Macintosh; Intel Mac OS X 10_8_4) AppleWebKit/537.36 (KHTML, like Gecko) Chrome/29.0.1547.65 Safari/537.36"
123.4.5.1 - - [03/Sep/2013:22:00:58 -0600] "GET /login/ HTTP/1.1" 200 3327 "-" "Mozilla/5.0 (Macintosh; Intel Mac OS X 10_8_4) AppleWebKit/537.36 (KHTML, like Gecko) Chrome/29.0.1547.65 Safari/537.36"
123.4.5.4 - - [03/Sep/2013:22:01:08 -0600] "GET /team/ HTTP/1.1" 200 3327 "-" "Mozilla/5.0 (Macintosh; Intel Mac OS X 10.8; rv:23.0) Gecko/20100101 Firefox/23.0"
123.4.5.7 - - [03/Sep/2013:22:01:18 -0600] "GET /products/car/ HTTP/1.1" 200 3327 "-" "Mozilla/5.0 (Macintosh; Intel Mac OS X 10.8; rv:23.0) Gecko/20100101 Firefox/23.0"
123.4.5.9 - - [03/Sep/2013:22:01:28 -0600] "GET /team/ HTTP/1.1" 200 3327 "-" "Mozilla/5.0 (Macintosh; Intel Mac OS X 10_8_4) AppleWebKit/537.36 (KHTML, like Gecko) Chrome/29.0.1547.65 Safari/537.36"
123.4.5.4 - - [03/Sep/2013:22:01:38 -0600] "GET /contact/ HTTP/1.1" 200 3327 "-" "Mozilla/5.0 (Macintosh; Intel Mac OS X 10.8; rv:23.0) Gecko/20100101 Firefox/23.0"
123.4.5.5 - - [03/Sep/2013:22:01:48 -0600] "GET /jobs/ HTTP/1.1" 200 3327 "-" "Mozilla/5.0 (Macintosh; Intel Mac OS X 10.8; rv:23.0) Gecko/20100101 Firefox/23.0"
123.4.5.7 - - [03/Sep/2013:22:01:58 -0600] "GET /admin/ HTTP/1.1" 200 3327 "-" "Mozilla/5.0 (Macintosh; Intel Mac OS X 10_8_4) AppleWebKit/537.36 (KHTML, like Gecko) Chrome/29.0.1547.65 Safari/537.36"
123.4.5.7 - - [03/Sep/2013:22:02:08 -0600] "GET /admin/ HTTP/1.1" 200 3327 "-" "Mozilla/5.0 (Macintosh; Intel Mac OS X 10_8_4) AppleWebKit/537.36 (KHTML, like Gecko) Chrome/29.0.1547.65 Safari/537.36"
123.4.5.9 - - [03/Sep/2013:22:02:18 -0600] "GET /products/ HTTP/1.1" 200 3327 "-" "Mozilla/5.0 (Macintosh; Intel Mac OS X 10.8; rv:23.0) Gecko/20100101 Firefox/23.0"
123.4.5.7 - - [03/Sep/2013:22:02:28 -0600] "GET /admin/ HTTP/1.1" 200 3327 "-" "Mozilla/5.0 (Macintosh; Intel Mac OS X 10.8; rv:23.0) Gecko/20100101 Firefox/23.0"
123.4.5.3 - - [03/Sep/2013:22:02:38 -0600] "GET /admin/ HTTP/1.1" 200 3327 "-" "Mozilla/5.0 (Macintosh; Intel Mac OS X 10.8; rv:23.0) Gecko/20100101 Firefox/23.0"
123.4.5.6 - - [03/Sep/2013:22:02:48 -0600] "GET /login/ HTTP/1.1" 200 3327 "-" "Mozilla/5.0 (Macintosh; Intel Mac OS X 10.8; rv:23.0) Gecko/20100101 Firefox/23.0"
123.4.5.3 - - [03/Sep/2013:22:02:58 -0600] "GET /jobs/ HTTP/1.1" 200 3327 "-" "Mozilla/5.0 (Macintosh; Intel Mac OS X 10.8; rv:23.0) Gecko/20100101 Firefox/23.0"
123.4.5.7 - - [03/Sep/2013:22:03:08 -0600] "GET /products/ HTTP/1.1" 200 3327 "-" "Mozilla/5.0 (Macintosh; Intel Mac OS X 10.8; rv:23.0) Gecko/20100101 Firefox/23.0"
123.4.5.4 - - [03/Sep/2013:22:03:18 -0600] "GET /jobs/ HTTP/1.1" 200 3327 "-" "Mozilla/5.0 (Macintosh; Intel Mac OS X 10_8_4) AppleWebKit/537.36 (KHTML, like Gecko) Chrome/29.0.1547.65 Safari/537.36"
123.4.5.7 - - [03/Sep/2013:22:03:28 -0600] "GET /products/desk/ HTTP/1.1" 200 3327 "-" "Mozilla/5.0 (Macintosh; Intel Mac OS X 10.8; rv:23.0) Gecko/20100101 Firefox/23.0"
123.4.5.9 - - [03/Sep/2013:22:03:38 -0600] "GET /products/ HTTP/1.1" 200 3327 "-" "Mozilla/5.0 (Macintosh; Intel Mac OS X 10.8; rv:23.0) Gecko/20100101 Firefox/23.0"
123.4.5.4 - - [03/Sep/2013:22:03:48 -0600] "GET /about/ HTTP/1.1" 200 3327 "-" "Mozilla/5.0 (Macintosh; Intel Mac OS X 10_8_4) AppleWebKit/537.36 (KHTML, like Gecko) Chrome/29.0.1547.65 Safari/537.36"
123.4.5.5 - - [03/Sep/2013:22:03:58 -0600] "GET /jobs/ HTTP/1.1" 200 3327 "-" "Mozilla/5.0 (Macintosh; Intel Mac OS X 10_8_4) AppleWebKit/537.36 (KHTML, like Gecko) Chrome/29.0.1547.65 Safari/537.36"
123.4.5.5 - - [03/Sep/2013:22:04:08 -0600] "GET /products/desk/ HTTP/1.1" 200 3327 "-" "Mozilla/5.0 (Macintosh; Intel Mac OS X 10.8; rv:23.0) Gecko/20100101 Firefox/23.0"
123.4.5.8 - - [03/Sep/2013:22:04:18 -0600] "GET /about/ HTTP/1.1" 200 3327 "-" "Mozilla/5.0 (Macintosh; Intel Mac OS X 10.8; rv:23.0) Gecko/20100101 Firefox/23.0"
123.4.5.4 - - [03/Sep/2013:22:04:28 -0600] "GET /jobs/ HTTP/1.1" 200 3327 "-" "Mozilla/5.0 (Macintosh; Intel Mac OS X 10.8; rv:23.0) Gecko/20100101 Firefox/23.0"
123.4.5.4 - - [03/Sep/2013:22:04:38 -0600] "GET /team/ HTTP/1.1" 200 3327 "-" "Mozilla/5.0 (Macintosh; Intel Mac OS X 10.8; rv:23.0) Gecko/20100101 Firefox/23.0"
123.4.5.5 - - [03/Sep/2013:22:04:48 -0600] "GET /products/car/ HTTP/1.1" 200 3327 "-" "Mozilla/5.0 (Macintosh; Intel Mac OS X 10.8; rv:23.0) Gecko/20100101 Firefox/23.0"
123.4.5.2 - - [03/Sep/2013:22:04:58 -0600] "GET /team/ HTTP/1.1" 200 3327 "-" "Mozilla/5.0 (Macintosh; Intel Mac OS X 10.8; rv:23.0) Gecko/20100101 Firefox/23.0"
123.4.5.9 - - [03/Sep/2013:22:05:08 -0600] "GET /products/car/ HTTP/1.1" 200 3327 "-" "Mozilla/5.0 (Macintosh; Intel Mac OS X 10_8_4) AppleWebKit/537.36 (KHTML, like Gecko) Chrome/29.0.1547.65 Safari/537.36"
123.4.5.6 - - [03/Sep/2013:22:05:18 -0600] "GET /contact/ HTTP/1.1" 200 3327 "-" "Mozilla/5.0 (Macintosh; Intel Mac OS X 10_8_4) AppleWebKit/537.36 (KHTML, like Gecko) Chrome/29.0.1547.65 Safari/537.36"
123.4.5.5 - - [03/Sep/2013:22:05:28 -0600] "GET /contact/ HTTP/1.1" 200 3327 "-" "Mozilla/5.0 (Macintosh; Intel Mac OS X 10_8_4) AppleWebKit/537.36 (KHTML, like Gecko) Chrome/29.0.1547.65 Safari/537.36"
123.4.5.6 - - [03/Sep/2013:22:05:38 -0600] "GET /about/ HTTP/1.1" 200 3327 "-" "Mozilla/5.0 (Macintosh; Intel Mac OS X 10.8; rv:23.0) Gecko/20100101 Firefox/23.0"
123.4.5.8 - - [03/Sep/2013:22:05:48 -0600] "GET /products/car/ HTTP/1.1" 200 3327 "-" "Mozilla/5.0 (Macintosh; Intel Mac OS X 10.8; rv:23.0) Gecko/20100101 Firefox/23.0"
123.4.5.7 - - [03/Sep/2013:22:05:58 -0600] "GET /contact/ HTTP/1.1" 200 3327 "-" "Mozilla/5.0 (Macintosh; Intel Mac OS X 10.8; rv:23.0) Gecko/20100101 Firefox/23.0"
123.4.5.9 - - [03/Sep/2013:22:06:08 -0600] "GET /jobs/ HTTP/1.1" 200 3327 "-" "Mozilla/5.0 (Macintosh; Intel Mac OS X 10.8; rv:23.0) Gecko/20100101 Firefox/23.0"
123.4.5.9 - - [03/Sep/2013:22:06:18 -0600] "GET /admin/ HTTP/1.1" 200 3327 "-" "Mozilla/5.0 (Macintosh; Intel Mac OS X 10.8; rv:23.0) Gecko/20100101 Firefox/23.0"
123.4.5.4 - - [03/Sep/2013:22:06:28 -0600] "GET /products/desk/ HTTP/1.1" 200 3327 "-" "Mozilla/5.0 (Macintosh; Intel Mac OS X 10.8; rv:23.0) Gecko/20100101 Firefox/23.0"
123.4.5.1 - - [03/Sep/2013:22:06:38 -0600] "GET /access/ HTTP/1.1" 200 3327 "-" "Mozilla/5.0 (Macintosh; Intel Mac OS X 10_8_4) AppleWebKit/537.36 (KHTML, like Gecko) Chrome/29.0.1547.65 Safari/537.36"
123.4.5.1 - - [03/Sep/2013:22:06:48 -0600] "GET /contact/ HTTP/1.1" 200 3327 "-" "Mozilla/5.0 (Macintosh; Intel Mac OS X 10_8_4) AppleWebKit/537.36 (KHTML, like Gecko) Chrome/29.0.1547.65 Safari/537.36"
123.4.5.4 - - [03/Sep/2013:22:06:58 -0600] "GET /access/ HTTP/1.1" 200 3327 "-" "Mozilla/5.0 (Macintosh; Intel Mac OS X 10.8; rv:23.0) Gecko/20100101 Firefox/23.0"
123.4.5.4 - - [03/Sep/2013:22:07:08 -0600] "GET /jobs/ HTTP/1.1" 500 821 "-" "Mozilla/5.0 (Macintosh; Intel Mac OS X 10_8_4) AppleWebKit/537.36 (KHTML, like Gecko) Chrome/29.0.1547.65 Safari/537.36"
123.4.5.2 - - [03/Sep/2013:22:07:18 -0600] "GET /contact/ HTTP/1.1" 200 3327 "-" "Mozilla/5.0 (Macintosh; Intel Mac OS X 10_8_4) AppleWebKit/537.36 (KHTML, like Gecko) Chrome/29.0.1547.65 Safari/537.36"
123.4.5.5 - - [03/Sep/2013:22:07:28 -0600] "GET /contact/ HTTP/1.1" 200 3327 "-" "Mozilla/5.0 (Macintosh; Intel Mac OS X 10_8_4) AppleWebKit/537.36 (KHTML, like Gecko) Chrome/29.0.1547.65 Safari/537.36"
123.4.5.7 - - [03/Sep/2013:22:07:38 -0600] "GET /products/car/ HTTP/1.1" 200 3327 "-" "Mozilla/5.0 (Macintosh; Intel Mac OS X 10_8_4) AppleWebKit/537.36 (KHTML, like Gecko) Chrome/29.0.1547.65 Safari/537.36"
123.4.5.3 - - [03/Sep/2013:22:07:48 -0600] "GET /jobs/ HTTP/1.1" 200 3327 "-" "Mozilla/5.0 (Macintosh; Intel Mac OS X 10_8_4) AppleWebKit/537.36 (KHTML, like Gecko) Chrome/29.0.1547.65 Safari/537.36"
123.4.5.2 - - [03/Sep/2013:22:07:58 -0600] "GET /products/car/ HTTP/1.1" 200 3327 "-" "Mozilla/5.0 (Macintosh; Intel Mac OS X 10_8_4) AppleWebKit/537.36 (KHTML, like Gecko) Chrome/29.0.1547.65 Safari/537.36"
123.4.5.6 - - [03/Sep/2013:22:08:08 -0600] "GET /access/ HTTP/1.1" 200 3327 "-" "Mozilla/5.0 (Macintosh; Intel Mac OS X 10.8; rv:23.0) Gecko/20100101 Firefox/23.0"
123.4.5.8 - - [03/Sep/2013:22:08:18 -0600] "GET /products/desk/ HTTP/1.1" 200 3327 "-" "Mozilla/5.0 (Macintosh; Intel Mac OS X 10_8_4) AppleWebKit/537.36 (KHTML, like Gecko) Chrome/29.0.1547.65 Safari/537.36"
123.4.5.1 - - [03/Sep/2013:22:08:28 -0600] "GET /team/ HTTP/1.1" 200 3327 "-" "Mozilla/5.0 (Macintosh; Intel Mac OS X 10.8; rv:23.0) Gecko/20100101 Firefox/23.0"
123.4.5.7 - - [03/Sep/2013:22:08:38 -0600] "GET /products/ HTTP/1.1" 200 3327 "-" "Mozilla/5.0 (Macintosh; Intel Mac OS X 10_8_4) AppleWebKit/537.36 (KHTML, like Gecko) Chrome/29.0.1547.65 Safari/537.36"
123.4.5.6 - - [03/Sep/2013:22:08:48 -0600] "GET /products/phone/ HTTP/1.1" 200 3327 "-" "Mozilla/5.0 (Macintosh; Intel Mac OS X 10_8_4) AppleWebKit/537.36 (KHTML, like Gecko) Chrome/29.0.1547.65 Safari/537.36"
123.4.5.5 - - [03/Sep/2013:22:08:58 -0600] "GET /contact/ HTTP/1.1" 200 3327 "-" "Mozilla/5.0 (Macintosh; Intel Mac OS X 10.8; rv:23.0) Gecko/20100101 Firefox/23.0"
123.4.5.2 - - [03/Sep/2013:22:09:08 -0600] "GET /products/phone/ HTTP/1.1" 200 3327 "-" "Mozilla/5.0 (Macintosh; Intel Mac OS X 10.8; rv:23.0) Gecko/20100101 Firefox/23.0"
123.4.5.7 - - [03/Sep/2013:22:09:18 -0600] "GET /contact/ HTTP/1.1" 200 3327 "-" "Mozilla/5.0 (Macintosh; Intel Mac OS X 10.8; rv:23.0) Gecko/20100101 Firefox/23.0"
123.4.5.5 - - [03/Sep/2013:22:09:28 -0600] "GET /team/ HTTP/1.1" 500 821 "-" "Mozilla/5.0 (Macintosh; Intel Mac OS X 10.8; rv:23.0) Gecko/20100101 Firefox/23.0"
123.4.5.2 - - [03/Sep/2013:22:09:38 -0600] "GET /team/ HTTP/1.1" 500 821 "-" "Mozilla/5.0 (Macintosh; Intel Mac OS X 10.8; rv:23.0) Gecko/20100101 Firefox/23.0"
123.4.5.4 - - [03/Sep/2013:22:09:48 -0600] "GET /jobs/ HTTP/1.1" 200 3327 "-" "Mozilla/5.0 (Macintosh; Intel Mac OS X 10_8_4) AppleWebKit/537.36 (KHTML, like Gecko) Chrome/29.0.1547.65 Safari/537.36"
123.4.5.8 - - [03/Sep/2013:22:09:58 -0600] "GET /products/car/ HTTP/1.1" 200 3327 "-" "Mozilla/5.0 (Macintosh; Intel Mac OS X 10_8_4) AppleWebKit/537.36 (KHTML, like Gecko) Chrome/29.0.1547.65 Safari/537.36"
123.4.5.7 - - [03/Sep/2013:22:10:08 -0600] "GET /products/phone/ HTTP/1.1" 200 3327 "-" "Mozilla/5.0 (Macintosh; Intel Mac OS X 10_8_4) AppleWebKit/537.36 (KHTML, like Gecko) Chrome/29.0.1547.65 Safari/537.36"
123.4.5.5 - - [03/Sep/2013:22:10:18 -0600] "GET /products/desk/ HTTP/1.1" 200 3327 "-" "Mozilla/5.0 (Macintosh; Intel Mac OS X 10.8; rv:23.0) Gecko/20100101 Firefox/23.0"
123.4.5.7 - - [03/Sep/2013:22:10:28 -0600] "GET /contact/ HTTP/1.1" 200 3327 "-" "Mozilla/5.0 (Macintosh; Intel Mac OS X 10.8; rv:23.0) Gecko/20100101 Firefox/23.0"
123.4.5.1 - - [03/Sep/2013:22:10:38 -0600] "GET /jobs/ HTTP/1.1" 200 3327 "-" "Mozilla/5.0 (Macintosh; Intel Mac OS X 10.8; rv:23.0) Gecko/20100101 Firefox/23.0"
123.4.5.3 - - [03/Sep/2013:22:10:48 -0600] "GET /login/ HTTP/1.1" 200 3327 "-" "Mozilla/5.0 (Macintosh; Intel Mac OS X 10_8_4) AppleWebKit/537.36 (KHTML, like Gecko) Chrome/29.0.1547.65 Safari/537.36"
123.4.5.3 - - [03/Sep/2013:22:10:58 -0600] "GET /jobs/ HTTP/1.1" 200 3327 "-" "Mozilla/5.0 (Macintosh; Intel Mac OS X 10.8; rv:23.0) Gecko/20100101 Firefox/23.0"
123.4.5.3 - - [03/Sep/2013:22:11:08 -0600] "GET /jobs/ HTTP/1.1" 200 3327 "-" "Mozilla/5.0 (Macintosh; Intel Mac OS X 10_8_4) AppleWebKit/537.36 (KHTML, like Gecko) Chrome/29.0.1547.65 Safari/537.36"
123.4.5.2 - - [03/Sep/2013:22:11:18 -0600] "GET /admin/ HTTP/1.1" 200 3327 "-" "Mozilla/5.0 (Macintosh; Intel Mac OS X 10.8; rv:23.0) Gecko/20100101 Firefox/23.0"
123.4.5.1 - - [03/Sep/2013:22:11:28 -0600] "GET /jobs/ HTTP/1.1" 200 3327 "-" "Mozilla/5.0 (Macintosh; Intel Mac OS X 10_8_4) AppleWebKit/537.36 (KHTML, like Gecko) Chrome/29.0.1547.65 Safari/537.36"
123.4.5.2 - - [03/Sep/2013:22:11:38 -0600] "GET /admin/ HTTP/1.1" 200 3327 "-" "Mozilla/5.0 (Macintosh; Intel Mac OS X 10.8; rv:23.0) Gecko/20100101 Firefox/23.0"
123.4.5.9 - - [03/Sep/2013:22:11:48 -0600] "GET /login/ HTTP/1.1" 200 3327 "-" "Mozilla/5.0 (Macintosh; Intel Mac OS X 10_8_4) AppleWebKit/537.36 (KHTML, like Gecko) Chrome/29.0.1547.65 Safari/537.36"
123.4.5.3 - - [03/Sep/2013:22:11:58 -0600] "GET /products/ HTTP/1.1" 200 3327 "-" "Mozilla/5.0 (Macintosh; Intel Mac OS X 10.8; rv:23.0) Gecko/20100101 Firefox/23.0"
123.4.5.4 - - [03/Sep/2013:22:12:08 -0600] "GET /access/ HTTP/1.1" 200 3327 "-" "Mozilla/5.0 (Macintosh; Intel Mac OS X 10.8; rv:23.0) Gecko/20100101 Firefox/23.0"
123.4.5.5 - - [03/Sep/2013:22:12:18 -0600] "GET /products/phone/ HTTP/1.1" 200 3327 "-" "Mozilla/5.0 (Macintosh; Intel Mac OS X 10_8_4) AppleWebKit/537.36 (KHTML, like Gecko) Chrome/29.0.1547.65 Safari/537.36"
123.4.5.7 - - [03/Sep/2013:22:12:28 -0600] "GET /admin/ HTTP/1.1" 200 3327 "-" "Mozilla/5.0 (Macintosh; Intel Mac OS X 10.8; rv:23.0) Gecko/20100101 Firefox/23.0"
123.4.5.9 - - [03/Sep/2013:22:12:38 -0600] "GET /products/car/ HTTP/1.1" 200 3327 "-" "Mozilla/5.0 (Macintosh; Intel Mac OS X 10.8; rv:23.0) Gecko/20100101 Firefox/23.0"
123.4.5.3 - - [03/Sep/2013:22:12:48 -0600] "GET /products/desk/ HTTP/1.1" 200 3327 "-" "Mozilla/5.0 (Macintosh; Intel Mac OS X 10.8; rv:23.0) Gecko/20100101 Firefox/23.0"
123.4.5.3 - - [03/Sep/2013:22:12:58 -0600] "GET /products/phone/ HTTP/1.1" 200 3327 "-" "Mozilla/5.0 (Macintosh; Intel Mac OS X 10.8; rv:23.0) Gecko/20100101 Firefox/23.0"
123.4.5.2 - - [03/Sep/2013:22:13:08 -0600] "GET /products/phone/ HTTP/1.1" 200 3327 "-" "Mozilla/5.0 (Macintosh; Intel Mac OS X 10.8; rv:23.0) Gecko/20100101 Firefox/23.0"
123.4.5.3 - - [03/Sep/2013:22:13:18 -0600] "GET /products/desk/ HTTP/1.1" 200 3327 "-" "Mozilla/5.0 (Macintosh; Intel Mac OS X 10.8; rv:23.0) Gecko/20100101 Firefox/23.0"
123.4.5.1 - - [03/Sep/2013:22:13:28 -0600] "GET /about/ HTTP/1.1" 200 3327 "-" "Mozilla/5.0 (Macintosh; Intel Mac OS X 10.8; rv:23.0) Gecko/20100101 Firefox/23.0"
123.4.5.3 - - [03/Sep/2013:22:13:38 -0600] "GET /about/ HTTP/1.1" 200 3327 "-" "Mozilla/5.0 (Macintosh; Intel Mac OS X 10_8_4) AppleWebKit/537.36 (KHTML, like Gecko) Chrome/29.0.1547.65 Safari/537.36"
123.4.5.3 - - [03/Sep/2013:22:13:48 -0600] "GET /products/desk/ HTTP/1.1" 200 3327 "-" "Mozilla/5.0 (Macintosh; Intel Mac OS X 10_8_4) AppleWebKit/537.36 (KHTML, like Gecko) Chrome/29.0.1547.65 Safari/537.36"
123.4.5.4 - - [03/Sep/2013:22:13:58 -0600] "GET /products/ HTTP/1.1" 200 3327 "-" "Mozilla/5.0 (Macintosh; Intel Mac OS X 10.8; rv:23.0) Gecko/20100101 Firefox/23.0"
123.4.5.6 - - [03/Sep/2013:22:14:08 -0600] "GET /jobs/ HTTP/1.1" 200 3327 "-" "Mozilla/5.0 (Macintosh; Intel Mac OS X 10.8; rv:23.0) Gecko/20100101 Firefox/23.0"
123.4.5.8 - - [03/Sep/2013:22:14:18 -0600] "GET /products/phone/ HTTP/1.1" 200 3327 "-" "Mozilla/5.0 (Macintosh; Intel Mac OS X 10_8_4) AppleWebKit/537.36 (KHTML, like Gecko) Chrome/29.0.1547.65 Safari/537.36"
123.4.5.4 - - [03/Sep/2013:22:14:28 -0600] "GET /products/phone/ HTTP/1.1" 200 3327 "-" "Mozilla/5.0 (Macintosh; Intel Mac OS X 10.8; rv:23.0) Gecko/20100101 Firefox/23.0"
123.4.5.8 - - [03/Sep/2013:22:14:38 -0600] "GET /products/desk/ HTTP/1.1" 200 3327 "-" "Mozilla/5.0 (Macintosh; Intel Mac OS X 10_8_4) AppleWebKit/537.36 (KHTML, like Gecko) Chrome/29.0.1547.65 Safari/537.36"
123.4.5.1 - - [03/Sep/2013:22:14:48 -0600] "GET /access/ HTTP/1.1" 200 3327 "-" "Mozilla/5.0 (Macintosh; Intel Mac OS X 10.8; rv:23.0) Gecko/20100101 Firefox/23.0"
123.4.5.5 - - [03/Sep/2013:22:14:58 -0600] "GET /products/car/ HTTP/1.1" 500 821 "-" "Mozilla/5.0 (Macintosh; Intel Mac OS X 10.8; rv:23.0) Gecko/20100101 Firefox/23.0"
123.4.5.3 - - [03/Sep/2013:22:15:08 -0600] "GET /login/ HTTP/1.1" 200 3327 "-" "Mozilla/5.0 (Macintosh; Intel Mac OS X 10.8; rv:23.0) Gecko/20100101 Firefox/23.0"
123.4.5.6 - - [03/Sep/2013:22:15:18 -0600] "GET /team/ HTTP/1.1" 200 3327 "-" "Mozilla/5.0 (Macintosh; Intel Mac OS X 10.8; rv:23.0) Gecko/20100101 Firefox/23.0"
123.4.5.7 - - [03/Sep/2013:22:15:28 -0600] "GET /contact/ HTTP/1.1" 200 3327 "-" "Mozilla/5.0 (Macintosh; Intel Mac OS X 10.8; rv:23.0) Gecko/20100101 Firefox/23.0"
123.4.5.1 - - [03/Sep/2013:22:15:38 -0600] "GET /about/ HTTP/1.1" 200 3327 "-" "Mozilla/5.0 (Macintosh; Intel Mac OS X 10_8_4) AppleWebKit/537.36 (KHTML, like Gecko) Chrome/29.0.1547.65 Safari/537.36"
123.4.5.3 - - [03/Sep/2013:22:15:48 -0600] "GET /products/car/ HTTP/1.1" 200 3327 "-" "Mozilla/5.0 (Macintosh; Intel Mac OS X 10.8; rv:23.0) Gecko/20100101 Firefox/23.0"
123.4.5.6 - - [03/Sep/2013:22:15:58 -0600] "GET /login/ HTTP/1.1" 200 3327 "-" "Mozilla/5.0 (Macintosh; Intel Mac OS X 10_8_4) AppleWebKit/537.36 (KHTML, like Gecko) Chrome/29.0.1547.65 Safari/537.36"
123.4.5.6 - - [03/Sep/2013:22:16:08 -0600] "GET /products/car/ HTTP/1.1" 200 3327 "-" "Mozilla/5.0 (Macintosh; Intel Mac OS X 10_8_4) AppleWebKit/537.36 (KHTML, like Gecko) Chrome/29.0.1547.65 Safari/537.36"
123.4.5.9 - - [03/Sep/2013:22:16:18 -0600] "GET /contact/ HTTP/1.1" 200 3327 "-" "Mozilla/5.0 (Macintosh; Intel Mac OS X 10_8_4) AppleWebKit/537.36 (KHTML, like Gecko) Chrome/29.0.1547.65 Safari/537.36"
123.4.5.9 - - [03/Sep/2013:22:16:28 -0600] "GET /products/desk/ HTTP/1.1" 200 3327 "-" "Mozilla/5.0 (Macintosh; Intel Mac OS X 10.8; rv:23.0) Gecko/20100101 Firefox/23.0"
123.4.5.4 - - [03/Sep/2013:22:16:38 -0600] "GET /contact/ HTTP/1.1" 200 3327 "-" "Mozilla/5.0 (Macintosh; Intel Mac OS X 10_8_4) AppleWebKit/537.36 (KHTML, like Gecko) Chrome/29.0.1547.65 Safari/537.36"
123.4.5.4 - - [03/Sep/2013:22:16:48 -0600] "GET /about/ HTTP/1.1" 500 821 "-" "Mozilla/5.0 (Macintosh; Intel Mac OS X 10_8_4) AppleWebKit/537.36 (KHTML, like Gecko) Chrome/29.0.1547.65 Safari/537.36"
123.4.5.5 - - [03/Sep/2013:22:16:58 -0600] "GET /products/desk/ HTTP/1.1" 200 3327 "-" "Mozilla/5.0 (Macintosh; Intel Mac OS X 10.8; rv:23.0) Gecko/20100101 Firefox/23.0"
123.4.5.9 - - [03/Sep/2013:22:17:08 -0600] "GET /team/ HTTP/1.1" 200 3327 "-" "Mozilla/5.0 (Macintosh; Intel Mac OS X 10.8; rv:23.0) Gecko/20100101 Firefox/23.0"
123.4.5.5 - - [03/Sep/2013:22:17:18 -0600] "GET /login/ HTTP/1.1" 200 3327 "-" "Mozilla/5.0 (Macintosh; Intel Mac OS X 10_8_4) AppleWebKit/537.36 (KHTML, like Gecko) Chrome/29.0.1547.65 Safari/537.36"
123.4.5.9 - - [03/Sep/2013:22:17:28 -0600] "GET /products/phone/ HTTP/1.1" 500 821 "-" "Mozilla/5.0 (Macintosh; Intel Mac OS X 10.8; rv:23.0) Gecko/20100101 Firefox/23.0"
123.4.5.9 - - [03/Sep/2013:22:17:38 -0600] "GET /products/desk/ HTTP/1.1" 200 3327 "-" "Mozilla/5.0 (Macintosh; Intel Mac OS X 10.8; rv:23.0) Gecko/20100101 Firefox/23.0"
123.4.5.2 - - [03/Sep/2013:22:17:48 -0600] "GET /products/phone/ HTTP/1.1" 200 3327 "-" "Mozilla/5.0 (Macintosh; Intel Mac OS X 10_8_4) AppleWebKit/537.36 (KHTML, like Gecko) Chrome/29.0.1547.65 Safari/537.36"
123.4.5.7 - - [03/Sep/2013:22:17:58 -0600] "GET /products/desk/ HTTP/1.1" 200 3327 "-" "Mozilla/5.0 (Macintosh; Intel Mac OS X 10_8_4) AppleWebKit/537.36 (KHTML, like Gecko) Chrome/29.0.1547.65 Safari/537.36"
123.4.5.6 - - [03/Sep/2013:22:18:08 -0600] "GET /products/phone/ HTTP/1.1" 200 3327 "-" "Mozilla/5.0 (Macintosh; Intel Mac OS X 10_8_4) AppleWebKit/537.36 (KHTML, like Gecko) Chrome/29.0.1547.65 Safari/537.36"
123.4.5.2 - - [03/Sep/2013:22:18:18 -0600] "GET /products/car/ HTTP/1.1" 200 3327 "-" "Mozilla/5.0 (Macintosh; Intel Mac OS X 10.8; rv:23.0) Gecko/20100101 Firefox/23.0"
123.4.5.2 - - [03/Sep/2013:22:18:28 -0600] "GET /contact/ HTTP/1.1" 200 3327 "-" "Mozilla/5.0 (Macintosh; Intel Mac OS X 10.8; rv:23.0) Gecko/20100101 Firefox/23.0"
123.4.5.9 - - [03/Sep/2013:22:18:38 -0600] "GET /products/desk/ HTTP/1.1" 200 3327 "-" "Mozilla/5.0 (Macintosh; Intel Mac OS X 10.8; rv:23.0) Gecko/20100101 Firefox/23.0"
123.4.5.9 - - [03/Sep/2013:22:18:48 -0600] "GET /contact/ HTTP/1.1" 200 3327 "-" "Mozilla/5.0 (Macintosh; Intel Mac OS X 10.8; rv:23.0) Gecko/20100101 Firefox/23.0"
123.4.5.5 - - [03/Sep/2013:22:18:58 -0600] "GET /products/ HTTP/1.1" 200 3327 "-" "Mozilla/5.0 (Macintosh; Intel Mac OS X 10_8_4) AppleWebKit/537.36 (KHTML, like Gecko) Chrome/29.0.1547.65 Safari/537.36"
123.4.5.4 - - [03/Sep/2013:22:19:08 -0600] "GET /products/phone/ HTTP/1.1" 200 3327 "-" "Mozilla/5.0 (Macintosh; Intel Mac OS X 10.8; rv:23.0) Gecko/20100101 Firefox/23.0"
123.4.5.4 - - [03/Sep/2013:22:19:18 -0600] "GET /products/phone/ HTTP/1.1" 200 3327 "-" "Mozilla/5.0 (Macintosh; Intel Mac OS X 10_8_4) AppleWebKit/537.36 (KHTML, like Gecko) Chrome/29.0.1547.65 Safari/537.36"
123.4.5.9 - - [03/Sep/2013:22:19:28 -0600] "GET /products/phone/ HTTP/1.1" 200 3327 "-" "Mozilla/5.0 (Macintosh; Intel Mac OS X 10_8_4) AppleWebKit/537.36 (KHTML, like Gecko) Chrome/29.0.1547.65 Safari/537.36"
123.4.5.7 - - [03/Sep/2013:22:19:38 -0600] "GET /products/phone/ HTTP/1.1" 200 3327 "-" "Mozilla/5.0 (Macintosh; Intel Mac OS X 10.8; rv:23.0) Gecko/20100101 Firefox/23.0"
123.4.5.4 - - [03/Sep/2013:22:19:48 -0600] "GET /login/ HTTP/1.1" 200 3327 "-" "Mozilla/5.0 (Macintosh; Intel Mac OS X 10_8_4) AppleWebKit/537.36 (KHTML, like Gecko) Chrome/29.0.1547.65 Safari/537.36"
123.4.5.1 - - [03/Sep/2013:22:19:58 -0600] "GET /login/ HTTP/1.1" 500 821 "-" "Mozilla/5.0 (Macintosh; Intel Mac OS X 10_8_4) AppleWebKit/537.36 (KHTML, like Gecko) Chrome/29.0.1547.65 Safari/537.36"
123.4.5.6 - - [03/Sep/2013:22:20:08 -0600] "GET /products/car/ HTTP/1.1" 200 3327 "-" "Mozilla/5.0 (Macintosh; Intel Mac OS X 10.8; rv:23.0) Gecko/20100101 Firefox/23.0"
123.4.5.8 - - [03/Sep/2013:22:20:18 -0600] "GET /admin/ HTTP/1.1" 200 3327 "-" "Mozilla/5.0 (Macintosh; Intel Mac OS X 10_8_4) AppleWebKit/537.36 (KHTML, like Gecko) Chrome/29.0.1547.65 Safari/537.36"
123.4.5.4 - - [03/Sep/2013:22:20:28 -0600] "GET /products/desk/ HTTP/1.1" 200 3327 "-" "Mozilla/5.0 (Macintosh; Intel Mac OS X 10_8_4) AppleWebKit/537.36 (KHTML, like Gecko) Chrome/29.0.1547.65 Safari/537.36"
123.4.5.8 - - [03/Sep/2013:22:20:38 -0600] "GET /access/ HTTP/1.1" 500 821 "-" "Mozilla/5.0 (Macintosh; Intel Mac OS X 10_8_4) AppleWebKit/537.36 (KHTML, like Gecko) Chrome/29.0.1547.65 Safari/537.36"
