123.4.5.2 - - [03/Sep/2013:20:49:58 -0600] "GET /products/ HTTP/1.1" 500 821 "-" "Mozilla/5.0 (Macintosh; Intel Mac OS X 10.8; rv:23.0) Gecko/20100101 Firefox/23.0"
123.4.5.9 - - [03/Sep/2013:20:50:08 -0600] "GET /login/ HTTP/1.1" 200 3327 "-" "Mozilla/5.0 (Macintosh; Intel Mac OS X 10_8_4) AppleWebKit/537.36 (KHTML, like Gecko) Chrome/29.0.1547.65 Safari/537.36"
123.4.5.2 - - [03/Sep/2013:20:50:18 -0600] "GET /login/ HTTP/1.1" 200 3327 "-" "Mozilla/5.0 (Macintosh; Intel Mac OS X 10_8_4) AppleWebKit/537.36 (KHTML, like Gecko) Chrome/29.0.1547.65 Safari/537.36"
123.4.5.5 - - [03/Sep/2013:20:50:28 -0600] "GET /team/ HTTP/1.1" 200 3327 "-" "Mozilla/5.0 (Macintosh; Intel Mac OS X 10_8_4) AppleWebKit/537.36 (KHTML, like Gecko) Chrome/29.0.1547.65 Safari/537.36"
123.4.5.2 - - [03/Sep/2013:20:50:38 -0600] "GET /about/ HTTP/1.1" 200 3327 "-" "Mozilla/5.0 (Macintosh; Intel Mac OS X 10_8_4) AppleWebKit/537.36 (KHTML, like Gecko) Chrome/29.0.1547.65 Safari/537.36"
123.4.5.3 - - [03/Sep/2013:20:50:48 -0600] "GET /products/car/ HTTP/1.1" 200 3327 "-" "Mozilla/5.0 (Macintosh; Intel Mac OS X 10.8; rv:23.0) Gecko/20100101 Firefox/23.0"
123.4.5.7 - - [03/Sep/2013:20:50:58 -0600] "GET /admin/ HTTP/1.1" 200 3327 "-" "Mozilla/5.0 (Macintosh; Intel Mac OS X 10_8_4) AppleWebKit/537.36 (KHTML, like Gecko) Chrome/29.0.1547.65 Safari/537.36"
123.4.5.3 - - [03/Sep/2013:20:51:08 -0600] "GET /access/ HTTP/1.1" 200 3327 "-" "Mozilla/5.0 (Macintosh; Intel Mac OS X 10.8; rv:23.0) Gecko/20100101 Firefox/23.0"
123.4.5.4 - - [03/Sep/2013:20:51:18 -0600] "GET /login/ HTTP/1.1" 200 3327 "-" "Mozilla/5.0 (Macintosh; Intel Mac OS X 10_8_4) AppleWebKit/537.36 (KHTML, like Gecko) Chrome/29.0.1547.65 Safari/537.36"
123.4.5.3 - - [03/Sep/2013:20:51:28 -0600] "GET /products/ HTTP/1.1" 200 3327 "-" "Mozilla/5.0 (Macintosh; Intel Mac OS X 10.8; rv:23.0) Gecko/20100101 Firefox/23.0"
123.4.5.8 - - [03/Sep/2013:20:51:38 -0600] "GET /admin/ HTTP/1.1" 200 3327 "-" "Mozilla/5.0 (Macintosh; Intel Mac OS X 10.8; rv:23.0) Gecko/20100101 Firefox/23.0"
123.4.5.9 - - [03/Sep/2013:20:51:48 -0600] "GET /access/ HTTP/1.1" 200 3327 "-" "Mozilla/5.0 (Macintosh; Intel Mac OS X 10.8; rv:23.0) Gecko/20100101 Firefox/23.0"
123.4.5.8 - - [03/Sep/2013:20:51:58 -0600] "GET /about/ HTTP/1.1" 200 3327 "-" "Mozilla/5.0 (Macintosh; Intel Mac OS X 10_8_4) AppleWebKit/537.36 (KHTML, like Gecko) Chrome/29.0.1547.65 Safari/537.36"
123.4.5.2 - - [03/Sep/2013:20:52:08 -0600] "GET /products/desk/ HTTP/1.1" 200 3327 "-" "Mozilla/5.0 (Macintosh; Intel Mac OS X 10_8_4) AppleWebKit/537.36 (KHTML, like Gecko) Chrome/29.0.1547.65 Safari/537.36"
123.4.5.7 - - [03/Sep/2013:20:52:18 -0600] "GET /team/ HTTP/1.1" 200 3327 "-" "Mozilla/5.0 (Macintosh; Intel Mac OS X 10_8_4) AppleWebKit/537.36 (KHTML, like Gecko) Chrome/29.0.1547.65 Safari/537.36"
123.4.5.9 - - [03/Sep/2013:20:52:28 -0600] "GET /login/ HTTP/1.1" 500 821 "-" "Mozilla/5.0 (Macintosh; Intel Mac OS X 10.8; rv:23.0) Gecko/20100101 Firefox/23.0"
123.4.5.5 - - [03/Sep/2013:20:52:38 -0600] "GET /about/ HTTP/1.1" 200 3327 "-" "Mozilla/5.0 (Macintosh; Intel Mac OS X 10_8_4) AppleWebKit/537.36 (KHTML, like Gecko) Chrome/29.0.1547.65 Safari/537.36"
123.4.5.2 - - [03/Sep/2013:20:52:48 -0600] "GET /contact/ HTTP/1.1" 200 3327 "-" "Mozilla/5.0 (Macintosh; Intel Mac OS X 10.8; rv:23.0) Gecko/20100101 Firefox/23.0"
123.4.5.4 - - [03/Sep/2013:20:52:58 -0600] "GET /contact/ HTTP/1.1" 200 3327 "-" "Mozilla/5.0 (Macintosh; Intel Mac OS X 10_8_4) AppleWebKit/537.36 (KHTML, like Gecko) Chrome/29.0.1547.65 Safari/537.36"
123.4.5.6 - - [03/Sep/2013:20:53:08 -0600] "GET /login/ HTTP/1.1" 200 3327 "-" "Mozilla/5.0 (Macintosh; Intel Mac OS X 10.8; rv:23.0) Gecko/20100101 Firefox/23.0"
123.4.5.7 - - [03/Sep/2013:20:53:18 -0600] "GET /products/ HTTP/1.1" 200 3327 "-" "Mozilla/5.0 (Macintosh; Intel Mac OS X 10.8; rv:23.0) Gecko/20100101 Firefox/23.0"
123.4.5.9 - - [03/Sep/2013:20:53:28 -0600] "GET /products/phone/ HTTP/1.1" 200 3327 "-" "Mozilla/5.0 (Macintosh; Intel Mac OS X 10.8; rv:23.0) Gecko/20100101 Firefox/23.0"
123.4.5.3 - - [03/Sep/2013:20:53:38 -0600] "GET /admin/ HTTP/1.1" 200 3327 "-" "Mozilla/5.0 (Macintosh; Intel Mac OS X 10_8_4) AppleWebKit/537.36 (KHTML, like Gecko) Chrome/29.0.1547.65 Safari/537.36"
123.4.5.2 - - [03/Sep/2013:20:53:48 -0600] "GET /login/ HTTP/1.1" 200 3327 "-" "Mozilla/5.0 (Macintosh; Intel Mac OS X 10_8_4) AppleWebKit/537.36 (KHTML, like Gecko) Chrome/29.0.1547.65 Safari/537.36"
123.4.5.7 - - [03/Sep/2013:20:53:58 -0600] "GET /products/car/ HTTP/1.1" 500 821 "-" "Mozilla/5.0 (Macintosh; Intel Mac OS X 10.8; rv:23.0) Gecko/20100101 Firefox/23.0"
123.4.5.7 - - [03/Sep/2013:20:54:08 -0600] "GET /team/ HTTP/1.1" 200 3327 "-" "Mozilla/5.0 (Macintosh; Intel Mac OS X 10.8; rv:23.0) Gecko/20100101 Firefox/23.0"
123.4.5.4 - - [03/Sep/2013:20:54:18 -0600] "GET /products/desk/ HTTP/1.1" 200 3327 "-" "Mozilla/5.0 (Macintosh; Intel Mac OS X 10_8_4) AppleWebKit/537.36 (KHTML, like Gecko) Chrome/29.0.1547.65 Safari/537.36"
123.4.5.2 - - [03/Sep/2013:20:54:28 -0600] "GET /team/ HTTP/1.1" 200 3327 "-" "Mozilla/5.0 (Macintosh; Intel Mac OS X 10_8_4) AppleWebKit/537.36 (KHTML, like Gecko) Chrome/29.0.1547.65 Safari/537.36"
123.4.5.8 - - [03/Sep/2013:20:54:38 -0600] "GET /products/car/ HTTP/1.1" 200 3327 "-" "Mozilla/5.0 (Macintosh; Intel Mac OS X 10_8_4) AppleWebKit/537.36 (KHTML, like Gecko) Chrome/29.0.1547.65 Safari/537.36"
123.4.5.4 - - [03/Sep/2013:20:54:48 -0600] "GET /products/desk/ HTTP/1.1" 200 3327 "-" "Mozilla/5.0 (Macintosh; Intel Mac OS X 10_8_4) AppleWebKit/537.36 (KHTML, like Gecko) Chrome/29.0.1547.65 Safari/537.36"
123.4.5.4 - - [03/Sep/2013:20:54:58 -0600] "GET /products/desk/ HTTP/1.1" 200 3327 "-" "Mozilla/5.0 (Macintosh; Intel Mac OS X 10_8_4) AppleWebKit/537.36 (KHTML, like Gecko) Chrome/29.0.1547.65 Safari/537.36"
123.4.5.8 - - [03/Sep/2013:20:55:08 -0600] "GET /login/ HTTP/1.1" 200 3327 "-" "Mozilla/5.0 (Macintosh; Intel Mac OS X 10.8; rv:23.0) Gecko/20100101 Firefox/23.0"
123.4.5.4 - - [03/Sep/2013:20:55:18 -0600] "GET /admin/ HTTP/1.1" 200 3327 "-" "Mozilla/5.0 (Macintosh; Intel Mac OS X 10.8; rv:23.0) Gecko/20100101 Firefox/23.0"
123.4.5.4 - - [03/Sep/2013:20:55:28 -0600] "GET /products/car/ HTTP/1.1" 200 3327 "-" "Mozilla/5.0 (Macintosh; Intel Mac OS X 10.8; rv:23.0) Gecko/20100101 Firefox/23.0"
123.4.5.2 - - [03/Sep/2013:20:55:38 -0600] "GET /products/car/ HTTP/1.1" 200 3327 "-" "Mozilla/5.0 (Macintosh; Intel Mac OS X 10_8_4) AppleWebKit/537.36 (KHTML, like Gecko) Chrome/29.0.1547.65 Safari/537.36"
123.4.5.1 - - [03/Sep/2013:20:55:48 -0600] "GET /contact/ HTTP/1.1" 200 3327 "-" "Mozilla/5.0 (Macintosh; Intel Mac OS X 10.8; rv:23.0) Gecko/20100101 Firefox/23.0"
123.4.5.5 - - [03/Sep/2013:20:55:58 -0600] "GET /contact/ HTTP/1.1" 200 3327 "-" "Mozilla/5.0 (Macintosh; Intel Mac OS X 10_8_4) AppleWebKit/537.36 (KHTML, like Gecko) Chrome/29.0.1547.65 Safari/537.36"
123.4.5.3 - - [03/Sep/2013:20:56:08 -0600] "GET /login/ HTTP/1.1" 200 3327 "-" "Mozilla/5.0 (Macintosh; Intel Mac OS X 10.8; rv:23.0) Gecko/20100101 Firefox/23.0"
123.4.5.9 - - [03/Sep/2013:20:56:18 -0600] "GET /products/phone/ HTTP/1.1" 200 3327 "-" "Mozilla/5.0 (Macintosh; Intel Mac OS X 10.8; rv:23.0) Gecko/20100101 Firefox/23.0"
123.4.5.7 - - [03/Sep/2013:20:56:28 -0600] "GET /login/ HTTP/1.1" 200 3327 "-" "Mozilla/5.0 (Macintosh; Intel Mac OS X 10.8; rv:23.0) Gecko/20100101 Firefox/23.0"
123.4.5.6 - - [03/Sep/2013:20:56:38 -0600] "GET /products/ HTTP/1.1" 200 3327 "-" "Mozilla/5.0 (Macintosh; Intel Mac OS X 10_8_4) AppleWebKit/537.36 (KHTML, like Gecko) Chrome/29.0.1547.65 Safari/537.36"
123.4.5.1 - - [03/Sep/2013:20:56:48 -0600] "GET /jobs/ HTTP/1.1" 200 3327 "-" "Mozilla/5.0 (Macintosh; Intel Mac OS X 10.8; rv:23.0) Gecko/20100101 Firefox/23.0"
123.4.5.9 - - [03/Sep/2013:20:56:58 -0600] "GET /login/ HTTP/1.1" 200 3327 "-" "Mozilla/5.0 (Macintosh; Intel Mac OS X 10.8; rv:23.0) Gecko/20100101 Firefox/23.0"
123.4.5.2 - - [03/Sep/2013:20:57:08 -0600] "GET /contact/ HTTP/1.1" 200 3327 "-" "Mozilla/5.0 (Macintosh; Intel Mac OS X 10_8_4) AppleWebKit/537.36 (KHTML, like Gecko) Chrome/29.0.1547.65 Safari/537.36"
123.4.5.5 - - [03/Sep/2013:20:57:18 -0600] "GET /products/car/ HTTP/1.1" 200 3327 "-" "Mozilla/5.0 (Macintosh; Intel Mac OS X 10.8; rv:23.0) Gecko/20100101 Firefox/23.0"
123.4.5.8 - - [03/Sep/2013:20:57:28 -0600] "GET /login/ HTTP/1.1" 500 821 "-" "Mozilla/5.0 (Macintosh; Intel Mac OS X 10.8; rv:23.0) Gecko/20100101 Firefox/23.0"
123.4.5.8 - - [03/Sep/2013:20:57:38 -0600] "GET /products/desk/ HTTP/1.1" 200 3327 "-" "Mozilla/5.0 (Macintosh; Intel Mac OS X 10_8_4) AppleWebKit/537.36 (KHTML, like Gecko) Chrome/29.0.1547.65 Safari/537.36"
123.4.5.1 - - [03/Sep/2013:20:57:48 -0600] "GET /about/ HTTP/1.1" 200 3327 "-" "Mozilla/5.0 (Macintosh; Intel Mac OS X 10_8_4) AppleWebKit/537.36 (KHTML, like Gecko) Chrome/29.0.1547.65 Safari/537.36"
123.4.5.3 - - [03/Sep/2013:20:57:58 -0600] "GET /team/ HTTP/1.1" 200 3327 "-" "Mozilla/5.0 (Macintosh; Intel Mac OS X 10_8_4) AppleWebKit/537.36 (KHTML, like Gecko) Chrome/29.0.1547.65 Safari/537.36"
123.4.5.1 - - [03/Sep/2013:20:58:08 -0600] "GET /products/car/ HTTP/1.1" 200 3327 "-" "Mozilla/5.0 (Macintosh; Intel Mac OS X 10.8; rv:23.0) Gecko/20100101 Firefox/23.0"
123.4.5.1 - - [03/Sep/2013:20:58:18 -0600] "GET /admin/ HTTP/1.1" 200 3327 "-" "Mozilla/5.0 (Macintosh; Intel Mac OS X 10.8; rv:23.0) Gecko/20100101 Firefox/23.0"
123.4.5.9 - - [03/Sep/2013:20:58:28 -0600] "GET /jobs/ HTTP/1.1" 200 3327 "-" "Mozilla/5.0 (Macintosh; Intel Mac OS X 10.8; rv:23.0) Gecko/20100101 Firefox/23.0"
123.4.5.2 - - [03/Sep/2013:20:58:38 -0600] "GET /products/ HTTP/1.1" 200 3327 "-" "Mozilla/5.0 (Macintosh; Intel Mac OS X 10.8; rv:23.0) Gecko/20100101 Firefox/23.0"
123.4.5.3 - - [03/Sep/2013:20:58:48 -0600] "GET /about/ HTTP/1.1" 200 3327 "-" "Mozilla/5.0 (Macintosh; Intel Mac OS X 10.8; rv:23.0) Gecko/20100101 Firefox/23.0"
123.4.5.4 - - [03/Sep/2013:20:58:58 -0600] "GET /jobs/ HTTP/1.1" 200 3327 "-" "Mozilla/5.0 (Macintosh; Intel Mac OS X 10_8_4) AppleWebKit/537.36 (KHTML, like Gecko) Chrome/29.0.1547.65 Safari/537.36"
123.4.5.3 - - [03/Sep/2013:20:59:08 -0600] "GET /contact/ HTTP/1.1" 500 821 "-" "Mozilla/5.0 (Macintosh; Intel Mac OS X 10_8_4) AppleWebKit/537.36 (KHTML, like Gecko) Chrome/29.0.1547.65 Safari/537.36"
123.4.5.1 - - [03/Sep/2013:20:59:18 -0600] "GET /products/desk/ HTTP/1.1" 200 3327 "-" "Mozilla/5.0 (Macintosh; Intel Mac OS X 10_8_4) AppleWebKit/537.36 (KHTML, like Gecko) Chrome/29.0.1547.65 Safari/537.36"
123.4.5.7 - - [03/Sep/2013:20:59:28 -0600] "GET /team/ HTTP/1.1" 200 3327 "-" "Mozilla/5.0 (Macintosh; Intel Mac OS X 10_8_4) AppleWebKit/537.36 (KHTML, like Gecko) Chrome/29.0.1547.65 Safari/537.36"
123.4.5.7 - - [03/Sep/2013:20:59:38 -0600] "GET /products/ HTTP/1.1" 500 821 "-" "Mozilla/5.0 (Macintosh; Intel Mac OS X 10.8; rv:23.0) Gecko/20100101 Firefox/23.0"
123.4.5.1 - - [03/Sep/2013:20:59:48 -0600] "GET /contact/ HTTP/1.1" 200 3327 "-" "Mozilla/5.0 (Macintosh; Intel Mac OS X 10_8_4) AppleWebKit/537.36 (KHTML, like Gecko) Chrome/29.0.1547.65 Safari/537.36"
123.4.5.5 - - [03/Sep/2013:20:59:58 -0600] "GET /jobs/ HTTP/1.1" 200 3327 "-" "Mozilla/5.0 (Macintosh; Intel Mac OS X 10.8; rv:23.0) Gecko/20100101 Firefox/23.0"
123.4.5.5 - - [03/Sep/2013:21:00:08 -0600] "GET /products/car/ HTTP/1.1" 500 821 "-" "Mozilla/5.0 (Macintosh; Intel Mac OS X 10.8; rv:23.0) Gecko/20100101 Firefox/23.0"
123.4.5.8 - - [03/Sep/2013:21:00:18 -0600] "GET /products/car/ HTTP/1.1" 200 3327 "-" "Mozilla/5.0 (Macintosh; Intel Mac OS X 10.8; rv:23.0) Gecko/20100101 Firefox/23.0"
123.4.5.4 - - [03/Sep/2013:21:00:28 -0600] "GET /login/ HTTP/1.1" 200 3327 "-" "Mozilla/5.0 (Macintosh; Intel Mac OS X 10.8; rv:23.0) Gecko/20100101 Firefox/23.0"
123.4.5.3 - - [03/Sep/2013:21:00:38 -0600] "GET /admin/ HTTP/1.1" 200 3327 "-" "Mozilla/5.0 (Macintosh; Intel Mac OS X 10_8_4) AppleWebKit/537.36 (KHTML, like Gecko) Chrome/29.0.1547.65 Safari/537.36"
123.4.5.8 - - [03/Sep/2013:21:00:48 -0600] "GET /products/car/ HTTP/1.1" 200 3327 "-" "Mozilla/5.0 (Macintosh; Intel Mac OS X 10.8; rv:23.0) Gecko/20100101 Firefox/23.0"
123.4.5.9 - - [03/Sep/2013:21:00:58 -0600] "GET /team/ HTTP/1.1" 200 3327 "-" "Mozilla/5.0 (Macintosh; Intel Mac OS X 10.8; rv:23.0) Gecko/20100101 Firefox/23.0"
123.4.5.9 - - [03/Sep/2013:21:01:08 -0600] "GET /access/ HTTP/1.1" 200 3327 "-" "Mozilla/5.0 (Macintosh; Intel Mac OS X 10_8_4) AppleWebKit/537.36 (KHTML, like Gecko) Chrome/29.0.1547.65 Safari/537.36"
123.4.5.8 - - [03/Sep/2013:21:01:18 -0600] "GET /login/ HTTP/1.1" 200 3327 "-" "Mozilla/5.0 (Macintosh; Intel Mac OS X 10_8_4) AppleWebKit/537.36 (KHTML, like Gecko) Chrome/29.0.1547.65 Safari/537.36"
123.4.5.1 - - [03/Sep/2013:21:01:28 -0600] "GET /team/ HTTP/1.1" 200 3327 "-" "Mozilla/5.0 (Macintosh; Intel Mac OS X 10_8_4) AppleWebKit/537.36 (KHTML, like Gecko) Chrome/29.0.1547.65 Safari/537.36"
123.4.5.6 - - [03/Sep/2013:21:01:38 -0600] "GET /products/ HTTP/1.1" 200 3327 "-" "Mozilla/5.0 (Macintosh; Intel Mac OS X 10_8_4) AppleWebKit/537.36 (KHTML, like Gecko) Chrome/29.0.1547.65 Safari/537.36"
123.4.5.9 - - [03/Sep/2013:21:01:48 -0600] "GET /jobs/ HTTP/1.1" 500 821 "-" "Mozilla/5.0 (Macintosh; Intel Mac OS X 10.8; rv:23.0) Gecko/20100101 Firefox/23.0"
123.4.5.7 - - [03/Sep/2013:21:01:58 -0600] "GET /jobs/ HTTP/1.1" 200 3327 "-" "Mozilla/5.0 (Macintosh; Intel Mac OS X 10.8; rv:23.0) Gecko/20100101 Firefox/23.0"
123.4.5.2 - - [03/Sep/2013:21:02:08 -0600] "GET /products/ HTTP/1.1" 200 3327 "-" "Mozilla/5.0 (Macintosh; Intel Mac OS X 10_8_4) AppleWebKit/537.36 (KHTML, like Gecko) Chrome/29.0.1547.65 Safari/537.36"
123.4.5.5 - - [03/Sep/2013:21:02:18 -0600] "GET /access/ HTTP/1.1" 200 3327 "-" "Mozilla/5.0 (Macintosh; Intel Mac OS X 10.8; rv:23.0) Gecko/20100101 Firefox/23.0"
123.4.5.6 - - [03/Sep/2013:21:02:28 -0600] "GET /login/ HTTP/1.1" 200 3327 "-" "Mozilla/5.0 (Macintosh; Intel Mac OS X 10.8; rv:23.0) Gecko/20100101 Firefox/23.0"
123.4.5.7 - - [03/Sep/2013:21:02:38 -0600] "GET /products/ HTTP/1.1" 200 3327 "-" "Mozilla/5.0 (Macintosh; Intel Mac OS X 10_8_4) AppleWebKit/537.36 (KHTML, like Gecko) Chrome/29.0.1547.65 Safari/537.36"
123.4.5.5 - - [03/Sep/2013:21:02:48 -0600] "GET /contact/ HTTP/1.1" 200 3327 "-" "Mozilla/5.0 (Macintosh; Intel Mac OS X 10_8_4) AppleWebKit/537.36 (KHTML, like Gecko) Chrome/29.0.1547.65 Safari/537.36"
123.4.5.3 - - [03/Sep/2013:21:02:58 -0600] "GET /products/phone/ HTTP/1.1" 200 3327 "-" "Mozilla/5.0 (Macintosh; Intel Mac OS X 10.8; rv:23.0) Gecko/20100101 Firefox/23.0"
123.4.5.7 - - [03/Sep/2013:21:03:08 -0600] "GET /about/ HTTP/1.1" 200 3327 "-" "Mozilla/5.0 (Macintosh; Intel Mac OS X 10_8_4) AppleWebKit/537.36 (KHTML, like Gecko) Chrome/29.0.1547.65 Safari/537.36"
123.4.5.1 - - [03/Sep/2013:21:03:18 -0600] "GET /about/ HTTP/1.1" 200 3327 "-" "Mozilla/5.0 (Macintosh; Intel Mac OS X 10_8_4) AppleWebKit/537.36 (KHTML, like Gecko) Chrome/29.0.1547.65 Safari/537.36"
123.4.5.6 - - [03/Sep/2013:21:03:28 -0600] "GET /admin/ HTTP/1.1" 200 3327 "-" "Mozilla/5.0 (Macintosh; Intel Mac OS X 10.8; rv:23.0) Gecko/20100101 Firefox/23.0"
123.4.5.9 - - [03/Sep/2013:21:03:38 -0600] "GET /team/ HTTP/1.1" 200 3327 "-" "Mozilla/5.0 (Macintosh; Intel Mac OS X 10.8; rv:23.0) Gecko/20100101 Firefox/23.0"
123.4.5.1 - - [03/Sep/2013:21:03:48 -0600] "GET /access/ HTTP/1.1" 200 3327 "-" "Mozilla/5.0 (Macintosh; Intel Mac OS X 10_8_4) AppleWebKit/537.36 (KHTML, like Gecko) Chrome/29.0.1547.65 Safari/537.36"
123.4.5.2 - - [03/Sep/2013:21:03:58 -0600] "GET /products/ HTTP/1.1" 200 3327 "-" "Mozilla/5.0 (Macintosh; Intel Mac OS X 10.8; rv:23.0) Gecko/20100101 Firefox/23.0"
123.4.5.9 - - [03/Sep/2013:21:04:08 -0600] "GET /products/ HTTP/1.1" 200 3327 "-" "Mozilla/5.0 (Macintosh; Intel Mac OS X 10.8; rv:23.0) Gecko/20100101 Firefox/23.0"
123.4.5.7 - - [03/Sep/2013:21:04:18 -0600] "GET /login/ HTTP/1.1" 200 3327 "-" "Mozilla/5.0 (Macintosh; Intel Mac OS X 10.8; rv:23.0) Gecko/20100101 Firefox/23.0"
123.4.5.8 - - [03/Sep/2013:21:04:28 -0600] "GET /products/car/ HTTP/1.1" 200 3327 "-" "Mozilla/5.0 (Macintosh; Intel Mac OS X 10_8_4) AppleWebKit/537.36 (KHTML, like Gecko) Chrome/29.0.1547.65 Safari/537.36"
123.4.5.9 - - [03/Sep/2013:21:04:38 -0600] "GET /login/ HTTP/1.1" 200 3327 "-" "Mozilla/5.0 (Macintosh; Intel Mac OS X 10.8; rv:23.0) Gecko/20100101 Firefox/23.0"
123.4.5.9 - - [03/Sep/2013:21:04:48 -0600] "GET /login/ HTTP/1.1" 200 3327 "-" "Mozilla/5.0 (Macintosh; Intel Mac OS X 10.8; rv:23.0) Gecko/20100101 Firefox/23.0"
123.4.5.5 - - [03/Sep/2013:21:04:58 -0600] "GET /admin/ HTTP/1.1" 200 3327 "-" "Mozilla/5.0 (Macintosh; Intel Mac OS X 10.8; rv:23.0) Gecko/20100101 Firefox/23.0"
123.4.5.4 - - [03/Sep/2013:21:05:08 -0600] "GET /admin/ HTTP/1.1" 200 3327 "-" "Mozilla/5.0 (Macintosh; Intel Mac OS X 10_8_4) AppleWebKit/537.36 (KHTML, like Gecko) Chrome/29.0.1547.65 Safari/537.36"
123.4.5.6 - - [03/Sep/2013:21:05:18 -0600] "GET /admin/ HTTP/1.1" 200 3327 "-" "Mozilla/5.0 (Macintosh; Intel Mac OS X 10.8; rv:23.0) Gecko/20100101 Firefox/23.0"
123.4.5.2 - - [03/Sep/2013:21:05:28 -0600] "GET /products/ HTTP/1.1" 200 3327 "-" "Mozilla/5.0 (Macintosh; Intel Mac OS X 10.8; rv:23.0) Gecko/20100101 Firefox/23.0"
123.4.5.1 - - [03/Sep/2013:21:05:38 -0600] "GET /about/ HTTP/1.1" 200 3327 "-" "Mozilla/5.0 (Macintosh; Intel Mac OS X 10_8_4) AppleWebKit/537.36 (KHTML, like Gecko) Chrome/29.0.1547.65 Safari/537.36"
123.4.5.2 - - [03/Sep/2013:21:05:48 -0600] "GET /products/phone/ HTTP/1.1" 200 3327 "-" "Mozilla/5.0 (Macintosh; Intel Mac OS X 10_8_4) AppleWebKit/537.36 (KHTML, like Gecko) Chrome/29.0.1547.65 Safari/537.36"
123.4.5.8 - - [03/Sep/2013:21:05:58 -0600] "GET /products/phone/ HTTP/1.1" 500 821 "-" "Mozilla/5.0 (Macintosh; Intel Mac OS X 10.8; rv:23.0) Gecko/20100101 Firefox/23.0"
123.4.5.7 - - [03/Sep/2013:21:06:08 -0600] "GET /products/phone/ HTTP/1.1" 200 3327 "-" "Mozilla/5.0 (Macintosh; Intel Mac OS X 10.8; rv:23.0) Gecko/20100101 Firefox/23.0"
123.4.5.1 - - [03/Sep/2013:21:06:18 -0600] "GET /products/desk/ HTTP/1.1" 200 3327 "-" "Mozilla/5.0 (Macintosh; Intel Mac OS X 10.8; rv:23.0) Gecko/20100101 Firefox/23.0"
123.4.5.5 - - [03/Sep/2013:21:06:28 -0600] "GET /login/ HTTP/1.1" 200 3327 "-" "Mozilla/5.0 (Macintosh; Intel Mac OS X 10.8; rv:23.0) Gecko/20100101 Firefox/23.0"
123.4.5.2 - - [03/Sep/2013:21:06:38 -0600] "GET /team/ HTTP/1.1" 200 3327 "-" "Mozilla/5.0 (Macintosh; Intel Mac OS X 10.8; rv:23.0) Gecko/20100101 Firefox/23.0"
123.4.5.4 - - [03/Sep/2013:21:06:48 -0600] "GET /products/desk/ HTTP/1.1" 500 821 "-" "Mozilla/5.0 (Macintosh; Intel Mac OS X 10_8_4) AppleWebKit/537.36 (KHTML, like Gecko) Chrome/29.0.1547.65 Safari/537.36"
123.4.5.2 - - [03/Sep/2013:21:06:58 -0600] "GET /products/phone/ HTTP/1.1" 200 3327 "-" "Mozilla/5.0 (Macintosh; Intel Mac OS X 10.8; rv:23.0) Gecko/20100101 Firefox/23.0"
123.4.5.8 - - [03/Sep/2013:21:07:08 -0600] "GET /products/ HTTP/1.1" 200 3327 "-" "Mozilla/5.0 (Macintosh; Intel Mac OS X 10_8_4) AppleWebKit/537.36 (KHTML, like Gecko) Chrome/29.0.1547.65 Safari/537.36"
123.4.5.2 - - [03/Sep/2013:21:07:18 -0600] "GET /about/ HTTP/1.1" 200 3327 "-" "Mozilla/5.0 (Macintosh; Intel Mac OS X 10_8_4) AppleWebKit/537.36 (KHTML, like Gecko) Chrome/29.0.1547.65 Safari/537.36"
123.4.5.7 - - [03/Sep/2013:21:07:28 -0600] "GET /contact/ HTTP/1.1" 200 3327 "-" "Mozilla/5.0 (Macintosh; Intel Mac OS X 10.8; rv:23.0) Gecko/20100101 Firefox/23.0"
123.4.5.5 - - [03/Sep/2013:21:07:38 -0600] "GET /products/phone/ HTTP/1.1" 500 821 "-" "Mozilla/5.0 (Macintosh; Intel Mac OS X 10_8_4) AppleWebKit/537.36 (KHTML, like Gecko) Chrome/29.0.1547.65 Safari/537.36"
123.4.5.5 - - [03/Sep/2013:21:07:48 -0600] "GET /products/ HTTP/1.1" 200 3327 "-" "Mozilla/5.0 (Macintosh; Intel Mac OS X 10.8; rv:23.0) Gecko/20100101 Firefox/23.0"
123.4.5.4 - - [03/Sep/2013:21:07:58 -0600] "GET /products/phone/ HTTP/1.1" 200 3327 "-" "Mozilla/5.0 (Macintosh; Intel Mac OS X 10_8_4) AppleWebKit/537.36 (KHTML, like Gecko) Chrome/29.0.1547.65 Safari/537.36"
123.4.5.2 - - [03/Sep/2013:21:08:08 -0600] "GET /admin/ HTTP/1.1" 200 3327 "-" "Mozilla/5.0 (Macintosh; Intel Mac OS X 10_8_4) AppleWebKit/537.36 (KHTML, like Gecko) Chrome/29.0.1547.65 Safari/537.36"
123.4.5.3 - - [03/Sep/2013:21:08:18 -0600] "GET /login/ HTTP/1.1" 200 3327 "-" "Mozilla/5.0 (Macintosh; Intel Mac OS X 10.8; rv:23.0) Gecko/20100101 Firefox/23.0"
123.4.5.5 - - [03/Sep/2013:21:08:28 -0600] "GET /products/car/ HTTP/1.1" 200 3327 "-" "Mozilla/5.0 (Macintosh; Intel Mac OS X 10_8_4) AppleWebKit/537.36 (KHTML, like Gecko) Chrome/29.0.1547.65 Safari/537.36"
123.4.5.4 - - [03/Sep/2013:21:08:38 -0600] "GET /products/desk/ HTTP/1.1" 200 3327 "-" "Mozilla/5.0 (Macintosh; Intel Mac OS X 10_8_4) AppleWebKit/537.36 (KHTML, like Gecko) Chrome/29.0.1547.65 Safari/537.36"
123.4.5.2 - - [03/Sep/2013:21:08:48 -0600] "GET /jobs/ HTTP/1.1" 500 821 "-" "Mozilla/5.0 (Macintosh; Intel Mac OS X 10_8_4) AppleWebKit/537.36 (KHTML, like Gecko) Chrome/29.0.1547.65 Safari/537.36"
123.4.5.5 - - [03/Sep/2013:21:08:58 -0600] "GET /products/phone/ HTTP/1.1" 200 3327 "-" "Mozilla/5.0 (Macintosh; Intel Mac OS X 10.8; rv:23.0) Gecko/20100101 Firefox/23.0"
123.4.5.4 - - [03/Sep/2013:21:09:08 -0600] "GET /login/ HTTP/1.1" 200 3327 "-" "Mozilla/5.0 (Macintosh; Intel Mac OS X 10_8_4) AppleWebKit/537.36 (KHTML, like Gecko) Chrome/29.0.1547.65 Safari/537.36"
123.4.5.7 - - [03/Sep/2013:21:09:18 -0600] "GET /products/desk/ HTTP/1.1" 200 3327 "-" "Mozilla/5.0 (Macintosh; Intel Mac OS X 10.8; rv:23.0) Gecko/20100101 Firefox/23.0"
123.4.5.6 - - [03/Sep/2013:21:09:28 -0600] "GET /jobs/ HTTP/1.1" 500 821 "-" "Mozilla/5.0 (Macintosh; Intel Mac OS X 10_8_4) AppleWebKit/537.36 (KHTML, like Gecko) Chrome/29.0.1547.65 Safari/537.36"
123.4.5.6 - - [03/Sep/2013:21:09:38 -0600] "GET /products/desk/ HTTP/1.1" 200 3327 "-" "Mozilla/5.0 (Macintosh; Intel Mac OS X 10.8; rv:23.0) Gecko/20100101 Firefox/23.0"
123.4.5.8 - - [03/Sep/2013:21:09:48 -0600] "GET /products/ HTTP/1.1" 200 3327 "-" "Mozilla/5.0 (Macintosh; Intel Mac OS X 10_8_4) AppleWebKit/537.36 (KHTML, like Gecko) Chrome/29.0.1547.65 Safari/537.36"
123.4.5.2 - - [03/Sep/2013:21:09:58 -0600] "GET /products/phone/ HTTP/1.1" 500 821 "-" "Mozilla/5.0 (Macintosh; Intel Mac OS X 10.8; rv:23.0) Gecko/20100101 Firefox/23.0"
123.4.5.3 - - [03/Sep/2013:21:10:08 -0600] "GET /jobs/ HTTP/1.1" 200 3327 "-" "Mozilla/5.0 (Macintosh; Intel Mac OS X 10.8; rv:23.0) Gecko/20100101 Firefox/23.0"
123.4.5.4 - - [03/Sep/2013:21:10:18 -0600] "GET /contact/ HTTP/1.1" 200 3327 "-" "Mozilla/5.0 (Macintosh; Intel Mac OS X 10_8_4) AppleWebKit/537.36 (KHTML, like Gecko) Chrome/29.0.1547.65 Safari/537.36"
123.4.5.3 - - [03/Sep/2013:21:10:28 -0600] "GET /jobs/ HTTP/1.1" 200 3327 "-" "Mozilla/5.0 (Macintosh; Intel Mac OS X 10_8_4) AppleWebKit/537.36 (KHTML, like Gecko) Chrome/29.0.1547.65 Safari/537.36"
123.4.5.9 - - [03/Sep/2013:21:10:38 -0600] "GET /products/car/ HTTP/1.1" 200 3327 "-" "Mozilla/5.0 (Macintosh; Intel Mac OS X 10.8; rv:23.0) Gecko/20100101 Firefox/23.0"
123.4.5.4 - - [03/Sep/2013:21:10:48 -0600] "GET /products/phone/ HTTP/1.1" 200 3327 "-" "Mozilla/5.0 (Macintosh; Intel Mac OS X 10.8; rv:23.0) Gecko/20100101 Firefox/23.0"
123.4.5.5 - - [03/Sep/2013:21:10:58 -0600] "GET /products/car/ HTTP/1.1" 200 3327 "-" "Mozilla/5.0 (Macintosh; Intel Mac OS X 10.8; rv:23.0) Gecko/20100101 Firefox/23.0"
123.4.5.4 - - [03/Sep/2013:21:11:08 -0600] "GET /products/ HTTP/1.1" 200 3327 "-" "Mozilla/5.0 (Macintosh; Intel Mac OS X 10_8_4) AppleWebKit/537.36 (KHTML, like Gecko) Chrome/29.0.1547.65 Safari/537.36"
123.4.5.5 - - [03/Sep/2013:21:11:18 -0600] "GET /about/ HTTP/1.1" 200 3327 "-" "Mozilla/5.0 (Macintosh; Intel Mac OS X 10.8; rv:23.0) Gecko/20100101 Firefox/23.0"
123.4.5.6 - - [03/Sep/2013:21:11:28 -0600] "GET /team/ HTTP/1.1" 200 3327 "-" "Mozilla/5.0 (Macintosh; Intel Mac OS X 10.8; rv:23.0) Gecko/20100101 Firefox/23.0"
123.4.5.4 - - [03/Sep/2013:21:11:38 -0600] "GET /team/ HTTP/1.1" 200 3327 "-" "Mozilla/5.0 (Macintosh; Intel Mac OS X 10_8_4) AppleWebKit/537.36 (KHTML, like Gecko) Chrome/29.0.1547.65 Safari/537.36"
123.4.5.3 - - [03/Sep/2013:21:11:48 -0600] "GET /products/phone/ HTTP/1.1" 200 3327 "-" "Mozilla/5.0 (Macintosh; Intel Mac OS X 10_8_4) AppleWebKit/537.36 (KHTML, like Gecko) Chrome/29.0.1547.65 Safari/537.36"
123.4.5.1 - - [03/Sep/2013:21:11:58 -0600] "GET /jobs/ HTTP/1.1" 200 3327 "-" "Mozilla/5.0 (Macintosh; Intel Mac OS X 10.8; rv:23.0) Gecko/20100101 Firefox/23.0"
123.4.5.3 - - [03/Sep/2013:21:12:08 -0600] "GET /products/car/ HTTP/1.1" 200 3327 "-" "Mozilla/5.0 (Macintosh; Intel Mac OS X 10.8; rv:23.0) Gecko/20100101 Firefox/23.0"
123.4.5.2 - - [03/Sep/2013:21:12:18 -0600] "GET /products/ HTTP/1.1" 200 3327 "-" "Mozilla/5.0 (Macintosh; Intel Mac OS X 10.8; rv:23.0) Gecko/20100101 Firefox/23.0"
123.4.5.4 - - [03/Sep/2013:21:12:28 -0600] "GET /products/phone/ HTTP/1.1" 500 821 "-" "Mozilla/5.0 (Macintosh; Intel Mac OS X 10.8; rv:23.0) Gecko/20100101 Firefox/23.0"
123.4.5.9 - - [03/Sep/2013:21:12:38 -0600] "GET /products/desk/ HTTP/1.1" 200 3327 "-" "Mozilla/5.0 (Macintosh; Intel Mac OS X 10_8_4) AppleWebKit/537.36 (KHTML, like Gecko) Chrome/29.0.1547.65 Safari/537.36"
123.4.5.4 - - [03/Sep/2013:21:12:48 -0600] "GET /team/ HTTP/1.1" 200 3327 "-" "Mozilla/5.0 (Macintosh; Intel Mac OS X 10_8_4) AppleWebKit/537.36 (KHTML, like Gecko) Chrome/29.0.1547.65 Safari/537.36"
123.4.5.3 - - [03/Sep/2013:21:12:58 -0600] "GET /products/desk/ HTTP/1.1" 200 3327 "-" "Mozilla/5.0 (Macintosh; Intel Mac OS X 10_8_4) AppleWebKit/537.36 (KHTML, like Gecko) Chrome/29.0.1547.65 Safari/537.36"
123.4.5.8 - - [03/Sep/2013:21:13:08 -0600] "GET /about/ HTTP/1.1" 200 3327 "-" "Mozilla/5.0 (Macintosh; Intel Mac OS X 10_8_4) AppleWebKit/537.36 (KHTML, like Gecko) Chrome/29.0.1547.65 Safari/537.36"
123.4.5.2 - - [03/Sep/2013:21:13:18 -0600] "GET /products/phone/ HTTP/1.1" 200 3327 "-" "Mozilla/5.0 (Macintosh; Intel Mac OS X 10_8_4) AppleWebKit/537.36 (KHTML, like Gecko) Chrome/29.0.1547.65 Safari/537.36"
123.4.5.9 - - [03/Sep/2013:21:13:28 -0600] "GET /contact/ HTTP/1.1" 500 821 "-" "Mozilla/5.0 (Macintosh; Intel Mac OS X 10.8; rv:23.0) Gecko/20100101 Firefox/23.0"
123.4.5.8 - - [03/Sep/2013:21:13:38 -0600] "GET /access/ HTTP/1.1" 200 3327 "-" "Mozilla/5.0 (Macintosh; Intel Mac OS X 10_8_4) AppleWebKit/537.36 (KHTML, like Gecko) Chrome/29.0.1547.65 Safari/537.36"
123.4.5.3 - - [03/Sep/2013:21:13:48 -0600] "GET /jobs/ HTTP/1.1" 200 3327 "-" "Mozilla/5.0 (Macintosh; Intel Mac OS X 10.8; rv:23.0) Gecko/20100101 Firefox/23.0"
123.4.5.3 - - [03/Sep/2013:21:13:58 -0600] "GET /login/ HTTP/1.1" 200 3327 "-" "Mozilla/5.0 (Macintosh; Intel Mac OS X 10.8; rv:23.0) Gecko/20100101 Firefox/23.0"
123.4.5.4 - - [03/Sep/2013:21:14:08 -0600] "GET /access/ HTTP/1.1" 200 3327 "-" "Mozilla/5.0 (Macintosh; Intel Mac OS X 10_8_4) AppleWebKit/537.36 (KHTML, like Gecko) Chrome/29.0.1547.65 Safari/537.36"
123.4.5.4 - - [03/Sep/2013:21:14:18 -0600] "GET /contact/ HTTP/1.1" 200 3327 "-" "Mozilla/5.0 (Macintosh; Intel Mac OS X 10.8; rv:23.0) Gecko/20100101 Firefox/23.0"
123.4.5.2 - - [03/Sep/2013:21:14:28 -0600] "GET /jobs/ HTTP/1.1" 200 3327 "-" "Mozilla/5.0 (Macintosh; Intel Mac OS X 10_8_4) AppleWebKit/537.36 (KHTML, like Gecko) Chrome/29.0.1547.65 Safari/537.36"
123.4.5.5 - - [03/Sep/2013:21:14:38 -0600] "GET /jobs/ HTTP/1.1" 200 3327 "-" "Mozilla/5.0 (Macintosh; Intel Mac OS X 10.8; rv:23.0) Gecko/20100101 Firefox/23.0"
123.4.5.2 - - [03/Sep/2013:21:14:48 -0600] "GET /admin/ HTTP/1.1" 200 3327 "-" "Mozilla/5.0 (Macintosh; Intel Mac OS X 10_8_4) AppleWebKit/537.36 (KHTML, like Gecko) Chrome/29.0.1547.65 Safari/537.36"
123.4.5.9 - - [03/Sep/2013:21:14:58 -0600] "GET /products/ HTTP/1.1" 200 3327 "-" "Mozilla/5.0 (Macintosh; Intel Mac OS X 10_8_4) AppleWebKit/537.36 (KHTML, like Gecko) Chrome/29.0.1547.65 Safari/537.36"
123.4.5.7 - - [03/Sep/2013:21:15:08 -0600] "GET /about/ HTTP/1.1" 500 821 "-" "Mozilla/5.0 (Macintosh; Intel Mac OS X 10_8_4) AppleWebKit/537.36 (KHTML, like Gecko) Chrome/29.0.1547.65 Safari/537.36"
123.4.5.9 - - [03/Sep/2013:21:15:18 -0600] "GET /contact/ HTTP/1.1" 200 3327 "-" "Mozilla/5.0 (Macintosh; Intel Mac OS X 10_8_4) AppleWebKit/537.36 (KHTML, like Gecko) Chrome/29.0.1547.65 Safari/537.36"
123.4.5.4 - - [03/Sep/2013:21:15:28 -0600] "GET /login/ HTTP/1.1" 200 3327 "-" "Mozilla/5.0 (Macintosh; Intel Mac OS X 10.8; rv:23.0) Gecko/20100101 Firefox/23.0"
123.4.5.6 - - [03/Sep/2013:21:15:38 -0600] "GET /admin/ HTTP/1.1" 200 3327 "-" "Mozilla/5.0 (Macintosh; Intel Mac OS X 10.8; rv:23.0) Gecko/20100101 Firefox/23.0"
123.4.5.4 - - [03/Sep/2013:21:15:48 -0600] "GET /access/ HTTP/1.1" 200 3327 "-" "Mozilla/5.0 (Macintosh; Intel Mac OS X 10.8; rv:23.0) Gecko/20100101 Firefox/23.0"
123.4.5.9 - - [03/Sep/2013:21:15:58 -0600] "GET /products/desk/ HTTP/1.1" 200 3327 "-" "Mozilla/5.0 (Macintosh; Intel Mac OS X 10.8; rv:23.0) Gecko/20100101 Firefox/23.0"
123.4.5.1 - - [03/Sep/2013:21:16:08 -0600] "GET /products/car/ HTTP/1.1" 200 3327 "-" "Mozilla/5.0 (Macintosh; Intel Mac OS X 10.8; rv:23.0) Gecko/20100101 Firefox/23.0"
123.4.5.4 - - [03/Sep/2013:21:16:18 -0600] "GET /jobs/ HTTP/1.1" 500 821 "-" "Mozilla/5.0 (Macintosh; Intel Mac OS X 10_8_4) AppleWebKit/537.36 (KHTML, like Gecko) Chrome/29.0.1547.65 Safari/537.36"
123.4.5.6 - - [03/Sep/2013:21:16:28 -0600] "GET /team/ HTTP/1.1" 200 3327 "-" "Mozilla/5.0 (Macintosh; Intel Mac OS X 10_8_4) AppleWebKit/537.36 (KHTML, like Gecko) Chrome/29.0.1547.65 Safari/537.36"
123.4.5.7 - - [03/Sep/2013:21:16:38 -0600] "GET /products/car/ HTTP/1.1" 200 3327 "-" "Mozilla/5.0 (Macintosh; Intel Mac OS X 10_8_4) AppleWebKit/537.36 (KHTML, like Gecko) Chrome/29.0.1547.65 Safari/537.36"
123.4.5.2 - - [03/Sep/2013:21:16:48 -0600] "GET /contact/ HTTP/1.1" 200 3327 "-" "Mozilla/5.0 (Macintosh; Intel Mac OS X 10.8; rv:23.0) Gecko/20100101 Firefox/23.0"
123.4.5.8 - - [03/Sep/2013:21:16:58 -0600] "GET /team/ HTTP/1.1" 200 3327 "-" "Mozilla/5.0 (Macintosh; Intel Mac OS X 10_8_4) AppleWebKit/537.36 (KHTML, like Gecko) Chrome/29.0.1547.65 Safari/537.36"
123.4.5.8 - - [03/Sep/2013:21:17:08 -0600] "GET /products/desk/ HTTP/1.1" 200 3327 "-" "Mozilla/5.0 (Macintosh; Intel Mac OS X 10.8; rv:23.0) Gecko/20100101 Firefox/23.0"
123.4.5.4 - - [03/Sep/2013:21:17:18 -0600] "GET /products/car/ HTTP/1.1" 200 3327 "-" "Mozilla/5.0 (Macintosh; Intel Mac OS X 10_8_4) AppleWebKit/537.36 (KHTML, like Gecko) Chrome/29.0.1547.65 Safari/537.36"
123.4.5.8 - - [03/Sep/2013:21:17:28 -0600] "GET /products/car/ HTTP/1.1" 200 3327 "-" "Mozilla/5.0 (Macintosh; Intel Mac OS X 10_8_4) AppleWebKit/537.36 (KHTML, like Gecko) Chrome/29.0.1547.65 Safari/537.36"
123.4.5.1 - - [03/Sep/2013:21:17:38 -0600] "GET /products/desk/ HTTP/1.1" 500 821 "-" "Mozilla/5.0 (Macintosh; Intel Mac OS X 10.8; rv:23.0) Gecko/20100101 Firefox/23.0"
123.4.5.1 - - [03/Sep/2013:21:17:48 -0600] "GET /products/ HTTP/1.1" 200 3327 "-" "Mozilla/5.0 (Macintosh; Intel Mac OS X 10_8_4) AppleWebKit/537.36 (KHTML, like Gecko) Chrome/29.0.1547.65 Safari/537.36"
123.4.5.5 - - [03/Sep/2013:21:17:58 -0600] "GET /products/phone/ HTTP/1.1" 200 3327 "-" "Mozilla/5.0 (Macintosh; Intel Mac OS X 10_8_4) AppleWebKit/537.36 (KHTML, like Gecko) Chrome/29.0.1547.65 Safari/537.36"
123.4.5.1 - - [03/Sep/2013:21:18:08 -0600] "GET /team/ HTTP/1.1" 200 3327 "-" "Mozilla/5.0 (Macintosh; Intel Mac OS X 10.8; rv:23.0) Gecko/20100101 Firefox/23.0"
123.4.5.6 - - [03/Sep/2013:21:18:18 -0600] "GET /admin/ HTTP/1.1" 200 3327 "-" "Mozilla/5.0 (Macintosh; Intel Mac OS X 10.8; rv:23.0) Gecko/20100101 Firefox/23.0"
123.4.5.7 - - [03/Sep/2013:21:18:28 -0600] "GET /about/ HTTP/1.1" 200 3327 "-" "Mozilla/5.0 (Macintosh; Intel Mac OS X 10.8; rv:23.0) Gecko/20100101 Firefox/23.0"
123.4.5.2 - - [03/Sep/2013:21:18:38 -0600] "GET /contact/ HTTP/1.1" 200 3327 "-" "Mozilla/5.0 (Macintosh; Intel Mac OS X 10.8; rv:23.0) Gecko/20100101 Firefox/23.0"
123.4.5.8 - - [03/Sep/2013:21:18:48 -0600] "GET /about/ HTTP/1.1" 200 3327 "-" "Mozilla/5.0 (Macintosh; Intel Mac OS X 10.8; rv:23.0) Gecko/20100101 Firefox/23.0"
123.4.5.9 - - [03/Sep/2013:21:18:58 -0600] "GET /products/ HTTP/1.1" 200 3327 "-" "Mozilla/5.0 (Macintosh; Intel Mac OS X 10_8_4) AppleWebKit/537.36 (KHTML, like Gecko) Chrome/29.0.1547.65 Safari/537.36"
123.4.5.2 - - [03/Sep/2013:21:19:08 -0600] "GET /login/ HTTP/1.1" 200 3327 "-" "Mozilla/5.0 (Macintosh; Intel Mac OS X 10_8_4) AppleWebKit/537.36 (KHTML, like Gecko) Chrome/29.0.1547.65 Safari/537.36"
123.4.5.7 - - [03/Sep/2013:21:19:18 -0600] "GET /products/ HTTP/1.1" 200 3327 "-" "Mozilla/5.0 (Macintosh; Intel Mac OS X 10.8; rv:23.0) Gecko/20100101 Firefox/23.0"
123.4.5.3 - - [03/Sep/2013:21:19:28 -0600] "GET /products/phone/ HTTP/1.1" 200 3327 "-" "Mozilla/5.0 (Macintosh; Intel Mac OS X 10.8; rv:23.0) Gecko/20100101 Firefox/23.0"
123.4.5.8 - - [03/Sep/2013:21:19:38 -0600] "GET /admin/ HTTP/1.1" 200 3327 "-" "Mozilla/5.0 (Macintosh; Intel Mac OS X 10.8; rv:23.0) Gecko/20100101 Firefox/23.0"
123.4.5.3 - - [03/Sep/2013:21:19:48 -0600] "GET /jobs/ HTTP/1.1" 200 3327 "-" "Mozilla/5.0 (Macintosh; Intel Mac OS X 10_8_4) AppleWebKit/537.36 (KHTML, like Gecko) Chrome/29.0.1547.65 Safari/537.36"
123.4.5.1 - - [03/Sep/2013:21:19:58 -0600] "GET /about/ HTTP/1.1" 500 821 "-" "Mozilla/5.0 (Macintosh; Intel Mac OS X 10_8_4) AppleWebKit/537.36 (KHTML, like Gecko) Chrome/29.0.1547.65 Safari/537.36"
123.4.5.3 - - [03/Sep/2013:21:20:08 -0600] "GET /team/ HTTP/1.1" 200 3327 "-" "Mozilla/5.0 (Macintosh; Intel Mac OS X 10.8; rv:23.0) Gecko/20100101 Firefox/23.0"
123.4.5.7 - - [03/Sep/2013:21:20:18 -0600] "GET /products/phone/ HTTP/1.1" 200 3327 "-" "Mozilla/5.0 (Macintosh; Intel Mac OS X 10_8_4) AppleWebKit/537.36 (KHTML, like Gecko) Chrome/29.0.1547.65 Safari/537.36"
123.4.5.1 - - [03/Sep/2013:21:20:28 -0600] "GET /contact/ HTTP/1.1" 200 3327 "-" "Mozilla/5.0 (Macintosh; Intel Mac OS X 10_8_4) AppleWebKit/537.36 (KHTML, like Gecko) Chrome/29.0.1547.65 Safari/537.36"
123.4.5.4 - - [03/Sep/2013:21:20:38 -0600] "GET /products/ HTTP/1.1" 200 3327 "-" "Mozilla/5.0 (Macintosh; Intel Mac OS X 10_8_4) AppleWebKit/537.36 (KHTML, like Gecko) Chrome/29.0.1547.65 Safari/537.36"
123.4.5.1 - - [03/Sep/2013:21:20:48 -0600] "GET /products/car/ HTTP/1.1" 200 3327 "-" "Mozilla/5.0 (Macintosh; Intel Mac OS X 10.8; rv:23.0) Gecko/20100101 Firefox/23.0"
123.4.5.8 - - [03/Sep/2013:21:20:58 -0600] "GET /products/phone/ HTTP/1.1" 200 3327 "-" "Mozilla/5.0 (Macintosh; Intel Mac OS X 10_8_4) AppleWebKit/537.36 (KHTML, like Gecko) Chrome/29.0.1547.65 Safari/537.36"
123.4.5.4 - - [03/Sep/2013:21:21:08 -0600] "GET /jobs/ HTTP/1.1" 200 3327 "-" "Mozilla/5.0 (Macintosh; Intel Mac OS X 10.8; rv:23.0) Gecko/20100101 Firefox/23.0"
123.4.5.3 - - [03/Sep/2013:21:21:18 -0600] "GET /products/car/ HTTP/1.1" 200 3327 "-" "Mozilla/5.0 (Macintosh; Intel Mac OS X 10_8_4) AppleWebKit/537.36 (KHTML, like Gecko) Chrome/29.0.1547.65 Safari/537.36"
123.4.5.9 - - [03/Sep/2013:21:21:28 -0600] "GET /admin/ HTTP/1.1" 200 3327 "-" "Mozilla/5.0 (Macintosh; Intel Mac OS X 10_8_4) AppleWebKit/537.36 (KHTML, like Gecko) Chrome/29.0.1547.65 Safari/537.36"
123.4.5.5 - - [03/Sep/2013:21:21:38 -0600] "GET /access/ HTTP/1.1" 200 3327 "-" "Mozilla/5.0 (Macintosh; Intel Mac OS X 10_8_4) AppleWebKit/537.36 (KHTML, like Gecko) Chrome/29.0.1547.65 Safari/537.36"
123.4.5.3 - - [03/Sep/2013:21:21:48 -0600] "GET /products/ HTTP/1.1" 200 3327 "-" "Mozilla/5.0 (Macintosh; Intel Mac OS X 10.8; rv:23.0) Gecko/20100101 Firefox/23.0"
123.4.5.9 - - [03/Sep/2013:21:21:58 -0600] "GET /access/ HTTP/1.1" 200 3327 "-" "Mozilla/5.0 (Macintosh; Intel Mac OS X 10_8_4) AppleWebKit/537.36 (KHTML, like Gecko) Chrome/29.0.1547.65 Safari/537.36"
123.4.5.9 - - [03/Sep/2013:21:22:08 -0600] "GET /login/ HTTP/1.1" 200 3327 "-" "Mozilla/5.0 (Macintosh; Intel Mac OS X 10_8_4) AppleWebKit/537.36 (KHTML, like Gecko) Chrome/29.0.1547.65 Safari/537.36"
123.4.5.6 - - [03/Sep/2013:21:22:18 -0600] "GET /products/car/ HTTP/1.1" 200 3327 "-" "Mozilla/5.0 (Macintosh; Intel Mac OS X 10_8_4) AppleWebKit/537.36 (KHTML, like Gecko) Chrome/29.0.1547.65 Safari/537.36"
123.4.5.6 - - [03/Sep/2013:21:22:28 -0600] "GET /admin/ HTTP/1.1" 500 821 "-" "Mozilla/5.0 (Macintosh; Intel Mac OS X 10.8; rv:23.0) Gecko/20100101 Firefox/23.0"
123.4.5.1 - - [03/Sep/2013:21:22:38 -0600] "GET /jobs/ HTTP/1.1" 500 821 "-" "Mozilla/5.0 (Macintosh; Intel Mac OS X 10.8; rv:23.0) Gecko/20100101 Firefox/23.0"
123.4.5.2 - - [03/Sep/2013:21:22:48 -0600] "GET /products/desk/ HTTP/1.1" 200 3327 "-" "Mozilla/5.0 (Macintosh; Intel Mac OS X 10.8; rv:23.0) Gecko/20100101 Firefox/23.0"
123.4.5.3 - - [03/Sep/2013:21:22:58 -0600] "GET /admin/ HTTP/1.1" 200 3327 "-" "Mozilla/5.0 (Macintosh; Intel Mac OS X 10.8; rv:23.0) Gecko/20100101 Firefox/23.0"
123.4.5.1 - - [03/Sep/2013:21:23:08 -0600] "GET /products/ HTTP/1.1" 200 3327 "-" "Mozilla/5.0 (Macintosh; Intel Mac OS X 10.8; rv:23.0) Gecko/20100101 Firefox/23.0"
123.4.5.8 - - [03/Sep/2013:21:23:18 -0600] "GET /products/car/ HTTP/1.1" 200 3327 "-" "Mozilla/5.0 (Macintosh; Intel Mac OS X 10.8; rv:23.0) Gecko/20100101 Firefox/23.0"
123.4.5.2 - - [03/Sep/2013:21:23:28 -0600] "GET /jobs/ HTTP/1.1" 200 3327 "-" "Mozilla/5.0 (Macintosh; Intel Mac OS X 10_8_4) AppleWebKit/537.36 (KHTML, like Gecko) Chrome/29.0.1547.65 Safari/537.36"
123.4.5.9 - - [03/Sep/2013:21:23:38 -0600] "GET /team/ HTTP/1.1" 200 3327 "-" "Mozilla/5.0 (Macintosh; Intel Mac OS X 10.8; rv:23.0) Gecko/20100101 Firefox/23.0"
123.4.5.7 - - [03/Sep/2013:21:23:48 -0600] "GET /products/ HTTP/1.1" 500 821 "-" "Mozilla/5.0 (Macintosh; Intel Mac OS X 10.8; rv:23.0) Gecko/20100101 Firefox/23.0"
123.4.5.7 - - [03/Sep/2013:21:23:58 -0600] "GET /products/phone/ HTTP/1.1" 200 3327 "-" "Mozilla/5.0 (Macintosh; Intel Mac OS X 10.8; rv:23.0) Gecko/20100101 Firefox/23.0"
123.4.5.8 - - [03/Sep/2013:21:24:08 -0600] "GET /products/car/ HTTP/1.1" 200 3327 "-" "Mozilla/5.0 (Macintosh; Intel Mac OS X 10_8_4) AppleWebKit/537.36 (KHTML, like Gecko) Chrome/29.0.1547.65 Safari/537.36"
123.4.5.5 - - [03/Sep/2013:21:24:18 -0600] "GET /products/ HTTP/1.1" 200 3327 "-" "Mozilla/5.0 (Macintosh; Intel Mac OS X 10_8_4) AppleWebKit/537.36 (KHTML, like Gecko) Chrome/29.0.1547.65 Safari/537.36"
123.4.5.3 - - [03/Sep/2013:21:24:28 -0600] "GET /products/car/ HTTP/1.1" 200 3327 "-" "Mozilla/5.0 (Macintosh; Intel Mac OS X 10_8_4) AppleWebKit/537.36 (KHTML, like Gecko) Chrome/29.0.1547.65 Safari/537.36"
123.4.5.2 - - [03/Sep/2013:21:24:38 -0600] "GET /team/ HTTP/1.1" 200 3327 "-" "Mozilla/5.0 (Macintosh; Intel Mac OS X 10.8; rv:23.0) Gecko/20100101 Firefox/23.0"
123.4.5.5 - - [03/Sep/2013:21:24:48 -0600] "GET /access/ HTTP/1.1" 200 3327 "-" "Mozilla/5.0 (Macintosh; Intel Mac OS X 10.8; rv:23.0) Gecko/20100101 Firefox/23.0"
123.4.5.4 - - [03/Sep/2013:21:24:58 -0600] "GET /admin/ HTTP/1.1" 200 3327 "-" "Mozilla/5.0 (Macintosh; Intel Mac OS X 10_8_4) AppleWebKit/537.36 (KHTML, like Gecko) Chrome/29.0.1547.65 Safari/537.36"
123.4.5.8 - - [03/Sep/2013:21:25:08 -0600] "GET /login/ HTTP/1.1" 500 821 "-" "Mozilla/5.0 (Macintosh; Intel Mac OS X 10_8_4) AppleWebKit/537.36 (KHTML, like Gecko) Chrome/29.0.1547.65 Safari/537.36"
123.4.5.4 - - [03/Sep/2013:21:25:18 -0600] "GET /products/desk/ HTTP/1.1" 200 3327 "-" "Mozilla/5.0 (Macintosh; Intel Mac OS X 10.8; rv:23.0) Gecko/20100101 Firefox/23.0"
123.4.5.4 - - [03/Sep/2013:21:25:28 -0600] "GET /jobs/ HTTP/1.1" 200 3327 "-" "Mozilla/5.0 (Macintosh; Intel Mac OS X 10.8; rv:23.0) Gecko/20100101 Firefox/23.0"
123.4.5.9 - - [03/Sep/2013:21:25:38 -0600] "GET /about/ HTTP/1.1" 200 3327 "-" "Mozilla/5.0 (Macintosh; Intel Mac OS X 10_8_4) AppleWebKit/537.36 (KHTML, like Gecko) Chrome/29.0.1547.65 Safari/537.36"
123.4.5.2 - - [03/Sep/2013:21:25:48 -0600] "GET /access/ HTTP/1.1" 200 3327 "-" "Mozilla/5.0 (Macintosh; Intel Mac OS X 10.8; rv:23.0) Gecko/20100101 Firefox/23.0"
123.4.5.6 - - [03/Sep/2013:21:25:58 -0600] "GET /jobs/ HTTP/1.1" 200 3327 "-" "Mozilla/5.0 (Macintosh; Intel Mac OS X 10_8_4) AppleWebKit/537.36 (KHTML, like Gecko) Chrome/29.0.1547.65 Safari/537.36"
123.4.5.7 - - [03/Sep/2013:21:26:08 -0600] "GET /products/desk/ HTTP/1.1" 200 3327 "-" "Mozilla/5.0 (Macintosh; Intel Mac OS X 10.8; rv:23.0) Gecko/20100101 Firefox/23.0"
123.4.5.7 - - [03/Sep/2013:21:26:18 -0600] "GET /contact/ HTTP/1.1" 500 821 "-" "Mozilla/5.0 (Macintosh; Intel Mac OS X 10_8_4) AppleWebKit/537.36 (KHTML, like Gecko) Chrome/29.0.1547.65 Safari/537.36"
123.4.5.1 - - [03/Sep/2013:21:26:28 -0600] "GET /products/phone/ HTTP/1.1" 200 3327 "-" "Mozilla/5.0 (Macintosh; Intel Mac OS X 10.8; rv:23.0) Gecko/20100101 Firefox/23.0"
123.4.5.4 - - [03/Sep/2013:21:26:38 -0600] "GET /admin/ HTTP/1.1" 200 3327 "-" "Mozilla/5.0 (Macintosh; Intel Mac OS X 10_8_4) AppleWebKit/537.36 (KHTML, like Gecko) Chrome/29.0.1547.65 Safari/537.36"
123.4.5.3 - - [03/Sep/2013:21:26:48 -0600] "GET /admin/ HTTP/1.1" 200 3327 "-" "Mozilla/5.0 (Macintosh; Intel Mac OS X 10_8_4) AppleWebKit/537.36 (KHTML, like Gecko) Chrome/29.0.1547.65 Safari/537.36"
123.4.5.9 - - [03/Sep/2013:21:26:58 -0600] "GET /products/phone/ HTTP/1.1" 200 3327 "-" "Mozilla/5.0 (Macintosh; Intel Mac OS X 10_8_4) AppleWebKit/537.36 (KHTML, like Gecko) Chrome/29.0.1547.65 Safari/537.36"
123.4.5.2 - - [03/Sep/2013:21:27:08 -0600] "GET /products/car/ HTTP/1.1" 200 3327 "-" "Mozilla/5.0 (Macintosh; Intel Mac OS X 10.8; rv:23.0) Gecko/20100101 Firefox/23.0"
123.4.5.9 - - [03/Sep/2013:21:27:18 -0600] "GET /jobs/ HTTP/1.1" 200 3327 "-" "Mozilla/5.0 (Macintosh; Intel Mac OS X 10.8; rv:23.0) Gecko/20100101 Firefox/23.0"
123.4.5.2 - - [03/Sep/2013:21:27:28 -0600] "GET /products/desk/ HTTP/1.1" 500 821 "-" "Mozilla/5.0 (Macintosh; Intel Mac OS X 10.8; rv:23.0) Gecko/20100101 Firefox/23.0"
123.4.5.5 - - [03/Sep/2013:21:27:38 -0600] "GET /team/ HTTP/1.1" 200 3327 "-" "Mozilla/5.0 (Macintosh; Intel Mac OS X 10_8_4) AppleWebKit/537.36 (KHTML, like Gecko) Chrome/29.0.1547.65 Safari/537.36"
123.4.5.3 - - [03/Sep/2013:21:27:48 -0600] "GET /about/ HTTP/1.1" 200 3327 "-" "Mozilla/5.0 (Macintosh; Intel Mac OS X 10.8; rv:23.0) Gecko/20100101 Firefox/23.0"
123.4.5.6 - - [03/Sep/2013:21:27:58 -0600] "GET /about/ HTTP/1.1" 200 3327 "-" "Mozilla/5.0 (Macintosh; Intel Mac OS X 10_8_4) AppleWebKit/537.36 (KHTML, like Gecko) Chrome/29.0.1547.65 Safari/537.36"
123.4.5.2 - - [03/Sep/2013:21:28:08 -0600] "GET /jobs/ HTTP/1.1" 200 3327 "-" "Mozilla/5.0 (Macintosh; Intel Mac OS X 10.8; rv:23.0) Gecko/20100101 Firefox/23.0"
123.4.5.3 - - [03/Sep/2013:21:28:18 -0600] "GET /products/ HTTP/1.1" 200 3327 "-" "Mozilla/5.0 (Macintosh; Intel Mac OS X 10.8; rv:23.0) Gecko/20100101 Firefox/23.0"
123.4.5.8 - - [03/Sep/2013:21:28:28 -0600] "GET /admin/ HTTP/1.1" 200 3327 "-" "Mozilla/5.0 (Macintosh; Intel Mac OS X 10_8_4) AppleWebKit/537.36 (KHTML, like Gecko) Chrome/29.0.1547.65 Safari/537.36"
123.4.5.9 - - [03/Sep/2013:21:28:38 -0600] "GET /products/car/ HTTP/1.1" 200 3327 "-" "Mozilla/5.0 (Macintosh; Intel Mac OS X 10.8; rv:23.0) Gecko/20100101 Firefox/23.0"
123.4.5.2 - - [03/Sep/2013:21:28:48 -0600] "GET /login/ HTTP/1.1" 200 3327 "-" "Mozilla/5.0 (Macintosh; Intel Mac OS X 10_8_4) AppleWebKit/537.36 (KHTML, like Gecko) Chrome/29.0.1547.65 Safari/537.36"
123.4.5.4 - - [03/Sep/2013:21:28:58 -0600] "GET /access/ HTTP/1.1" 200 3327 "-" "Mozilla/5.0 (Macintosh; Intel Mac OS X 10_8_4) AppleWebKit/537.36 (KHTML, like Gecko) Chrome/29.0.1547.65 Safari/537.36"
123.4.5.5 - - [03/Sep/2013:21:29:08 -0600] "GET /team/ HTTP/1.1" 200 3327 "-" "Mozilla/5.0 (Macintosh; Intel Mac OS X 10_8_4) AppleWebKit/537.36 (KHTML, like Gecko) Chrome/29.0.1547.65 Safari/537.36"
123.4.5.4 - - [03/Sep/2013:21:29:18 -0600] "GET /products/ HTTP/1.1" 200 3327 "-" "Mozilla/5.0 (Macintosh; Intel Mac OS X 10.8; rv:23.0) Gecko/20100101 Firefox/23.0"
123.4.5.8 - - [03/Sep/2013:21:29:28 -0600] "GET /about/ HTTP/1.1" 200 3327 "-" "Mozilla/5.0 (Macintosh; Intel Mac OS X 10_8_4) AppleWebKit/537.36 (KHTML, like Gecko) Chrome/29.0.1547.65 Safari/537.36"
123.4.5.9 - - [03/Sep/2013:21:29:38 -0600] "GET /team/ HTTP/1.1" 200 3327 "-" "Mozilla/5.0 (Macintosh; Intel Mac OS X 10_8_4) AppleWebKit/537.36 (KHTML, like Gecko) Chrome/29.0.1547.65 Safari/537.36"
123.4.5.1 - - [03/Sep/2013:21:29:48 -0600] "GET /login/ HTTP/1.1" 200 3327 "-" "Mozilla/5.0 (Macintosh; Intel Mac OS X 10.8; rv:23.0) Gecko/20100101 Firefox/23.0"
123.4.5.8 - - [03/Sep/2013:21:29:58 -0600] "GET /team/ HTTP/1.1" 200 3327 "-" "Mozilla/5.0 (Macintosh; Intel Mac OS X 10.8; rv:23.0) Gecko/20100101 Firefox/23.0"
123.4.5.4 - - [03/Sep/2013:21:30:08 -0600] "GET /access/ HTTP/1.1" 200 3327 "-" "Mozilla/5.0 (Macintosh; Intel Mac OS X 10.8; rv:23.0) Gecko/20100101 Firefox/23.0"
123.4.5.3 - - [03/Sep/2013:21:30:18 -0600] "GET /jobs/ HTTP/1.1" 200 3327 "-" "Mozilla/5.0 (Macintosh; Intel Mac OS X 10_8_4) AppleWebKit/537.36 (KHTML, like Gecko) Chrome/29.0.1547.65 Safari/537.36"
123.4.5.9 - - [03/Sep/2013:21:30:28 -0600] "GET /access/ HTTP/1.1" 200 3327 "-" "Mozilla/5.0 (Macintosh; Intel Mac OS X 10.8; rv:23.0) Gecko/20100101 Firefox/23.0"
123.4.5.8 - - [03/Sep/2013:21:30:38 -0600] "GET /about/ HTTP/1.1" 200 3327 "-" "Mozilla/5.0 (Macintosh; Intel Mac OS X 10.8; rv:23.0) Gecko/20100101 Firefox/23.0"
123.4.5.8 - - [03/Sep/2013:21:30:48 -0600] "GET /team/ HTTP/1.1" 200 3327 "-" "Mozilla/5.0 (Macintosh; Intel Mac OS X 10_8_4) AppleWebKit/537.36 (KHTML, like Gecko) Chrome/29.0.1547.65 Safari/537.36"
123.4.5.2 - - [03/Sep/2013:21:30:58 -0600] "GET /products/desk/ HTTP/1.1" 500 821 "-" "Mozilla/5.0 (Macintosh; Intel Mac OS X 10_8_4) AppleWebKit/537.36 (KHTML, like Gecko) Chrome/29.0.1547.65 Safari/537.36"
123.4.5.5 - - [03/Sep/2013:21:31:08 -0600] "GET /products/car/ HTTP/1.1" 200 3327 "-" "Mozilla/5.0 (Macintosh; Intel Mac OS X 10.8; rv:23.0) Gecko/20100101 Firefox/23.0"
123.4.5.5 - - [03/Sep/2013:21:31:18 -0600] "GET /about/ HTTP/1.1" 200 3327 "-" "Mozilla/5.0 (Macintosh; Intel Mac OS X 10_8_4) AppleWebKit/537.36 (KHTML, like Gecko) Chrome/29.0.1547.65 Safari/537.36"
123.4.5.4 - - [03/Sep/2013:21:31:28 -0600] "GET /access/ HTTP/1.1" 200 3327 "-" "Mozilla/5.0 (Macintosh; Intel Mac OS X 10.8; rv:23.0) Gecko/20100101 Firefox/23.0"
123.4.5.8 - - [03/Sep/2013:21:31:38 -0600] "GET /login/ HTTP/1.1" 200 3327 "-" "Mozilla/5.0 (Macintosh; Intel Mac OS X 10.8; rv:23.0) Gecko/20100101 Firefox/23.0"
123.4.5.5 - - [03/Sep/2013:21:31:48 -0600] "GET /about/ HTTP/1.1" 200 3327 "-" "Mozilla/5.0 (Macintosh; Intel Mac OS X 10_8_4) AppleWebKit/537.36 (KHTML, like Gecko) Chrome/29.0.1547.65 Safari/537.36"
123.4.5.9 - - [03/Sep/2013:21:31:58 -0600] "GET /access/ HTTP/1.1" 200 3327 "-" "Mozilla/5.0 (Macintosh; Intel Mac OS X 10.8; rv:23.0) Gecko/20100101 Firefox/23.0"
123.4.5.7 - - [03/Sep/2013:21:32:08 -0600] "GET /products/phone/ HTTP/1.1" 200 3327 "-" "Mozilla/5.0 (Macintosh; Intel Mac OS X 10.8; rv:23.0) Gecko/20100101 Firefox/23.0"
123.4.5.2 - - [03/Sep/2013:21:32:18 -0600] "GET /about/ HTTP/1.1" 200 3327 "-" "Mozilla/5.0 (Macintosh; Intel Mac OS X 10.8; rv:23.0) Gecko/20100101 Firefox/23.0"
123.4.5.4 - - [03/Sep/2013:21:32:28 -0600] "GET /team/ HTTP/1.1" 200 3327 "-" "Mozilla/5.0 (Macintosh; Intel Mac OS X 10.8; rv:23.0) Gecko/20100101 Firefox/23.0"
123.4.5.2 - - [03/Sep/2013:21:32:38 -0600] "GET /products/car/ HTTP/1.1" 200 3327 "-" "Mozilla/5.0 (Macintosh; Intel Mac OS X 10.8; rv:23.0) Gecko/20100101 Firefox/23.0"
123.4.5.4 - - [03/Sep/2013:21:32:48 -0600] "GET /about/ HTTP/1.1" 200 3327 "-" "Mozilla/5.0 (Macintosh; Intel Mac OS X 10_8_4) AppleWebKit/537.36 (KHTML, like Gecko) Chrome/29.0.1547.65 Safari/537.36"
123.4.5.9 - - [03/Sep/2013:21:32:58 -0600] "GET /jobs/ HTTP/1.1" 200 3327 "-" "Mozilla/5.0 (Macintosh; Intel Mac OS X 10_8_4) AppleWebKit/537.36 (KHTML, like Gecko) Chrome/29.0.1547.65 Safari/537.36"
123.4.5.3 - - [03/Sep/2013:21:33:08 -0600] "GET /products/desk/ HTTP/1.1" 500 821 "-" "Mozilla/5.0 (Macintosh; Intel Mac OS X 10_8_4) AppleWebKit/537.36 (KHTML, like Gecko) Chrome/29.0.1547.65 Safari/537.36"
123.4.5.9 - - [03/Sep/2013:21:33:18 -0600] "GET /admin/ HTTP/1.1" 200 3327 "-" "Mozilla/5.0 (Macintosh; Intel Mac OS X 10.8; rv:23.0) Gecko/20100101 Firefox/23.0"
123.4.5.3 - - [03/Sep/2013:21:33:28 -0600] "GET /products/desk/ HTTP/1.1" 200 3327 "-" "Mozilla/5.0 (Macintosh; Intel Mac OS X 10_8_4) AppleWebKit/537.36 (KHTML, like Gecko) Chrome/29.0.1547.65 Safari/537.36"
123.4.5.7 - - [03/Sep/2013:21:33:38 -0600] "GET /jobs/ HTTP/1.1" 200 3327 "-" "Mozilla/5.0 (Macintosh; Intel Mac OS X 10_8_4) AppleWebKit/537.36 (KHTML, like Gecko) Chrome/29.0.1547.65 Safari/537.36"
123.4.5.6 - - [03/Sep/2013:21:33:48 -0600] "GET /about/ HTTP/1.1" 200 3327 "-" "Mozilla/5.0 (Macintosh; Intel Mac OS X 10.8; rv:23.0) Gecko/20100101 Firefox/23.0"
123.4.5.2 - - [03/Sep/2013:21:33:58 -0600] "GET /access/ HTTP/1.1" 200 3327 "-" "Mozilla/5.0 (Macintosh; Intel Mac OS X 10.8; rv:23.0) Gecko/20100101 Firefox/23.0"
123.4.5.4 - - [03/Sep/2013:21:34:08 -0600] "GET /products/phone/ HTTP/1.1" 500 821 "-" "Mozilla/5.0 (Macintosh; Intel Mac OS X 10.8; rv:23.0) Gecko/20100101 Firefox/23.0"
123.4.5.1 - - [03/Sep/2013:21:34:18 -0600] "GET /login/ HTTP/1.1" 200 3327 "-" "Mozilla/5.0 (Macintosh; Intel Mac OS X 10.8; rv:23.0) Gecko/20100101 Firefox/23.0"
123.4.5.7 - - [03/Sep/2013:21:34:28 -0600] "GET /admin/ HTTP/1.1" 500 821 "-" "Mozilla/5.0 (Macintosh; Intel Mac OS X 10.8; rv:23.0) Gecko/20100101 Firefox/23.0"
123.4.5.6 - - [03/Sep/2013:21:34:38 -0600] "GET /login/ HTTP/1.1" 200 3327 "-" "Mozilla/5.0 (Macintosh; Intel Mac OS X 10_8_4) AppleWebKit/537.36 (KHTML, like Gecko) Chrome/29.0.1547.65 Safari/537.36"
123.4.5.3 - - [03/Sep/2013:21:34:48 -0600] "GET /about/ HTTP/1.1" 200 3327 "-" "Mozilla/5.0 (Macintosh; Intel Mac OS X 10.8; rv:23.0) Gecko/20100101 Firefox/23.0"
123.4.5.2 - - [03/Sep/2013:21:34:58 -0600] "GET /jobs/ HTTP/1.1" 200 3327 "-" "Mozilla/5.0 (Macintosh; Intel Mac OS X 10.8; rv:23.0) Gecko/20100101 Firefox/23.0"
123.4.5.4 - - [03/Sep/2013:21:35:08 -0600] "GET /access/ HTTP/1.1" 200 3327 "-" "Mozilla/5.0 (Macintosh; Intel Mac OS X 10_8_4) AppleWebKit/537.36 (KHTML, like Gecko) Chrome/29.0.1547.65 Safari/537.36"
