123.4.5.7 - - [03/Sep/2013:19:19:48 -0600] "GET /products/phone/ HTTP/1.1" 200 3327 "-" "Mozilla/5.0 (Macintosh; Intel Mac OS X 10_8_4) AppleWebKit/537.36 (KHTML, like Gecko) Chrome/29.0.1547.65 Safari/537.36"
123.4.5.5 - - [03/Sep/2013:19:19:58 -0600] "GET /products/car/ HTTP/1.1" 200 3327 "-" "Mozilla/5.0 (Macintosh; Intel Mac OS X 10_8_4) AppleWebKit/537.36 (KHTML, like Gecko) Chrome/29.0.1547.65 Safari/537.36"
123.4.5.8 - - [03/Sep/2013:19:20:08 -0600] "GET /access/ HTTP/1.1" 200 3327 "-" "Mozilla/5.0 (Macintosh; Intel Mac OS X 10.8; rv:23.0) Gecko/20100101 Firefox/23.0"
123.4.5.1 - - [03/Sep/2013:19:20:18 -0600] "GET /products/desk/ HTTP/1.1" 200 3327 "-" "Mozilla/5.0 (Macintosh; Intel Mac OS X 10_8_4) AppleWebKit/537.36 (KHTML, like Gecko) Chrome/29.0.1547.65 Safari/537.36"
123.4.5.3 - - [03/Sep/2013:19:20:28 -0600] "GET /products/phone/ HTTP/1.1" 200 3327 "-" "Mozilla/5.0 (Macintosh; Intel Mac OS X 10.8; rv:23.0) Gecko/20100101 Firefox/23.0"
123.4.5.6 - - [03/Sep/2013:19:20:38 -0600] "GET /products/car/ HTTP/1.1" 200 3327 "-" "Mozilla/5.0 (Macintosh; Intel Mac OS X 10.8; rv:23.0) Gecko/20100101 Firefox/23.0"
123.4.5.9 - - [03/Sep/2013:19:20:48 -0600] "GET /products/car/ HTTP/1.1" 200 3327 "-" "Mozilla/5.0 (Macintosh; Intel Mac OS X 10.8; rv:23.0) Gecko/20100101 Firefox/23.0"
123.4.5.7 - - [03/Sep/2013:19:20:58 -0600] "GET /about/ HTTP/1.1" 500 821 "-" "Mozilla/5.0 (Macintosh; Intel Mac OS X 10_8_4) AppleWebKit/537.36 (KHTML, like Gecko) Chrome/29.0.1547.65 Safari/537.36"
123.4.5.4 - - [03/Sep/2013:19:21:08 -0600] "GET /admin/ HTTP/1.1" 200 3327 "-" "Mozilla/5.0 (Macintosh; Intel Mac OS X 10_8_4) AppleWebKit/537.36 (KHTML, like Gecko) Chrome/29.0.1547.65 Safari/537.36"
123.4.5.5 - - [03/Sep/2013:19:21:18 -0600] "GET /admin/ HTTP/1.1" 200 3327 "-" "Mozilla/5.0 (Macintosh; Intel Mac OS X 10_8_4) AppleWebKit/537.36 (KHTML, like Gecko) Chrome/29.0.1547.65 Safari/537.36"
123.4.5.1 - - [03/Sep/2013:19:21:28 -0600] "GET /access/ HTTP/1.1" 200 3327 "-" "Mozilla/5.0 (Macintosh; Intel Mac OS X 10_8_4) AppleWebKit/537.36 (KHTML, like Gecko) Chrome/29.0.1547.65 Safari/537.36"
123.4.5.3 - - [03/Sep/2013:19:21:38 -0600] "GET /products/car/ HTTP/1.1" 200 3327 "-" "Mozilla/5.0 (Macintosh; Intel Mac OS X 10.8; rv:23.0) Gecko/20100101 Firefox/23.0"
123.4.5.6 - - [03/Sep/2013:19:21:48 -0600] "GET /products/phone/ HTTP/1.1" 200 3327 "-" "Mozilla/5.0 (Macintosh; Intel Mac OS X 10_8_4) AppleWebKit/537.36 (KHTML, like Gecko) Chrome/29.0.1547.65 Safari/537.36"
123.4.5.7 - - [03/Sep/2013:19:21:58 -0600] "GET /products/phone/ HTTP/1.1" 200 3327 "-" "Mozilla/5.0 (Macintosh; Intel Mac OS X 10.8; rv:23.0) Gecko/20100101 Firefox/23.0"
123.4.5.4 - - [03/Sep/2013:19:22:08 -0600] "GET /about/ HTTP/1.1" 200 3327 "-" "Mozilla/5.0 (Macintosh; Intel Mac OS X 10_8_4) AppleWebKit/537.36 (KHTML, like Gecko) Chrome/29.0.1547.65 Safari/537.36"
123.4.5.5 - - [03/Sep/2013:19:22:18 -0600] "GET /admin/ HTTP/1.1" 200 3327 "-" "Mozilla/5.0 (Macintosh; Intel Mac OS X 10.8; rv:23.0) Gecko/20100101 Firefox/23.0"
123.4.5.3 - - [03/Sep/2013:19:22:28 -0600] "GET /team/ HTTP/1.1" 200 3327 "-" "Mozilla/5.0 (Macintosh; Intel Mac OS X 10.8; rv:23.0) Gecko/20100101 Firefox/23.0"
123.4.5.5 - - [03/Sep/2013:19:22:38 -0600] "GET /jobs/ HTTP/1.1" 200 3327 "-" "Mozilla/5.0 (Macintosh; Intel Mac OS X 10.8; rv:23.0) Gecko/20100101 Firefox/23.0"
123.4.5.2 - - [03/Sep/2013:19:22:48 -0600] "GET /contact/ HTTP/1.1" 500 821 "-" "Mozilla/5.0 (Macintosh; Intel Mac OS X 10.8; rv:23.0) Gecko/20100101 Firefox/23.0"
123.4.5.1 - - [03/Sep/2013:19:22:58 -0600] "GET /products/phone/ HTTP/1.1" 200 3327 "-" "Mozilla/5.0 (Macintosh; Intel Mac OS X 10.8; rv:23.0) Gecko/20100101 Firefox/23.0"
123.4.5.7 - - [03/Sep/2013:19:23:08 -0600] "GET /access/ HTTP/1.1" 200 3327 "-" "Mozilla/5.0 (Macintosh; Intel Mac OS X 10.8; rv:23.0) Gecko/20100101 Firefox/23.0"
123.4.5.6 - - [03/Sep/2013:19:23:18 -0600] "GET /contact/ HTTP/1.1" 200 3327 "-" "Mozilla/5.0 (Macintosh; Intel Mac OS X 10.8; rv:23.0) Gecko/20100101 Firefox/23.0"
123.4.5.3 - - [03/Sep/2013:19:23:28 -0600] "GET /access/ HTTP/1.1" 500 821 "-" "Mozilla/5.0 (Macintosh; Intel Mac OS X 10.8; rv:23.0) Gecko/20100101 Firefox/23.0"
123.4.5.5 - - [03/Sep/2013:19:23:38 -0600] "GET /jobs/ HTTP/1.1" 200 3327 "-" "Mozilla/5.0 (Macintosh; Intel Mac OS X 10.8; rv:23.0) Gecko/20100101 Firefox/23.0"
123.4.5.1 - - [03/Sep/2013:19:23:48 -0600] "GET /products/phone/ HTTP/1.1" 500 821 "-" "Mozilla/5.0 (Macintosh; Intel Mac OS X 10.8; rv:23.0) Gecko/20100101 Firefox/23.0"
123.4.5.2 - - [03/Sep/2013:19:23:58 -0600] "GET /admin/ HTTP/1.1" 200 3327 "-" "Mozilla/5.0 (Macintosh; Intel Mac OS X 10_8_4) AppleWebKit/537.36 (KHTML, like Gecko) Chrome/29.0.1547.65 Safari/537.36"
123.4.5.2 - - [03/Sep/2013:19:24:08 -0600] "GET /contact/ HTTP/1.1" 200 3327 "-" "Mozilla/5.0 (Macintosh; Intel Mac OS X 10.8; rv:23.0) Gecko/20100101 Firefox/23.0"
123.4.5.7 - - [03/Sep/2013:19:24:18 -0600] "GET /jobs/ HTTP/1.1" 200 3327 "-" "Mozilla/5.0 (Macintosh; Intel Mac OS X 10_8_4) AppleWebKit/537.36 (KHTML, like Gecko) Chrome/29.0.1547.65 Safari/537.36"
123.4.5.3 - - [03/Sep/2013:19:24:28 -0600] "GET /access/ HTTP/1.1" 200 3327 "-" "Mozilla/5.0 (Macintosh; Intel Mac OS X 10_8_4) AppleWebKit/537.36 (KHTML, like Gecko) Chrome/29.0.1547.65 Safari/537.36"
123.4.5.4 - - [03/Sep/2013:19:24:38 -0600] "GET /products/ HTTP/1.1" 200 3327 "-" "Mozilla/5.0 (Macintosh; Intel Mac OS X 10.8; rv:23.0) Gecko/20100101 Firefox/23.0"
123.4.5.6 - - [03/Sep/2013:19:24:48 -0600] "GET /products/car/ HTTP/1.1" 200 3327 "-" "Mozilla/5.0 (Macintosh; Intel Mac OS X 10.8; rv:23.0) Gecko/20100101 Firefox/23.0"
123.4.5.7 - - [03/Sep/2013:19:24:58 -0600] "GET /products/car/ HTTP/1.1" 200 3327 "-" "Mozilla/5.0 (Macintosh; Intel Mac OS X 10_8_4) AppleWebKit/537.36 (KHTML, like Gecko) Chrome/29.0.1547.65 Safari/537.36"
123.4.5.1 - - [03/Sep/2013:19:25:08 -0600] "GET /contact/ HTTP/1.1" 200 3327 "-" "Mozilla/5.0 (Macintosh; Intel Mac OS X 10_8_4) AppleWebKit/537.36 (KHTML, like Gecko) Chrome/29.0.1547.65 Safari/537.36"
123.4.5.8 - - [03/Sep/2013:19:25:18 -0600] "GET /products/phone/ HTTP/1.1" 200 3327 "-" "Mozilla/5.0 (Macintosh; Intel Mac OS X 10.8; rv:23.0) Gecko/20100101 Firefox/23.0"
123.4.5.2 - - [03/Sep/2013:19:25:28 -0600] "GET /login/ HTTP/1.1" 200 3327 "-" "Mozilla/5.0 (Macintosh; Intel Mac OS X 10.8; rv:23.0) Gecko/20100101 Firefox/23.0"
123.4.5.2 - - [03/Sep/2013:19:25:38 -0600] "GET /about/ HTTP/1.1" 200 3327 "-" "Mozilla/5.0 (Macintosh; Intel Mac OS X 10.8; rv:23.0) Gecko/20100101 Firefox/23.0"
123.4.5.1 - - [03/Sep/2013:19:25:48 -0600] "GET /products/phone/ HTTP/1.1" 200 3327 "-" "Mozilla/5.0 (Macintosh; Intel Mac OS X 10.8; rv:23.0) Gecko/20100101 Firefox/23.0"
123.4.5.6 - - [03/Sep/2013:19:25:58 -0600] "GET /access/ HTTP/1.1" 200 3327 "-" "Mozilla/5.0 (Macintosh; Intel Mac OS X 10_8_4) AppleWebKit/537.36 (KHTML, like Gecko) Chrome/29.0.1547.65 Safari/537.36"
123.4.5.3 - - [03/Sep/2013:19:26:08 -0600] "GET /products/ HTTP/1.1" 200 3327 "-" "Mozilla/5.0 (Macintosh; Intel Mac OS X 10_8_4) AppleWebKit/537.36 (KHTML, like Gecko) Chrome/29.0.1547.65 Safari/537.36"
123.4.5.3 - - [03/Sep/2013:19:26:18 -0600] "GET /contact/ HTTP/1.1" 200 3327 "-" "Mozilla/5.0 (Macintosh; Intel Mac OS X 10.8; rv:23.0) Gecko/20100101 Firefox/23.0"
123.4.5.4 - - [03/Sep/2013:19:26:28 -0600] "GET /products/desk/ HTTP/1.1" 200 3327 "-" "Mozilla/5.0 (Macintosh; Intel Mac OS X 10.8; rv:23.0) Gecko/20100101 Firefox/23.0"
123.4.5.7 - - [03/Sep/2013:19:26:38 -0600] "GET /about/ HTTP/1.1" 200 3327 "-" "Mozilla/5.0 (Macintosh; Intel Mac OS X 10_8_4) AppleWebKit/537.36 (KHTML, like Gecko) Chrome/29.0.1547.65 Safari/537.36"
123.4.5.8 - - [03/Sep/2013:19:26:48 -0600] "GET /products/phone/ HTTP/1.1" 200 3327 "-" "Mozilla/5.0 (Macintosh; Intel Mac OS X 10.8; rv:23.0) Gecko/20100101 Firefox/23.0"
123.4.5.5 - - [03/Sep/2013:19:26:58 -0600] "GET /contact/ HTTP/1.1" 200 3327 "-" "Mozilla/5.0 (Macintosh; Intel Mac OS X 10_8_4) AppleWebKit/537.36 (KHTML, like Gecko) Chrome/29.0.1547.65 Safari/537.36"
123.4.5.3 - - [03/Sep/2013:19:27:08 -0600] "GET /products/car/ HTTP/1.1" 200 3327 "-" "Mozilla/5.0 (Macintosh; Intel Mac OS X 10_8_4) AppleWebKit/537.36 (KHTML, like Gecko) Chrome/29.0.1547.65 Safari/537.36"
123.4.5.1 - - [03/Sep/2013:19:27:18 -0600] "GET /products/phone/ HTTP/1.1" 200 3327 "-" "Mozilla/5.0 (Macintosh; Intel Mac OS X 10_8_4) AppleWebKit/537.36 (KHTML, like Gecko) Chrome/29.0.1547.65 Safari/537.36"
123.4.5.1 - - [03/Sep/2013:19:27:28 -0600] "GET /admin/ HTTP/1.1" 200 3327 "-" "Mozilla/5.0 (Macintosh; Intel Mac OS X 10.8; rv:23.0) Gecko/20100101 Firefox/23.0"
123.4.5.6 - - [03/Sep/2013:19:27:38 -0600] "GET /contact/ HTTP/1.1" 200 3327 "-" "Mozilla/5.0 (Macintosh; Intel Mac OS X 10.8; rv:23.0) Gecko/20100101 Firefox/23.0"
123.4.5.1 - - [03/Sep/2013:19:27:48 -0600] "GET /contact/ HTTP/1.1" 200 3327 "-" "Mozilla/5.0 (Macintosh; Intel Mac OS X 10.8; rv:23.0) Gecko/20100101 Firefox/23.0"
123.4.5.5 - - [03/Sep/2013:19:27:58 -0600] "GET /products/desk/ HTTP/1.1" 200 3327 "-" "Mozilla/5.0 (Macintosh; Intel Mac OS X 10_8_4) AppleWebKit/537.36 (KHTML, like Gecko) Chrome/29.0.1547.65 Safari/537.36"
123.4.5.2 - - [03/Sep/2013:19:28:08 -0600] "GET /products/desk/ HTTP/1.1" 200 3327 "-" "Mozilla/5.0 (Macintosh; Intel Mac OS X 10.8; rv:23.0) Gecko/20100101 Firefox/23.0"
123.4.5.9 - - [03/Sep/2013:19:28:18 -0600] "GET /products/desk/ HTTP/1.1" 200 3327 "-" "Mozilla/5.0 (Macintosh; Intel Mac OS X 10_8_4) AppleWebKit/537.36 (KHTML, like Gecko) Chrome/29.0.1547.65 Safari/537.36"
123.4.5.9 - - [03/Sep/2013:19:28:28 -0600] "GET /products/phone/ HTTP/1.1" 200 3327 "-" "Mozilla/5.0 (Macintosh; Intel Mac OS X 10.8; rv:23.0) Gecko/20100101 Firefox/23.0"
123.4.5.9 - - [03/Sep/2013:19:28:38 -0600] "GET /products/ HTTP/1.1" 200 3327 "-" "Mozilla/5.0 (Macintosh; Intel Mac OS X 10_8_4) AppleWebKit/537.36 (KHTML, like Gecko) Chrome/29.0.1547.65 Safari/537.36"
123.4.5.1 - - [03/Sep/2013:19:28:48 -0600] "GET /products/ HTTP/1.1" 200 3327 "-" "Mozilla/5.0 (Macintosh; Intel Mac OS X 10.8; rv:23.0) Gecko/20100101 Firefox/23.0"
123.4.5.4 - - [03/Sep/2013:19:28:58 -0600] "GET /contact/ HTTP/1.1" 200 3327 "-" "Mozilla/5.0 (Macintosh; Intel Mac OS X 10_8_4) AppleWebKit/537.36 (KHTML, like Gecko) Chrome/29.0.1547.65 Safari/537.36"
123.4.5.2 - - [03/Sep/2013:19:29:08 -0600] "GET /admin/ HTTP/1.1" 500 821 "-" "Mozilla/5.0 (Macintosh; Intel Mac OS X 10.8; rv:23.0) Gecko/20100101 Firefox/23.0"
123.4.5.9 - - [03/Sep/2013:19:29:18 -0600] "GET /about/ HTTP/1.1" 200 3327 "-" "Mozilla/5.0 (Macintosh; Intel Mac OS X 10_8_4) AppleWebKit/537.36 (KHTML, like Gecko) Chrome/29.0.1547.65 Safari/537.36"
123.4.5.7 - - [03/Sep/2013:19:29:28 -0600] "GET /admin/ HTTP/1.1" 200 3327 "-" "Mozilla/5.0 (Macintosh; Intel Mac OS X 10_8_4) AppleWebKit/537.36 (KHTML, like Gecko) Chrome/29.0.1547.65 Safari/537.36"
123.4.5.4 - - [03/Sep/2013:19:29:38 -0600] "GET /products/desk/ HTTP/1.1" 500 821 "-" "Mozilla/5.0 (Macintosh; Intel Mac OS X 10_8_4) AppleWebKit/537.36 (KHTML, like Gecko) Chrome/29.0.1547.65 Safari/537.36"
123.4.5.2 - - [03/Sep/2013:19:29:48 -0600] "GET /products/phone/ HTTP/1.1" 200 3327 "-" "Mozilla/5.0 (Macintosh; Intel Mac OS X 10_8_4) AppleWebKit/537.36 (KHTML, like Gecko) Chrome/29.0.1547.65 Safari/537.36"
123.4.5.1 - - [03/Sep/2013:19:29:58 -0600] "GET /products/desk/ HTTP/1.1" 200 3327 "-" "Mozilla/5.0 (Macintosh; Intel Mac OS X 10.8; rv:23.0) Gecko/20100101 Firefox/23.0"
123.4.5.9 - - [03/Sep/2013:19:30:08 -0600] "GET /admin/ HTTP/1.1" 200 3327 "-" "Mozilla/5.0 (Macintosh; Intel Mac OS X 10.8; rv:23.0) Gecko/20100101 Firefox/23.0"
123.4.5.5 - - [03/Sep/2013:19:30:18 -0600] "GET /jobs/ HTTP/1.1" 200 3327 "-" "Mozilla/5.0 (Macintosh; Intel Mac OS X 10_8_4) AppleWebKit/537.36 (KHTML, like Gecko) Chrome/29.0.1547.65 Safari/537.36"
123.4.5.3 - - [03/Sep/2013:19:30:28 -0600] "GET /access/ HTTP/1.1" 500 821 "-" "Mozilla/5.0 (Macintosh; Intel Mac OS X 10_8_4) AppleWebKit/537.36 (KHTML, like Gecko) Chrome/29.0.1547.65 Safari/537.36"
123.4.5.4 - - [03/Sep/2013:19:30:38 -0600] "GET /access/ HTTP/1.1" 200 3327 "-" "Mozilla/5.0 (Macintosh; Intel Mac OS X 10_8_4) AppleWebKit/537.36 (KHTML, like Gecko) Chrome/29.0.1547.65 Safari/537.36"
123.4.5.8 - - [03/Sep/2013:19:30:48 -0600] "GET /access/ HTTP/1.1" 200 3327 "-" "Mozilla/5.0 (Macintosh; Intel Mac OS X 10_8_4) AppleWebKit/537.36 (KHTML, like Gecko) Chrome/29.0.1547.65 Safari/537.36"
123.4.5.3 - - [03/Sep/2013:19:30:58 -0600] "GET /admin/ HTTP/1.1" 200 3327 "-" "Mozilla/5.0 (Macintosh; Intel Mac OS X 10_8_4) AppleWebKit/537.36 (KHTML, like Gecko) Chrome/29.0.1547.65 Safari/537.36"
123.4.5.2 - - [03/Sep/2013:19:31:08 -0600] "GET /products/desk/ HTTP/1.1" 200 3327 "-" "Mozilla/5.0 (Macintosh; Intel Mac OS X 10_8_4) AppleWebKit/537.36 (KHTML, like Gecko) Chrome/29.0.1547.65 Safari/537.36"
123.4.5.4 - - [03/Sep/2013:19:31:18 -0600] "GET /products/ HTTP/1.1" 200 3327 "-" "Mozilla/5.0 (Macintosh; Intel Mac OS X 10.8; rv:23.0) Gecko/20100101 Firefox/23.0"
123.4.5.5 - - [03/Sep/2013:19:31:28 -0600] "GET /about/ HTTP/1.1" 200 3327 "-" "Mozilla/5.0 (Macintosh; Intel Mac OS X 10.8; rv:23.0) Gecko/20100101 Firefox/23.0"
123.4.5.1 - - [03/Sep/2013:19:31:38 -0600] "GET /jobs/ HTTP/1.1" 200 3327 "-" "Mozilla/5.0 (Macintosh; Intel Mac OS X 10_8_4) AppleWebKit/537.36 (KHTML, like Gecko) Chrome/29.0.1547.65 Safari/537.36"
123.4.5.4 - - [03/Sep/2013:19:31:48 -0600] "GET /products/ HTTP/1.1" 200 3327 "-" "Mozilla/5.0 (Macintosh; Intel Mac OS X 10.8; rv:23.0) Gecko/20100101 Firefox/23.0"
123.4.5.1 - - [03/Sep/2013:19:31:58 -0600] "GET /products/car/ HTTP/1.1" 200 3327 "-" "Mozilla/5.0 (Macintosh; Intel Mac OS X 10_8_4) AppleWebKit/537.36 (KHTML, like Gecko) Chrome/29.0.1547.65 Safari/537.36"
123.4.5.5 - - [03/Sep/2013:19:32:08 -0600] "GET /products/ HTTP/1.1" 200 3327 "-" "Mozilla/5.0 (Macintosh; Intel Mac OS X 10.8; rv:23.0) Gecko/20100101 Firefox/23.0"
123.4.5.2 - - [03/Sep/2013:19:32:18 -0600] "GET /jobs/ HTTP/1.1" 200 3327 "-" "Mozilla/5.0 (Macintosh; Intel Mac OS X 10.8; rv:23.0) Gecko/20100101 Firefox/23.0"
123.4.5.7 - - [03/Sep/2013:19:32:28 -0600] "GET /jobs/ HTTP/1.1" 500 821 "-" "Mozilla/5.0 (Macintosh; Intel Mac OS X 10_8_4) AppleWebKit/537.36 (KHTML, like Gecko) Chrome/29.0.1547.65 Safari/537.36"
123.4.5.2 - - [03/Sep/2013:19:32:38 -0600] "GET /products/desk/ HTTP/1.1" 200 3327 "-" "Mozilla/5.0 (Macintosh; Intel Mac OS X 10.8; rv:23.0) Gecko/20100101 Firefox/23.0"
123.4.5.8 - - [03/Sep/2013:19:32:48 -0600] "GET /products/desk/ HTTP/1.1" 200 3327 "-" "Mozilla/5.0 (Macintosh; Intel Mac OS X 10.8; rv:23.0) Gecko/20100101 Firefox/23.0"
123.4.5.4 - - [03/Sep/2013:19:32:58 -0600] "GET /jobs/ HTTP/1.1" 200 3327 "-" "Mozilla/5.0 (Macintosh; Intel Mac OS X 10_8_4) AppleWebKit/537.36 (KHTML, like Gecko) Chrome/29.0.1547.65 Safari/537.36"
123.4.5.5 - - [03/Sep/2013:19:33:08 -0600] "GET /team/ HTTP/1.1" 200 3327 "-" "Mozilla/5.0 (Macintosh; Intel Mac OS X 10.8; rv:23.0) Gecko/20100101 Firefox/23.0"
123.4.5.6 - - [03/Sep/2013:19:33:18 -0600] "GET /admin/ HTTP/1.1" 200 3327 "-" "Mozilla/5.0 (Macintosh; Intel Mac OS X 10_8_4) AppleWebKit/537.36 (KHTML, like Gecko) Chrome/29.0.1547.65 Safari/537.36"
123.4.5.1 - - [03/Sep/2013:19:33:28 -0600] "GET /products/desk/ HTTP/1.1" 200 3327 "-" "Mozilla/5.0 (Macintosh; Intel Mac OS X 10.8; rv:23.0) Gecko/20100101 Firefox/23.0"
123.4.5.6 - - [03/Sep/2013:19:33:38 -0600] "GET /about/ HTTP/1.1" 200 3327 "-" "Mozilla/5.0 (Macintosh; Intel Mac OS X 10.8; rv:23.0) Gecko/20100101 Firefox/23.0"
123.4.5.1 - - [03/Sep/2013:19:33:48 -0600] "GET /products/desk/ HTTP/1.1" 200 3327 "-" "Mozilla/5.0 (Macintosh; Intel Mac OS X 10.8; rv:23.0) Gecko/20100101 Firefox/23.0"
123.4.5.4 - - [03/Sep/2013:19:33:58 -0600] "GET /products/desk/ HTTP/1.1" 200 3327 "-" "Mozilla/5.0 (Macintosh; Intel Mac OS X 10.8; rv:23.0) Gecko/20100101 Firefox/23.0"
123.4.5.2 - - [03/Sep/2013:19:34:08 -0600] "GET /admin/ HTTP/1.1" 200 3327 "-" "Mozilla/5.0 (Macintosh; Intel Mac OS X 10.8; rv:23.0) Gecko/20100101 Firefox/23.0"
123.4.5.5 - - [03/Sep/2013:19:34:18 -0600] "GET /products/desk/ HTTP/1.1" 200 3327 "-" "Mozilla/5.0 (Macintosh; Intel Mac OS X 10_8_4) AppleWebKit/537.36 (KHTML, like Gecko) Chrome/29.0.1547.65 Safari/537.36"
123.4.5.9 - - [03/Sep/2013:19:34:28 -0600] "GET /team/ HTTP/1.1" 200 3327 "-" "Mozilla/5.0 (Macintosh; Intel Mac OS X 10_8_4) AppleWebKit/537.36 (KHTML, like Gecko) Chrome/29.0.1547.65 Safari/537.36"
123.4.5.3 - - [03/Sep/2013:19:34:38 -0600] "GET /team/ HTTP/1.1" 200 3327 "-" "Mozilla/5.0 (Macintosh; Intel Mac OS X 10.8; rv:23.0) Gecko/20100101 Firefox/23.0"
123.4.5.6 - - [03/Sep/2013:19:34:48 -0600] "GET /products/desk/ HTTP/1.1" 200 3327 "-" "Mozilla/5.0 (Macintosh; Intel Mac OS X 10.8; rv:23.0) Gecko/20100101 Firefox/23.0"
123.4.5.6 - - [03/Sep/2013:19:34:58 -0600] "GET /contact/ HTTP/1.1" 200 3327 "-" "Mozilla/5.0 (Macintosh; Intel Mac OS X 10_8_4) AppleWebKit/537.36 (KHTML, like Gecko) Chrome/29.0.1547.65 Safari/537.36"
123.4.5.3 - - [03/Sep/2013:19:35:08 -0600] "GET /products/car/ HTTP/1.1" 500 821 "-" "Mozilla/5.0 (Macintosh; Intel Mac OS X 10.8; rv:23.0) Gecko/20100101 Firefox/23.0"
123.4.5.8 - - [03/Sep/2013:19:35:18 -0600] "GET /products/phone/ HTTP/1.1" 500 821 "-" "Mozilla/5.0 (Macintosh; Intel Mac OS X 10_8_4) AppleWebKit/537.36 (KHTML, like Gecko) Chrome/29.0.1547.65 Safari/537.36"
123.4.5.5 - - [03/Sep/2013:19:35:28 -0600] "GET /team/ HTTP/1.1" 200 3327 "-" "Mozilla/5.0 (Macintosh; Intel Mac OS X 10.8; rv:23.0) Gecko/20100101 Firefox/23.0"
123.4.5.6 - - [03/Sep/2013:19:35:38 -0600] "GET /about/ HTTP/1.1" 500 821 "-" "Mozilla/5.0 (Macintosh; Intel Mac OS X 10.8; rv:23.0) Gecko/20100101 Firefox/23.0"
123.4.5.2 - - [03/Sep/2013:19:35:48 -0600] "GET /contact/ HTTP/1.1" 200 3327 "-" "Mozilla/5.0 (Macintosh; Intel Mac OS X 10.8; rv:23.0) Gecko/20100101 Firefox/23.0"
123.4.5.9 - - [03/Sep/2013:19:35:58 -0600] "GET /login/ HTTP/1.1" 200 3327 "-" "Mozilla/5.0 (Macintosh; Intel Mac OS X 10.8; rv:23.0) Gecko/20100101 Firefox/23.0"
123.4.5.6 - - [03/Sep/2013:19:36:08 -0600] "GET /team/ HTTP/1.1" 200 3327 "-" "Mozilla/5.0 (Macintosh; Intel Mac OS X 10.8; rv:23.0) Gecko/20100101 Firefox/23.0"
123.4.5.5 - - [03/Sep/2013:19:36:18 -0600] "GET /jobs/ HTTP/1.1" 200 3327 "-" "Mozilla/5.0 (Macintosh; Intel Mac OS X 10_8_4) AppleWebKit/537.36 (KHTML, like Gecko) Chrome/29.0.1547.65 Safari/537.36"
123.4.5.2 - - [03/Sep/2013:19:36:28 -0600] "GET /admin/ HTTP/1.1" 200 3327 "-" "Mozilla/5.0 (Macintosh; Intel Mac OS X 10.8; rv:23.0) Gecko/20100101 Firefox/23.0"
123.4.5.5 - - [03/Sep/2013:19:36:38 -0600] "GET /access/ HTTP/1.1" 200 3327 "-" "Mozilla/5.0 (Macintosh; Intel Mac OS X 10_8_4) AppleWebKit/537.36 (KHTML, like Gecko) Chrome/29.0.1547.65 Safari/537.36"
123.4.5.3 - - [03/Sep/2013:19:36:48 -0600] "GET /admin/ HTTP/1.1" 200 3327 "-" "Mozilla/5.0 (Macintosh; Intel Mac OS X 10.8; rv:23.0) Gecko/20100101 Firefox/23.0"
123.4.5.9 - - [03/Sep/2013:19:36:58 -0600] "GET /about/ HTTP/1.1" 200 3327 "-" "Mozilla/5.0 (Macintosh; Intel Mac OS X 10.8; rv:23.0) Gecko/20100101 Firefox/23.0"
123.4.5.3 - - [03/Sep/2013:19:37:08 -0600] "GET /contact/ HTTP/1.1" 200 3327 "-" "Mozilla/5.0 (Macintosh; Intel Mac OS X 10.8; rv:23.0) Gecko/20100101 Firefox/23.0"
123.4.5.1 - - [03/Sep/2013:19:37:18 -0600] "GET /products/ HTTP/1.1" 200 3327 "-" "Mozilla/5.0 (Macintosh; Intel Mac OS X 10_8_4) AppleWebKit/537.36 (KHTML, like Gecko) Chrome/29.0.1547.65 Safari/537.36"
123.4.5.8 - - [03/Sep/2013:19:37:28 -0600] "GET /admin/ HTTP/1.1" 200 3327 "-" "Mozilla/5.0 (Macintosh; Intel Mac OS X 10.8; rv:23.0) Gecko/20100101 Firefox/23.0"
123.4.5.5 - - [03/Sep/2013:19:37:38 -0600] "GET /admin/ HTTP/1.1" 200 3327 "-" "Mozilla/5.0 (Macintosh; Intel Mac OS X 10_8_4) AppleWebKit/537.36 (KHTML, like Gecko) Chrome/29.0.1547.65 Safari/537.36"
123.4.5.9 - - [03/Sep/2013:19:37:48 -0600] "GET /admin/ HTTP/1.1" 200 3327 "-" "Mozilla/5.0 (Macintosh; Intel Mac OS X 10_8_4) AppleWebKit/537.36 (KHTML, like Gecko) Chrome/29.0.1547.65 Safari/537.36"
123.4.5.6 - - [03/Sep/2013:19:37:58 -0600] "GET /about/ HTTP/1.1" 200 3327 "-" "Mozilla/5.0 (Macintosh; Intel Mac OS X 10_8_4) AppleWebKit/537.36 (KHTML, like Gecko) Chrome/29.0.1547.65 Safari/537.36"
123.4.5.4 - - [03/Sep/2013:19:38:08 -0600] "GET /jobs/ HTTP/1.1" 200 3327 "-" "Mozilla/5.0 (Macintosh; Intel Mac OS X 10_8_4) AppleWebKit/537.36 (KHTML, like Gecko) Chrome/29.0.1547.65 Safari/537.36"
123.4.5.6 - - [03/Sep/2013:19:38:18 -0600] "GET /contact/ HTTP/1.1" 200 3327 "-" "Mozilla/5.0 (Macintosh; Intel Mac OS X 10_8_4) AppleWebKit/537.36 (KHTML, like Gecko) Chrome/29.0.1547.65 Safari/537.36"
123.4.5.4 - - [03/Sep/2013:19:38:28 -0600] "GET /jobs/ HTTP/1.1" 200 3327 "-" "Mozilla/5.0 (Macintosh; Intel Mac OS X 10.8; rv:23.0) Gecko/20100101 Firefox/23.0"
123.4.5.7 - - [03/Sep/2013:19:38:38 -0600] "GET /products/car/ HTTP/1.1" 200 3327 "-" "Mozilla/5.0 (Macintosh; Intel Mac OS X 10_8_4) AppleWebKit/537.36 (KHTML, like Gecko) Chrome/29.0.1547.65 Safari/537.36"
123.4.5.1 - - [03/Sep/2013:19:38:48 -0600] "GET /login/ HTTP/1.1" 200 3327 "-" "Mozilla/5.0 (Macintosh; Intel Mac OS X 10.8; rv:23.0) Gecko/20100101 Firefox/23.0"
123.4.5.3 - - [03/Sep/2013:19:38:58 -0600] "GET /jobs/ HTTP/1.1" 200 3327 "-" "Mozilla/5.0 (Macintosh; Intel Mac OS X 10_8_4) AppleWebKit/537.36 (KHTML, like Gecko) Chrome/29.0.1547.65 Safari/537.36"
123.4.5.8 - - [03/Sep/2013:19:39:08 -0600] "GET /products/desk/ HTTP/1.1" 200 3327 "-" "Mozilla/5.0 (Macintosh; Intel Mac OS X 10_8_4) AppleWebKit/537.36 (KHTML, like Gecko) Chrome/29.0.1547.65 Safari/537.36"
123.4.5.8 - - [03/Sep/2013:19:39:18 -0600] "GET /about/ HTTP/1.1" 500 821 "-" "Mozilla/5.0 (Macintosh; Intel Mac OS X 10.8; rv:23.0) Gecko/20100101 Firefox/23.0"
123.4.5.6 - - [03/Sep/2013:19:39:28 -0600] "GET /products/desk/ HTTP/1.1" 200 3327 "-" "Mozilla/5.0 (Macintosh; Intel Mac OS X 10.8; rv:23.0) Gecko/20100101 Firefox/23.0"
123.4.5.9 - - [03/Sep/2013:19:39:38 -0600] "GET /products/ HTTP/1.1" 200 3327 "-" "Mozilla/5.0 (Macintosh; Intel Mac OS X 10_8_4) AppleWebKit/537.36 (KHTML, like Gecko) Chrome/29.0.1547.65 Safari/537.36"
123.4.5.7 - - [03/Sep/2013:19:39:48 -0600] "GET /jobs/ HTTP/1.1" 200 3327 "-" "Mozilla/5.0 (Macintosh; Intel Mac OS X 10_8_4) AppleWebKit/537.36 (KHTML, like Gecko) Chrome/29.0.1547.65 Safari/537.36"
123.4.5.4 - - [03/Sep/2013:19:39:58 -0600] "GET /team/ HTTP/1.1" 200 3327 "-" "Mozilla/5.0 (Macintosh; Intel Mac OS X 10.8; rv:23.0) Gecko/20100101 Firefox/23.0"
123.4.5.1 - - [03/Sep/2013:19:40:08 -0600] "GET /access/ HTTP/1.1" 200 3327 "-" "Mozilla/5.0 (Macintosh; Intel Mac OS X 10.8; rv:23.0) Gecko/20100101 Firefox/23.0"
123.4.5.3 - - [03/Sep/2013:19:40:18 -0600] "GET /access/ HTTP/1.1" 200 3327 "-" "Mozilla/5.0 (Macintosh; Intel Mac OS X 10.8; rv:23.0) Gecko/20100101 Firefox/23.0"
123.4.5.2 - - [03/Sep/2013:19:40:28 -0600] "GET /products/desk/ HTTP/1.1" 200 3327 "-" "Mozilla/5.0 (Macintosh; Intel Mac OS X 10_8_4) AppleWebKit/537.36 (KHTML, like Gecko) Chrome/29.0.1547.65 Safari/537.36"
123.4.5.1 - - [03/Sep/2013:19:40:38 -0600] "GET /login/ HTTP/1.1" 200 3327 "-" "Mozilla/5.0 (Macintosh; Intel Mac OS X 10.8; rv:23.0) Gecko/20100101 Firefox/23.0"
123.4.5.8 - - [03/Sep/2013:19:40:48 -0600] "GET /products/car/ HTTP/1.1" 200 3327 "-" "Mozilla/5.0 (Macintosh; Intel Mac OS X 10_8_4) AppleWebKit/537.36 (KHTML, like Gecko) Chrome/29.0.1547.65 Safari/537.36"
123.4.5.5 - - [03/Sep/2013:19:40:58 -0600] "GET /about/ HTTP/1.1" 200 3327 "-" "Mozilla/5.0 (Macintosh; Intel Mac OS X 10.8; rv:23.0) Gecko/20100101 Firefox/23.0"
123.4.5.4 - - [03/Sep/2013:19:41:08 -0600] "GET /products/phone/ HTTP/1.1" 500 821 "-" "Mozilla/5.0 (Macintosh; Intel Mac OS X 10_8_4) AppleWebKit/537.36 (KHTML, like Gecko) Chrome/29.0.1547.65 Safari/537.36"
123.4.5.7 - - [03/Sep/2013:19:41:18 -0600] "GET /admin/ HTTP/1.1" 200 3327 "-" "Mozilla/5.0 (Macintosh; Intel Mac OS X 10_8_4) AppleWebKit/537.36 (KHTML, like Gecko) Chrome/29.0.1547.65 Safari/537.36"
123.4.5.4 - - [03/Sep/2013:19:41:28 -0600] "GET /access/ HTTP/1.1" 200 3327 "-" "Mozilla/5.0 (Macintosh; Intel Mac OS X 10_8_4) AppleWebKit/537.36 (KHTML, like Gecko) Chrome/29.0.1547.65 Safari/537.36"
123.4.5.2 - - [03/Sep/2013:19:41:38 -0600] "GET /admin/ HTTP/1.1" 200 3327 "-" "Mozilla/5.0 (Macintosh; Intel Mac OS X 10_8_4) AppleWebKit/537.36 (KHTML, like Gecko) Chrome/29.0.1547.65 Safari/537.36"
123.4.5.9 - - [03/Sep/2013:19:41:48 -0600] "GET /team/ HTTP/1.1" 200 3327 "-" "Mozilla/5.0 (Macintosh; Intel Mac OS X 10_8_4) AppleWebKit/537.36 (KHTML, like Gecko) Chrome/29.0.1547.65 Safari/537.36"
123.4.5.3 - - [03/Sep/2013:19:41:58 -0600] "GET /about/ HTTP/1.1" 200 3327 "-" "Mozilla/5.0 (Macintosh; Intel Mac OS X 10.8; rv:23.0) Gecko/20100101 Firefox/23.0"
123.4.5.1 - - [03/Sep/2013:19:42:08 -0600] "GET /about/ HTTP/1.1" 200 3327 "-" "Mozilla/5.0 (Macintosh; Intel Mac OS X 10_8_4) AppleWebKit/537.36 (KHTML, like Gecko) Chrome/29.0.1547.65 Safari/537.36"
123.4.5.5 - - [03/Sep/2013:19:42:18 -0600] "GET /products/ HTTP/1.1" 200 3327 "-" "Mozilla/5.0 (Macintosh; Intel Mac OS X 10_8_4) AppleWebKit/537.36 (KHTML, like Gecko) Chrome/29.0.1547.65 Safari/537.36"
123.4.5.1 - - [03/Sep/2013:19:42:28 -0600] "GET /admin/ HTTP/1.1" 200 3327 "-" "Mozilla/5.0 (Macintosh; Intel Mac OS X 10.8; rv:23.0) Gecko/20100101 Firefox/23.0"
123.4.5.3 - - [03/Sep/2013:19:42:38 -0600] "GET /contact/ HTTP/1.1" 200 3327 "-" "Mozilla/5.0 (Macintosh; Intel Mac OS X 10_8_4) AppleWebKit/537.36 (KHTML, like Gecko) Chrome/29.0.1547.65 Safari/537.36"
123.4.5.3 - - [03/Sep/2013:19:42:48 -0600] "GET /login/ HTTP/1.1" 200 3327 "-" "Mozilla/5.0 (Macintosh; Intel Mac OS X 10_8_4) AppleWebKit/537.36 (KHTML, like Gecko) Chrome/29.0.1547.65 Safari/537.36"
123.4.5.1 - - [03/Sep/2013:19:42:58 -0600] "GET /jobs/ HTTP/1.1" 200 3327 "-" "Mozilla/5.0 (Macintosh; Intel Mac OS X 10_8_4) AppleWebKit/537.36 (KHTML, like Gecko) Chrome/29.0.1547.65 Safari/537.36"
123.4.5.4 - - [03/Sep/2013:19:43:08 -0600] "GET /products/ HTTP/1.1" 200 3327 "-" "Mozilla/5.0 (Macintosh; Intel Mac OS X 10_8_4) AppleWebKit/537.36 (KHTML, like Gecko) Chrome/29.0.1547.65 Safari/537.36"
123.4.5.3 - - [03/Sep/2013:19:43:18 -0600] "GET /admin/ HTTP/1.1" 200 3327 "-" "Mozilla/5.0 (Macintosh; Intel Mac OS X 10.8; rv:23.0) Gecko/20100101 Firefox/23.0"
123.4.5.7 - - [03/Sep/2013:19:43:28 -0600] "GET /admin/ HTTP/1.1" 200 3327 "-" "Mozilla/5.0 (Macintosh; Intel Mac OS X 10.8; rv:23.0) Gecko/20100101 Firefox/23.0"
123.4.5.9 - - [03/Sep/2013:19:43:38 -0600] "GET /login/ HTTP/1.1" 200 3327 "-" "Mozilla/5.0 (Macintosh; Intel Mac OS X 10_8_4) AppleWebKit/537.36 (KHTML, like Gecko) Chrome/29.0.1547.65 Safari/537.36"
123.4.5.1 - - [03/Sep/2013:19:43:48 -0600] "GET /jobs/ HTTP/1.1" 200 3327 "-" "Mozilla/5.0 (Macintosh; Intel Mac OS X 10_8_4) AppleWebKit/537.36 (KHTML, like Gecko) Chrome/29.0.1547.65 Safari/537.36"
123.4.5.7 - - [03/Sep/2013:19:43:58 -0600] "GET /about/ HTTP/1.1" 500 821 "-" "Mozilla/5.0 (Macintosh; Intel Mac OS X 10.8; rv:23.0) Gecko/20100101 Firefox/23.0"
123.4.5.7 - - [03/Sep/2013:19:44:08 -0600] "GET /team/ HTTP/1.1" 200 3327 "-" "Mozilla/5.0 (Macintosh; Intel Mac OS X 10.8; rv:23.0) Gecko/20100101 Firefox/23.0"
123.4.5.9 - - [03/Sep/2013:19:44:18 -0600] "GET /products/ HTTP/1.1" 200 3327 "-" "Mozilla/5.0 (Macintosh; Intel Mac OS X 10.8; rv:23.0) Gecko/20100101 Firefox/23.0"
123.4.5.9 - - [03/Sep/2013:19:44:28 -0600] "GET /products/car/ HTTP/1.1" 200 3327 "-" "Mozilla/5.0 (Macintosh; Intel Mac OS X 10.8; rv:23.0) Gecko/20100101 Firefox/23.0"
123.4.5.9 - - [03/Sep/2013:19:44:38 -0600] "GET /products/ HTTP/1.1" 200 3327 "-" "Mozilla/5.0 (Macintosh; Intel Mac OS X 10_8_4) AppleWebKit/537.36 (KHTML, like Gecko) Chrome/29.0.1547.65 Safari/537.36"
123.4.5.9 - - [03/Sep/2013:19:44:48 -0600] "GET /admin/ HTTP/1.1" 200 3327 "-" "Mozilla/5.0 (Macintosh; Intel Mac OS X 10.8; rv:23.0) Gecko/20100101 Firefox/23.0"
123.4.5.2 - - [03/Sep/2013:19:44:58 -0600] "GET /products/desk/ HTTP/1.1" 200 3327 "-" "Mozilla/5.0 (Macintosh; Intel Mac OS X 10.8; rv:23.0) Gecko/20100101 Firefox/23.0"
123.4.5.6 - - [03/Sep/2013:19:45:08 -0600] "GET /products/car/ HTTP/1.1" 200 3327 "-" "Mozilla/5.0 (Macintosh; Intel Mac OS X 10_8_4) AppleWebKit/537.36 (KHTML, like Gecko) Chrome/29.0.1547.65 Safari/537.36"
123.4.5.7 - - [03/Sep/2013:19:45:18 -0600] "GET /products/car/ HTTP/1.1" 200 3327 "-" "Mozilla/5.0 (Macintosh; Intel Mac OS X 10_8_4) AppleWebKit/537.36 (KHTML, like Gecko) Chrome/29.0.1547.65 Safari/537.36"
123.4.5.4 - - [03/Sep/2013:19:45:28 -0600] "GET /access/ HTTP/1.1" 200 3327 "-" "Mozilla/5.0 (Macintosh; Intel Mac OS X 10_8_4) AppleWebKit/537.36 (KHTML, like Gecko) Chrome/29.0.1547.65 Safari/537.36"
123.4.5.3 - - [03/Sep/2013:19:45:38 -0600] "GET /products/car/ HTTP/1.1" 200 3327 "-" "Mozilla/5.0 (Macintosh; Intel Mac OS X 10_8_4) AppleWebKit/537.36 (KHTML, like Gecko) Chrome/29.0.1547.65 Safari/537.36"
123.4.5.9 - - [03/Sep/2013:19:45:48 -0600] "GET /about/ HTTP/1.1" 200 3327 "-" "Mozilla/5.0 (Macintosh; Intel Mac OS X 10.8; rv:23.0) Gecko/20100101 Firefox/23.0"
123.4.5.8 - - [03/Sep/2013:19:45:58 -0600] "GET /products/phone/ HTTP/1.1" 200 3327 "-" "Mozilla/5.0 (Macintosh; Intel Mac OS X 10_8_4) AppleWebKit/537.36 (KHTML, like Gecko) Chrome/29.0.1547.65 Safari/537.36"
123.4.5.5 - - [03/Sep/2013:19:46:08 -0600] "GET /products/ HTTP/1.1" 200 3327 "-" "Mozilla/5.0 (Macintosh; Intel Mac OS X 10.8; rv:23.0) Gecko/20100101 Firefox/23.0"
123.4.5.9 - - [03/Sep/2013:19:46:18 -0600] "GET /login/ HTTP/1.1" 500 821 "-" "Mozilla/5.0 (Macintosh; Intel Mac OS X 10.8; rv:23.0) Gecko/20100101 Firefox/23.0"
123.4.5.6 - - [03/Sep/2013:19:46:28 -0600] "GET /products/car/ HTTP/1.1" 200 3327 "-" "Mozilla/5.0 (Macintosh; Intel Mac OS X 10.8; rv:23.0) Gecko/20100101 Firefox/23.0"
123.4.5.6 - - [03/Sep/2013:19:46:38 -0600] "GET /products/car/ HTTP/1.1" 200 3327 "-" "Mozilla/5.0 (Macintosh; Intel Mac OS X 10_8_4) AppleWebKit/537.36 (KHTML, like Gecko) Chrome/29.0.1547.65 Safari/537.36"
123.4.5.9 - - [03/Sep/2013:19:46:48 -0600] "GET /products/ HTTP/1.1" 200 3327 "-" "Mozilla/5.0 (Macintosh; Intel Mac OS X 10.8; rv:23.0) Gecko/20100101 Firefox/23.0"
123.4.5.1 - - [03/Sep/2013:19:46:58 -0600] "GET /contact/ HTTP/1.1" 200 3327 "-" "Mozilla/5.0 (Macintosh; Intel Mac OS X 10_8_4) AppleWebKit/537.36 (KHTML, like Gecko) Chrome/29.0.1547.65 Safari/537.36"
123.4.5.1 - - [03/Sep/2013:19:47:08 -0600] "GET /products/phone/ HTTP/1.1" 500 821 "-" "Mozilla/5.0 (Macintosh; Intel Mac OS X 10.8; rv:23.0) Gecko/20100101 Firefox/23.0"
123.4.5.7 - - [03/Sep/2013:19:47:18 -0600] "GET /access/ HTTP/1.1" 200 3327 "-" "Mozilla/5.0 (Macintosh; Intel Mac OS X 10.8; rv:23.0) Gecko/20100101 Firefox/23.0"
123.4.5.1 - - [03/Sep/2013:19:47:28 -0600] "GET /products/car/ HTTP/1.1" 500 821 "-" "Mozilla/5.0 (Macintosh; Intel Mac OS X 10.8; rv:23.0) Gecko/20100101 Firefox/23.0"
123.4.5.1 - - [03/Sep/2013:19:47:38 -0600] "GET /jobs/ HTTP/1.1" 200 3327 "-" "Mozilla/5.0 (Macintosh; Intel Mac OS X 10_8_4) AppleWebKit/537.36 (KHTML, like Gecko) Chrome/29.0.1547.65 Safari/537.36"
123.4.5.8 - - [03/Sep/2013:19:47:48 -0600] "GET /jobs/ HTTP/1.1" 200 3327 "-" "Mozilla/5.0 (Macintosh; Intel Mac OS X 10.8; rv:23.0) Gecko/20100101 Firefox/23.0"
123.4.5.5 - - [03/Sep/2013:19:47:58 -0600] "GET /access/ HTTP/1.1" 200 3327 "-" "Mozilla/5.0 (Macintosh; Intel Mac OS X 10.8; rv:23.0) Gecko/20100101 Firefox/23.0"
123.4.5.9 - - [03/Sep/2013:19:48:08 -0600] "GET /products/ HTTP/1.1" 200 3327 "-" "Mozilla/5.0 (Macintosh; Intel Mac OS X 10_8_4) AppleWebKit/537.36 (KHTML, like Gecko) Chrome/29.0.1547.65 Safari/537.36"
123.4.5.8 - - [03/Sep/2013:19:48:18 -0600] "GET /jobs/ HTTP/1.1" 200 3327 "-" "Mozilla/5.0 (Macintosh; Intel Mac OS X 10.8; rv:23.0) Gecko/20100101 Firefox/23.0"
123.4.5.3 - - [03/Sep/2013:19:48:28 -0600] "GET /contact/ HTTP/1.1" 200 3327 "-" "Mozilla/5.0 (Macintosh; Intel Mac OS X 10.8; rv:23.0) Gecko/20100101 Firefox/23.0"
123.4.5.9 - - [03/Sep/2013:19:48:38 -0600] "GET /products/phone/ HTTP/1.1" 200 3327 "-" "Mozilla/5.0 (Macintosh; Intel Mac OS X 10.8; rv:23.0) Gecko/20100101 Firefox/23.0"
123.4.5.1 - - [03/Sep/2013:19:48:48 -0600] "GET /about/ HTTP/1.1" 200 3327 "-" "Mozilla/5.0 (Macintosh; Intel Mac OS X 10.8; rv:23.0) Gecko/20100101 Firefox/23.0"
123.4.5.6 - - [03/Sep/2013:19:48:58 -0600] "GET /contact/ HTTP/1.1" 200 3327 "-" "Mozilla/5.0 (Macintosh; Intel Mac OS X 10_8_4) AppleWebKit/537.36 (KHTML, like Gecko) Chrome/29.0.1547.65 Safari/537.36"
123.4.5.6 - - [03/Sep/2013:19:49:08 -0600] "GET /login/ HTTP/1.1" 200 3327 "-" "Mozilla/5.0 (Macintosh; Intel Mac OS X 10.8; rv:23.0) Gecko/20100101 Firefox/23.0"
123.4.5.6 - - [03/Sep/2013:19:49:18 -0600] "GET /about/ HTTP/1.1" 200 3327 "-" "Mozilla/5.0 (Macintosh; Intel Mac OS X 10.8; rv:23.0) Gecko/20100101 Firefox/23.0"
123.4.5.2 - - [03/Sep/2013:19:49:28 -0600] "GET /admin/ HTTP/1.1" 500 821 "-" "Mozilla/5.0 (Macintosh; Intel Mac OS X 10_8_4) AppleWebKit/537.36 (KHTML, like Gecko) Chrome/29.0.1547.65 Safari/537.36"
123.4.5.1 - - [03/Sep/2013:19:49:38 -0600] "GET /contact/ HTTP/1.1" 200 3327 "-" "Mozilla/5.0 (Macintosh; Intel Mac OS X 10.8; rv:23.0) Gecko/20100101 Firefox/23.0"
123.4.5.1 - - [03/Sep/2013:19:49:48 -0600] "GET /about/ HTTP/1.1" 200 3327 "-" "Mozilla/5.0 (Macintosh; Intel Mac OS X 10_8_4) AppleWebKit/537.36 (KHTML, like Gecko) Chrome/29.0.1547.65 Safari/537.36"
123.4.5.7 - - [03/Sep/2013:19:49:58 -0600] "GET /products/ HTTP/1.1" 200 3327 "-" "Mozilla/5.0 (Macintosh; Intel Mac OS X 10.8; rv:23.0) Gecko/20100101 Firefox/23.0"
123.4.5.1 - - [03/Sep/2013:19:50:08 -0600] "GET /products/phone/ HTTP/1.1" 200 3327 "-" "Mozilla/5.0 (Macintosh; Intel Mac OS X 10_8_4) AppleWebKit/537.36 (KHTML, like Gecko) Chrome/29.0.1547.65 Safari/537.36"
123.4.5.2 - - [03/Sep/2013:19:50:18 -0600] "GET /login/ HTTP/1.1" 200 3327 "-" "Mozilla/5.0 (Macintosh; Intel Mac OS X 10_8_4) AppleWebKit/537.36 (KHTML, like Gecko) Chrome/29.0.1547.65 Safari/537.36"
123.4.5.6 - - [03/Sep/2013:19:50:28 -0600] "GET /products/ HTTP/1.1" 500 821 "-" "Mozilla/5.0 (Macintosh; Intel Mac OS X 10.8; rv:23.0) Gecko/20100101 Firefox/23.0"
123.4.5.3 - - [03/Sep/2013:19:50:38 -0600] "GET /products/ HTTP/1.1" 500 821 "-" "Mozilla/5.0 (Macintosh; Intel Mac OS X 10_8_4) AppleWebKit/537.36 (KHTML, like Gecko) Chrome/29.0.1547.65 Safari/537.36"
123.4.5.4 - - [03/Sep/2013:19:50:48 -0600] "GET /jobs/ HTTP/1.1" 200 3327 "-" "Mozilla/5.0 (Macintosh; Intel Mac OS X 10.8; rv:23.0) Gecko/20100101 Firefox/23.0"
123.4.5.3 - - [03/Sep/2013:19:50:58 -0600] "GET /login/ HTTP/1.1" 200 3327 "-" "Mozilla/5.0 (Macintosh; Intel Mac OS X 10.8; rv:23.0) Gecko/20100101 Firefox/23.0"
123.4.5.9 - - [03/Sep/2013:19:51:08 -0600] "GET /products/desk/ HTTP/1.1" 200 3327 "-" "Mozilla/5.0 (Macintosh; Intel Mac OS X 10.8; rv:23.0) Gecko/20100101 Firefox/23.0"
123.4.5.8 - - [03/Sep/2013:19:51:18 -0600] "GET /contact/ HTTP/1.1" 200 3327 "-" "Mozilla/5.0 (Macintosh; Intel Mac OS X 10_8_4) AppleWebKit/537.36 (KHTML, like Gecko) Chrome/29.0.1547.65 Safari/537.36"
123.4.5.1 - - [03/Sep/2013:19:51:28 -0600] "GET /jobs/ HTTP/1.1" 200 3327 "-" "Mozilla/5.0 (Macintosh; Intel Mac OS X 10_8_4) AppleWebKit/537.36 (KHTML, like Gecko) Chrome/29.0.1547.65 Safari/537.36"
123.4.5.9 - - [03/Sep/2013:19:51:38 -0600] "GET /login/ HTTP/1.1" 200 3327 "-" "Mozilla/5.0 (Macintosh; Intel Mac OS X 10.8; rv:23.0) Gecko/20100101 Firefox/23.0"
123.4.5.6 - - [03/Sep/2013:19:51:48 -0600] "GET /login/ HTTP/1.1" 200 3327 "-" "Mozilla/5.0 (Macintosh; Intel Mac OS X 10_8_4) AppleWebKit/537.36 (KHTML, like Gecko) Chrome/29.0.1547.65 Safari/537.36"
123.4.5.9 - - [03/Sep/2013:19:51:58 -0600] "GET /admin/ HTTP/1.1" 200 3327 "-" "Mozilla/5.0 (Macintosh; Intel Mac OS X 10_8_4) AppleWebKit/537.36 (KHTML, like Gecko) Chrome/29.0.1547.65 Safari/537.36"
123.4.5.5 - - [03/Sep/2013:19:52:08 -0600] "GET /access/ HTTP/1.1" 200 3327 "-" "Mozilla/5.0 (Macintosh; Intel Mac OS X 10.8; rv:23.0) Gecko/20100101 Firefox/23.0"
123.4.5.6 - - [03/Sep/2013:19:52:18 -0600] "GET /admin/ HTTP/1.1" 200 3327 "-" "Mozilla/5.0 (Macintosh; Intel Mac OS X 10_8_4) AppleWebKit/537.36 (KHTML, like Gecko) Chrome/29.0.1547.65 Safari/537.36"
123.4.5.5 - - [03/Sep/2013:19:52:28 -0600] "GET /admin/ HTTP/1.1" 200 3327 "-" "Mozilla/5.0 (Macintosh; Intel Mac OS X 10.8; rv:23.0) Gecko/20100101 Firefox/23.0"
123.4.5.5 - - [03/Sep/2013:19:52:38 -0600] "GET /login/ HTTP/1.1" 200 3327 "-" "Mozilla/5.0 (Macintosh; Intel Mac OS X 10_8_4) AppleWebKit/537.36 (KHTML, like Gecko) Chrome/29.0.1547.65 Safari/537.36"
123.4.5.4 - - [03/Sep/2013:19:52:48 -0600] "GET /jobs/ HTTP/1.1" 200 3327 "-" "Mozilla/5.0 (Macintosh; Intel Mac OS X 10.8; rv:23.0) Gecko/20100101 Firefox/23.0"
123.4.5.1 - - [03/Sep/2013:19:52:58 -0600] "GET /jobs/ HTTP/1.1" 200 3327 "-" "Mozilla/5.0 (Macintosh; Intel Mac OS X 10_8_4) AppleWebKit/537.36 (KHTML, like Gecko) Chrome/29.0.1547.65 Safari/537.36"
123.4.5.9 - - [03/Sep/2013:19:53:08 -0600] "GET /access/ HTTP/1.1" 200 3327 "-" "Mozilla/5.0 (Macintosh; Intel Mac OS X 10.8; rv:23.0) Gecko/20100101 Firefox/23.0"
123.4.5.2 - - [03/Sep/2013:19:53:18 -0600] "GET /contact/ HTTP/1.1" 500 821 "-" "Mozilla/5.0 (Macintosh; Intel Mac OS X 10_8_4) AppleWebKit/537.36 (KHTML, like Gecko) Chrome/29.0.1547.65 Safari/537.36"
123.4.5.9 - - [03/Sep/2013:19:53:28 -0600] "GET /jobs/ HTTP/1.1" 200 3327 "-" "Mozilla/5.0 (Macintosh; Intel Mac OS X 10.8; rv:23.0) Gecko/20100101 Firefox/23.0"
123.4.5.4 - - [03/Sep/2013:19:53:38 -0600] "GET /products/desk/ HTTP/1.1" 200 3327 "-" "Mozilla/5.0 (Macintosh; Intel Mac OS X 10.8; rv:23.0) Gecko/20100101 Firefox/23.0"
123.4.5.5 - - [03/Sep/2013:19:53:48 -0600] "GET /products/desk/ HTTP/1.1" 200 3327 "-" "Mozilla/5.0 (Macintosh; Intel Mac OS X 10_8_4) AppleWebKit/537.36 (KHTML, like Gecko) Chrome/29.0.1547.65 Safari/537.36"
123.4.5.3 - - [03/Sep/2013:19:53:58 -0600] "GET /jobs/ HTTP/1.1" 200 3327 "-" "Mozilla/5.0 (Macintosh; Intel Mac OS X 10.8; rv:23.0) Gecko/20100101 Firefox/23.0"
123.4.5.4 - - [03/Sep/2013:19:54:08 -0600] "GET /jobs/ HTTP/1.1" 200 3327 "-" "Mozilla/5.0 (Macintosh; Intel Mac OS X 10_8_4) AppleWebKit/537.36 (KHTML, like Gecko) Chrome/29.0.1547.65 Safari/537.36"
123.4.5.7 - - [03/Sep/2013:19:54:18 -0600] "GET /products/ HTTP/1.1" 200 3327 "-" "Mozilla/5.0 (Macintosh; Intel Mac OS X 10.8; rv:23.0) Gecko/20100101 Firefox/23.0"
123.4.5.5 - - [03/Sep/2013:19:54:28 -0600] "GET /about/ HTTP/1.1" 200 3327 "-" "Mozilla/5.0 (Macintosh; Intel Mac OS X 10_8_4) AppleWebKit/537.36 (KHTML, like Gecko) Chrome/29.0.1547.65 Safari/537.36"
123.4.5.9 - - [03/Sep/2013:19:54:38 -0600] "GET /contact/ HTTP/1.1" 200 3327 "-" "Mozilla/5.0 (Macintosh; Intel Mac OS X 10.8; rv:23.0) Gecko/20100101 Firefox/23.0"
123.4.5.1 - - [03/Sep/2013:19:54:48 -0600] "GET /access/ HTTP/1.1" 200 3327 "-" "Mozilla/5.0 (Macintosh; Intel Mac OS X 10_8_4) AppleWebKit/537.36 (KHTML, like Gecko) Chrome/29.0.1547.65 Safari/537.36"
123.4.5.8 - - [03/Sep/2013:19:54:58 -0600] "GET /products/car/ HTTP/1.1" 200 3327 "-" "Mozilla/5.0 (Macintosh; Intel Mac OS X 10_8_4) AppleWebKit/537.36 (KHTML, like Gecko) Chrome/29.0.1547.65 Safari/537.36"
123.4.5.8 - - [03/Sep/2013:19:55:08 -0600] "GET /team/ HTTP/1.1" 200 3327 "-" "Mozilla/5.0 (Macintosh; Intel Mac OS X 10.8; rv:23.0) Gecko/20100101 Firefox/23.0"
123.4.5.9 - - [03/Sep/2013:19:55:18 -0600] "GET /products/phone/ HTTP/1.1" 200 3327 "-" "Mozilla/5.0 (Macintosh; Intel Mac OS X 10.8; rv:23.0) Gecko/20100101 Firefox/23.0"
123.4.5.6 - - [03/Sep/2013:19:55:28 -0600] "GET /access/ HTTP/1.1" 200 3327 "-" "Mozilla/5.0 (Macintosh; Intel Mac OS X 10.8; rv:23.0) Gecko/20100101 Firefox/23.0"
123.4.5.1 - - [03/Sep/2013:19:55:38 -0600] "GET /access/ HTTP/1.1" 200 3327 "-" "Mozilla/5.0 (Macintosh; Intel Mac OS X 10_8_4) AppleWebKit/537.36 (KHTML, like Gecko) Chrome/29.0.1547.65 Safari/537.36"
123.4.5.3 - - [03/Sep/2013:19:55:48 -0600] "GET /admin/ HTTP/1.1" 200 3327 "-" "Mozilla/5.0 (Macintosh; Intel Mac OS X 10.8; rv:23.0) Gecko/20100101 Firefox/23.0"
123.4.5.2 - - [03/Sep/2013:19:55:58 -0600] "GET /access/ HTTP/1.1" 500 821 "-" "Mozilla/5.0 (Macintosh; Intel Mac OS X 10_8_4) AppleWebKit/537.36 (KHTML, like Gecko) Chrome/29.0.1547.65 Safari/537.36"
123.4.5.9 - - [03/Sep/2013:19:56:08 -0600] "GET /products/ HTTP/1.1" 200 3327 "-" "Mozilla/5.0 (Macintosh; Intel Mac OS X 10_8_4) AppleWebKit/537.36 (KHTML, like Gecko) Chrome/29.0.1547.65 Safari/537.36"
123.4.5.8 - - [03/Sep/2013:19:56:18 -0600] "GET /products/phone/ HTTP/1.1" 200 3327 "-" "Mozilla/5.0 (Macintosh; Intel Mac OS X 10_8_4) AppleWebKit/537.36 (KHTML, like Gecko) Chrome/29.0.1547.65 Safari/537.36"
123.4.5.6 - - [03/Sep/2013:19:56:28 -0600] "GET /products/car/ HTTP/1.1" 200 3327 "-" "Mozilla/5.0 (Macintosh; Intel Mac OS X 10_8_4) AppleWebKit/537.36 (KHTML, like Gecko) Chrome/29.0.1547.65 Safari/537.36"
123.4.5.6 - - [03/Sep/2013:19:56:38 -0600] "GET /about/ HTTP/1.1" 200 3327 "-" "Mozilla/5.0 (Macintosh; Intel Mac OS X 10_8_4) AppleWebKit/537.36 (KHTML, like Gecko) Chrome/29.0.1547.65 Safari/537.36"
123.4.5.7 - - [03/Sep/2013:19:56:48 -0600] "GET /products/car/ HTTP/1.1" 200 3327 "-" "Mozilla/5.0 (Macintosh; Intel Mac OS X 10.8; rv:23.0) Gecko/20100101 Firefox/23.0"
123.4.5.3 - - [03/Sep/2013:19:56:58 -0600] "GET /contact/ HTTP/1.1" 200 3327 "-" "Mozilla/5.0 (Macintosh; Intel Mac OS X 10_8_4) AppleWebKit/537.36 (KHTML, like Gecko) Chrome/29.0.1547.65 Safari/537.36"
123.4.5.9 - - [03/Sep/2013:19:57:08 -0600] "GET /about/ HTTP/1.1" 200 3327 "-" "Mozilla/5.0 (Macintosh; Intel Mac OS X 10.8; rv:23.0) Gecko/20100101 Firefox/23.0"
123.4.5.6 - - [03/Sep/2013:19:57:18 -0600] "GET /products/ HTTP/1.1" 200 3327 "-" "Mozilla/5.0 (Macintosh; Intel Mac OS X 10_8_4) AppleWebKit/537.36 (KHTML, like Gecko) Chrome/29.0.1547.65 Safari/537.36"
123.4.5.7 - - [03/Sep/2013:19:57:28 -0600] "GET /jobs/ HTTP/1.1" 200 3327 "-" "Mozilla/5.0 (Macintosh; Intel Mac OS X 10.8; rv:23.0) Gecko/20100101 Firefox/23.0"
123.4.5.9 - - [03/Sep/2013:19:57:38 -0600] "GET /products/phone/ HTTP/1.1" 200 3327 "-" "Mozilla/5.0 (Macintosh; Intel Mac OS X 10.8; rv:23.0) Gecko/20100101 Firefox/23.0"
123.4.5.1 - - [03/Sep/2013:19:57:48 -0600] "GET /access/ HTTP/1.1" 200 3327 "-" "Mozilla/5.0 (Macintosh; Intel Mac OS X 10.8; rv:23.0) Gecko/20100101 Firefox/23.0"
123.4.5.1 - - [03/Sep/2013:19:57:58 -0600] "GET /products/desk/ HTTP/1.1" 500 821 "-" "Mozilla/5.0 (Macintosh; Intel Mac OS X 10_8_4) AppleWebKit/537.36 (KHTML, like Gecko) Chrome/29.0.1547.65 Safari/537.36"
123.4.5.7 - - [03/Sep/2013:19:58:08 -0600] "GET /contact/ HTTP/1.1" 200 3327 "-" "Mozilla/5.0 (Macintosh; Intel Mac OS X 10.8; rv:23.0) Gecko/20100101 Firefox/23.0"
123.4.5.2 - - [03/Sep/2013:19:58:18 -0600] "GET /admin/ HTTP/1.1" 200 3327 "-" "Mozilla/5.0 (Macintosh; Intel Mac OS X 10.8; rv:23.0) Gecko/20100101 Firefox/23.0"
123.4.5.2 - - [03/Sep/2013:19:58:28 -0600] "GET /products/car/ HTTP/1.1" 200 3327 "-" "Mozilla/5.0 (Macintosh; Intel Mac OS X 10_8_4) AppleWebKit/537.36 (KHTML, like Gecko) Chrome/29.0.1547.65 Safari/537.36"
123.4.5.3 - - [03/Sep/2013:19:58:38 -0600] "GET /products/desk/ HTTP/1.1" 200 3327 "-" "Mozilla/5.0 (Macintosh; Intel Mac OS X 10.8; rv:23.0) Gecko/20100101 Firefox/23.0"
123.4.5.1 - - [03/Sep/2013:19:58:48 -0600] "GET /jobs/ HTTP/1.1" 200 3327 "-" "Mozilla/5.0 (Macintosh; Intel Mac OS X 10.8; rv:23.0) Gecko/20100101 Firefox/23.0"
123.4.5.4 - - [03/Sep/2013:19:58:58 -0600] "GET /products/ HTTP/1.1" 200 3327 "-" "Mozilla/5.0 (Macintosh; Intel Mac OS X 10.8; rv:23.0) Gecko/20100101 Firefox/23.0"
123.4.5.7 - - [03/Sep/2013:19:59:08 -0600] "GET /products/car/ HTTP/1.1" 200 3327 "-" "Mozilla/5.0 (Macintosh; Intel Mac OS X 10.8; rv:23.0) Gecko/20100101 Firefox/23.0"
123.4.5.7 - - [03/Sep/2013:19:59:18 -0600] "GET /contact/ HTTP/1.1" 200 3327 "-" "Mozilla/5.0 (Macintosh; Intel Mac OS X 10_8_4) AppleWebKit/537.36 (KHTML, like Gecko) Chrome/29.0.1547.65 Safari/537.36"
123.4.5.2 - - [03/Sep/2013:19:59:28 -0600] "GET /team/ HTTP/1.1" 200 3327 "-" "Mozilla/5.0 (Macintosh; Intel Mac OS X 10.8; rv:23.0) Gecko/20100101 Firefox/23.0"
123.4.5.5 - - [03/Sep/2013:19:59:38 -0600] "GET /access/ HTTP/1.1" 200 3327 "-" "Mozilla/5.0 (Macintosh; Intel Mac OS X 10.8; rv:23.0) Gecko/20100101 Firefox/23.0"
123.4.5.9 - - [03/Sep/2013:19:59:48 -0600] "GET /products/desk/ HTTP/1.1" 200 3327 "-" "Mozilla/5.0 (Macintosh; Intel Mac OS X 10_8_4) AppleWebKit/537.36 (KHTML, like Gecko) Chrome/29.0.1547.65 Safari/537.36"
123.4.5.2 - - [03/Sep/2013:19:59:58 -0600] "GET /products/car/ HTTP/1.1" 200 3327 "-" "Mozilla/5.0 (Macintosh; Intel Mac OS X 10.8; rv:23.0) Gecko/20100101 Firefox/23.0"
123.4.5.5 - - [03/Sep/2013:20:00:08 -0600] "GET /team/ HTTP/1.1" 200 3327 "-" "Mozilla/5.0 (Macintosh; Intel Mac OS X 10_8_4) AppleWebKit/537.36 (KHTML, like Gecko) Chrome/29.0.1547.65 Safari/537.36"
123.4.5.5 - - [03/Sep/2013:20:00:18 -0600] "GET /contact/ HTTP/1.1" 200 3327 "-" "Mozilla/5.0 (Macintosh; Intel Mac OS X 10.8; rv:23.0) Gecko/20100101 Firefox/23.0"
123.4.5.4 - - [03/Sep/2013:20:00:28 -0600] "GET /team/ HTTP/1.1" 200 3327 "-" "Mozilla/5.0 (Macintosh; Intel Mac OS X 10.8; rv:23.0) Gecko/20100101 Firefox/23.0"
123.4.5.3 - - [03/Sep/2013:20:00:38 -0600] "GET /access/ HTTP/1.1" 200 3327 "-" "Mozilla/5.0 (Macintosh; Intel Mac OS X 10.8; rv:23.0) Gecko/20100101 Firefox/23.0"
123.4.5.9 - - [03/Sep/2013:20:00:48 -0600] "GET /contact/ HTTP/1.1" 200 3327 "-" "Mozilla/5.0 (Macintosh; Intel Mac OS X 10.8; rv:23.0) Gecko/20100101 Firefox/23.0"
123.4.5.3 - - [03/Sep/2013:20:00:58 -0600] "GET /about/ HTTP/1.1" 200 3327 "-" "Mozilla/5.0 (Macintosh; Intel Mac OS X 10_8_4) AppleWebKit/537.36 (KHTML, like Gecko) Chrome/29.0.1547.65 Safari/537.36"
123.4.5.6 - - [03/Sep/2013:20:01:08 -0600] "GET /team/ HTTP/1.1" 200 3327 "-" "Mozilla/5.0 (Macintosh; Intel Mac OS X 10_8_4) AppleWebKit/537.36 (KHTML, like Gecko) Chrome/29.0.1547.65 Safari/537.36"
123.4.5.6 - - [03/Sep/2013:20:01:18 -0600] "GET /products/ HTTP/1.1" 200 3327 "-" "Mozilla/5.0 (Macintosh; Intel Mac OS X 10.8; rv:23.0) Gecko/20100101 Firefox/23.0"
123.4.5.8 - - [03/Sep/2013:20:01:28 -0600] "GET /login/ HTTP/1.1" 200 3327 "-" "Mozilla/5.0 (Macintosh; Intel Mac OS X 10_8_4) AppleWebKit/537.36 (KHTML, like Gecko) Chrome/29.0.1547.65 Safari/537.36"
123.4.5.9 - - [03/Sep/2013:20:01:38 -0600] "GET /access/ HTTP/1.1" 200 3327 "-" "Mozilla/5.0 (Macintosh; Intel Mac OS X 10.8; rv:23.0) Gecko/20100101 Firefox/23.0"
123.4.5.2 - - [03/Sep/2013:20:01:48 -0600] "GET /login/ HTTP/1.1" 200 3327 "-" "Mozilla/5.0 (Macintosh; Intel Mac OS X 10.8; rv:23.0) Gecko/20100101 Firefox/23.0"
123.4.5.4 - - [03/Sep/2013:20:01:58 -0600] "GET /products/ HTTP/1.1" 200 3327 "-" "Mozilla/5.0 (Macintosh; Intel Mac OS X 10.8; rv:23.0) Gecko/20100101 Firefox/23.0"
123.4.5.7 - - [03/Sep/2013:20:02:08 -0600] "GET /contact/ HTTP/1.1" 200 3327 "-" "Mozilla/5.0 (Macintosh; Intel Mac OS X 10_8_4) AppleWebKit/537.36 (KHTML, like Gecko) Chrome/29.0.1547.65 Safari/537.36"
123.4.5.8 - - [03/Sep/2013:20:02:18 -0600] "GET /admin/ HTTP/1.1" 200 3327 "-" "Mozilla/5.0 (Macintosh; Intel Mac OS X 10_8_4) AppleWebKit/537.36 (KHTML, like Gecko) Chrome/29.0.1547.65 Safari/537.36"
123.4.5.1 - - [03/Sep/2013:20:02:28 -0600] "GET /about/ HTTP/1.1" 200 3327 "-" "Mozilla/5.0 (Macintosh; Intel Mac OS X 10_8_4) AppleWebKit/537.36 (KHTML, like Gecko) Chrome/29.0.1547.65 Safari/537.36"
123.4.5.3 - - [03/Sep/2013:20:02:38 -0600] "GET /products/ HTTP/1.1" 200 3327 "-" "Mozilla/5.0 (Macintosh; Intel Mac OS X 10_8_4) AppleWebKit/537.36 (KHTML, like Gecko) Chrome/29.0.1547.65 Safari/537.36"
123.4.5.4 - - [03/Sep/2013:20:02:48 -0600] "GET /admin/ HTTP/1.1" 200 3327 "-" "Mozilla/5.0 (Macintosh; Intel Mac OS X 10_8_4) AppleWebKit/537.36 (KHTML, like Gecko) Chrome/29.0.1547.65 Safari/537.36"
123.4.5.5 - - [03/Sep/2013:20:02:58 -0600] "GET /login/ HTTP/1.1" 200 3327 "-" "Mozilla/5.0 (Macintosh; Intel Mac OS X 10.8; rv:23.0) Gecko/20100101 Firefox/23.0"
123.4.5.6 - - [03/Sep/2013:20:03:08 -0600] "GET /about/ HTTP/1.1" 200 3327 "-" "Mozilla/5.0 (Macintosh; Intel Mac OS X 10_8_4) AppleWebKit/537.36 (KHTML, like Gecko) Chrome/29.0.1547.65 Safari/537.36"
123.4.5.5 - - [03/Sep/2013:20:03:18 -0600] "GET /jobs/ HTTP/1.1" 500 821 "-" "Mozilla/5.0 (Macintosh; Intel Mac OS X 10_8_4) AppleWebKit/537.36 (KHTML, like Gecko) Chrome/29.0.1547.65 Safari/537.36"
123.4.5.1 - - [03/Sep/2013:20:03:28 -0600] "GET /products/car/ HTTP/1.1" 200 3327 "-" "Mozilla/5.0 (Macintosh; Intel Mac OS X 10_8_4) AppleWebKit/537.36 (KHTML, like Gecko) Chrome/29.0.1547.65 Safari/537.36"
123.4.5.5 - - [03/Sep/2013:20:03:38 -0600] "GET /contact/ HTTP/1.1" 200 3327 "-" "Mozilla/5.0 (Macintosh; Intel Mac OS X 10.8; rv:23.0) Gecko/20100101 Firefox/23.0"
123.4.5.9 - - [03/Sep/2013:20:03:48 -0600] "GET /products/car/ HTTP/1.1" 200 3327 "-" "Mozilla/5.0 (Macintosh; Intel Mac OS X 10.8; rv:23.0) Gecko/20100101 Firefox/23.0"
123.4.5.4 - - [03/Sep/2013:20:03:58 -0600] "GET /products/ HTTP/1.1" 200 3327 "-" "Mozilla/5.0 (Macintosh; Intel Mac OS X 10_8_4) AppleWebKit/537.36 (KHTML, like Gecko) Chrome/29.0.1547.65 Safari/537.36"
123.4.5.4 - - [03/Sep/2013:20:04:08 -0600] "GET /access/ HTTP/1.1" 200 3327 "-" "Mozilla/5.0 (Macintosh; Intel Mac OS X 10_8_4) AppleWebKit/537.36 (KHTML, like Gecko) Chrome/29.0.1547.65 Safari/537.36"
123.4.5.7 - - [03/Sep/2013:20:04:18 -0600] "GET /products/car/ HTTP/1.1" 200 3327 "-" "Mozilla/5.0 (Macintosh; Intel Mac OS X 10_8_4) AppleWebKit/537.36 (KHTML, like Gecko) Chrome/29.0.1547.65 Safari/537.36"
123.4.5.8 - - [03/Sep/2013:20:04:28 -0600] "GET /about/ HTTP/1.1" 200 3327 "-" "Mozilla/5.0 (Macintosh; Intel Mac OS X 10.8; rv:23.0) Gecko/20100101 Firefox/23.0"
123.4.5.5 - - [03/Sep/2013:20:04:38 -0600] "GET /jobs/ HTTP/1.1" 200 3327 "-" "Mozilla/5.0 (Macintosh; Intel Mac OS X 10_8_4) AppleWebKit/537.36 (KHTML, like Gecko) Chrome/29.0.1547.65 Safari/537.36"
123.4.5.3 - - [03/Sep/2013:20:04:48 -0600] "GET /products/phone/ HTTP/1.1" 200 3327 "-" "Mozilla/5.0 (Macintosh; Intel Mac OS X 10.8; rv:23.0) Gecko/20100101 Firefox/23.0"
123.4.5.1 - - [03/Sep/2013:20:04:58 -0600] "GET /about/ HTTP/1.1" 200 3327 "-" "Mozilla/5.0 (Macintosh; Intel Mac OS X 10_8_4) AppleWebKit/537.36 (KHTML, like Gecko) Chrome/29.0.1547.65 Safari/537.36"
